Archive member included to satisfy reference by file (symbol)

c:/st/stm32cubeide_1.12.0/stm32cubeide/plugins/com.st.stm32cube.ide.mcu.externaltools.gnu-tools-for-stm32.10.3-2021.10.win32_1.0.200.202301161003/tools/bin/../lib/gcc/arm-none-eabi/10.3.1/../../../../arm-none-eabi/lib/thumb/v7e-m/nofp\libc_nano.a(lib_a-exit.o)
                              c:/st/stm32cubeide_1.12.0/stm32cubeide/plugins/com.st.stm32cube.ide.mcu.externaltools.gnu-tools-for-stm32.10.3-2021.10.win32_1.0.200.202301161003/tools/bin/../lib/gcc/arm-none-eabi/10.3.1/../../../../arm-none-eabi/lib/thumb/v7e-m/nofp/crt0.o (exit)
c:/st/stm32cubeide_1.12.0/stm32cubeide/plugins/com.st.stm32cube.ide.mcu.externaltools.gnu-tools-for-stm32.10.3-2021.10.win32_1.0.200.202301161003/tools/bin/../lib/gcc/arm-none-eabi/10.3.1/../../../../arm-none-eabi/lib/thumb/v7e-m/nofp\libc_nano.a(lib_a-impure.o)
                              c:/st/stm32cubeide_1.12.0/stm32cubeide/plugins/com.st.stm32cube.ide.mcu.externaltools.gnu-tools-for-stm32.10.3-2021.10.win32_1.0.200.202301161003/tools/bin/../lib/gcc/arm-none-eabi/10.3.1/../../../../arm-none-eabi/lib/thumb/v7e-m/nofp\libc_nano.a(lib_a-exit.o) (_global_impure_ptr)
c:/st/stm32cubeide_1.12.0/stm32cubeide/plugins/com.st.stm32cube.ide.mcu.externaltools.gnu-tools-for-stm32.10.3-2021.10.win32_1.0.200.202301161003/tools/bin/../lib/gcc/arm-none-eabi/10.3.1/../../../../arm-none-eabi/lib/thumb/v7e-m/nofp\libc_nano.a(lib_a-init.o)
                              c:/st/stm32cubeide_1.12.0/stm32cubeide/plugins/com.st.stm32cube.ide.mcu.externaltools.gnu-tools-for-stm32.10.3-2021.10.win32_1.0.200.202301161003/tools/bin/../lib/gcc/arm-none-eabi/10.3.1/../../../../arm-none-eabi/lib/thumb/v7e-m/nofp/crt0.o (__libc_init_array)
c:/st/stm32cubeide_1.12.0/stm32cubeide/plugins/com.st.stm32cube.ide.mcu.externaltools.gnu-tools-for-stm32.10.3-2021.10.win32_1.0.200.202301161003/tools/bin/../lib/gcc/arm-none-eabi/10.3.1/../../../../arm-none-eabi/lib/thumb/v7e-m/nofp\libc_nano.a(lib_a-memcpy-stub.o)
                              ./Core/Src/gnss.o (memcpy)
c:/st/stm32cubeide_1.12.0/stm32cubeide/plugins/com.st.stm32cube.ide.mcu.externaltools.gnu-tools-for-stm32.10.3-2021.10.win32_1.0.200.202301161003/tools/bin/../lib/gcc/arm-none-eabi/10.3.1/../../../../arm-none-eabi/lib/thumb/v7e-m/nofp\libc_nano.a(lib_a-memset.o)
                              c:/st/stm32cubeide_1.12.0/stm32cubeide/plugins/com.st.stm32cube.ide.mcu.externaltools.gnu-tools-for-stm32.10.3-2021.10.win32_1.0.200.202301161003/tools/bin/../lib/gcc/arm-none-eabi/10.3.1/../../../../arm-none-eabi/lib/thumb/v7e-m/nofp/crt0.o (memset)
c:/st/stm32cubeide_1.12.0/stm32cubeide/plugins/com.st.stm32cube.ide.mcu.externaltools.gnu-tools-for-stm32.10.3-2021.10.win32_1.0.200.202301161003/tools/bin/../lib/gcc/arm-none-eabi/10.3.1/../../../../arm-none-eabi/lib/thumb/v7e-m/nofp\libc_nano.a(lib_a-rand.o)
                              ./Core/Src/e77radio.o (srand)
c:/st/stm32cubeide_1.12.0/stm32cubeide/plugins/com.st.stm32cube.ide.mcu.externaltools.gnu-tools-for-stm32.10.3-2021.10.win32_1.0.200.202301161003/tools/bin/../lib/gcc/arm-none-eabi/10.3.1/../../../../arm-none-eabi/lib/thumb/v7e-m/nofp\libc_nano.a(lib_a-sprintf.o)
                              ./Core/Src/e77radio.o (sprintf)
c:/st/stm32cubeide_1.12.0/stm32cubeide/plugins/com.st.stm32cube.ide.mcu.externaltools.gnu-tools-for-stm32.10.3-2021.10.win32_1.0.200.202301161003/tools/bin/../lib/gcc/arm-none-eabi/10.3.1/../../../../arm-none-eabi/lib/thumb/v7e-m/nofp\libc_nano.a(lib_a-strcpy.o)
                              ./Core/Src/gnss.o (strcpy)
c:/st/stm32cubeide_1.12.0/stm32cubeide/plugins/com.st.stm32cube.ide.mcu.externaltools.gnu-tools-for-stm32.10.3-2021.10.win32_1.0.200.202301161003/tools/bin/../lib/gcc/arm-none-eabi/10.3.1/../../../../arm-none-eabi/lib/thumb/v7e-m/nofp\libc_nano.a(lib_a-strlen.o)
                              ./Core/Src/fonts.o (strlen)
c:/st/stm32cubeide_1.12.0/stm32cubeide/plugins/com.st.stm32cube.ide.mcu.externaltools.gnu-tools-for-stm32.10.3-2021.10.win32_1.0.200.202301161003/tools/bin/../lib/gcc/arm-none-eabi/10.3.1/../../../../arm-none-eabi/lib/thumb/v7e-m/nofp\libc_nano.a(lib_a-assert.o)
                              c:/st/stm32cubeide_1.12.0/stm32cubeide/plugins/com.st.stm32cube.ide.mcu.externaltools.gnu-tools-for-stm32.10.3-2021.10.win32_1.0.200.202301161003/tools/bin/../lib/gcc/arm-none-eabi/10.3.1/../../../../arm-none-eabi/lib/thumb/v7e-m/nofp\libc_nano.a(lib_a-rand.o) (__assert_func)
c:/st/stm32cubeide_1.12.0/stm32cubeide/plugins/com.st.stm32cube.ide.mcu.externaltools.gnu-tools-for-stm32.10.3-2021.10.win32_1.0.200.202301161003/tools/bin/../lib/gcc/arm-none-eabi/10.3.1/../../../../arm-none-eabi/lib/thumb/v7e-m/nofp\libc_nano.a(lib_a-fprintf.o)
[...]
Memory Configuration

Name             Origin             Length             Attributes
RAM              0x0000000020000000 0x0000000000010000 xrw
RAM2             0x0000000010000000 0x0000000000008000 xrw
FLASH            0x0000000008000000 0x0000000000040000 xr
*default*        0x0000000000000000 0xffffffffffffffff

Linker script and memory map

LOAD c:/st/stm32cubeide_1.12.0/stm32cubeide/plugins/com.st.stm32cube.ide.mcu.externaltools.gnu-tools-for-stm32.10.3-2021.10.win32_1.0.200.202301161003/tools/bin/../lib/gcc/arm-none-eabi/10.3.1/thumb/v7e-m/nofp/crti.o
LOAD c:/st/stm32cubeide_1.12.0/stm32cubeide/plugins/com.st.stm32cube.ide.mcu.externaltools.gnu-tools-for-stm32.10.3-2021.10.win32_1.0.200.202301161003/tools/bin/../lib/gcc/arm-none-eabi/10.3.1/thumb/v7e-m/nofp/crtbegin.o
LOAD c:/st/stm32cubeide_1.12.0/stm32cubeide/plugins/com.st.stm32cube.ide.mcu.externaltools.gnu-tools-for-stm32.10.3-2021.10.win32_1.0.200.202301161003/tools/bin/../lib/gcc/arm-none-eabi/10.3.1/../../../../arm-none-eabi/lib/thumb/v7e-m/nofp/crt0.o
LOAD ./Core/Src/adc.o
LOAD ./Core/Src/buttons.o
LOAD ./Core/Src/dma.o
LOAD ./Core/Src/e77radio.o
LOAD ./Core/Src/eeprom.o
LOAD ./Core/Src/exti_it.o
LOAD ./Core/Src/fonts.o
LOAD ./Core/Src/gnss.o
LOAD ./Core/Src/gpio.o
LOAD ./Core/Src/iwdg.o
LOAD ./Core/Src/lcd_display.o
LOAD ./Core/Src/lrns.o
LOAD ./Core/Src/main.o
LOAD ./Core/Src/menu.o
LOAD ./Core/Src/rtc.o
LOAD ./Core/Src/settings.o
LOAD ./Core/Src/spi.o
LOAD ./Core/Src/stm32wlxx_hal_msp.o
LOAD ./Core/Src/stm32wlxx_it.o
LOAD ./Core/Src/subghz.o
LOAD ./Core/Src/system_stm32wlxx.o
LOAD ./Core/Src/tim.o
LOAD ./Core/Src/timer_if.o
LOAD ./Core/Src/timer_it.o
LOAD ./Core/Src/uart_it.o
LOAD ./Core/Src/usart.o
LOAD ./Core/Startup/startup_stm32wle5jcix.o
LOAD ./Drivers/BSP/STM32WLxx_Nucleo/stm32wlxx_nucleo_radio.o
LOAD ./Drivers/Radio/radio.o
LOAD ./Drivers/Radio/radio_driver.o
LOAD ./Drivers/Radio/stm32_timer.o
LOAD ./Drivers/STM32WLxx_HAL_Driver/Src/stm32wlxx_hal.o
LOAD ./Drivers/STM32WLxx_HAL_Driver/Src/stm32wlxx_hal_adc.o
LOAD ./Drivers/STM32WLxx_HAL_Driver/Src/stm32wlxx_hal_adc_ex.o
LOAD ./Drivers/STM32WLxx_HAL_Driver/Src/stm32wlxx_hal_cortex.o
LOAD ./Drivers/STM32WLxx_HAL_Driver/Src/stm32wlxx_hal_dma.o
LOAD ./Drivers/STM32WLxx_HAL_Driver/Src/stm32wlxx_hal_dma_ex.o
LOAD ./Drivers/STM32WLxx_HAL_Driver/Src/stm32wlxx_hal_exti.o
LOAD ./Drivers/STM32WLxx_HAL_Driver/Src/stm32wlxx_hal_flash.o
LOAD ./Drivers/STM32WLxx_HAL_Driver/Src/stm32wlxx_hal_flash_ex.o
LOAD ./Drivers/STM32WLxx_HAL_Driver/Src/stm32wlxx_hal_gpio.o
LOAD ./Drivers/STM32WLxx_HAL_Driver/Src/stm32wlxx_hal_iwdg.o
LOAD ./Drivers/STM32WLxx_HAL_Driver/Src/stm32wlxx_hal_pwr.o
LOAD ./Drivers/STM32WLxx_HAL_Driver/Src/stm32wlxx_hal_pwr_ex.o
LOAD ./Drivers/STM32WLxx_HAL_Driver/Src/stm32wlxx_hal_rcc.o
LOAD ./Drivers/STM32WLxx_HAL_Driver/Src/stm32wlxx_hal_rcc_ex.o
LOAD ./Drivers/STM32WLxx_HAL_Driver/Src/stm32wlxx_hal_rtc.o
LOAD ./Drivers/STM32WLxx_HAL_Driver/Src/stm32wlxx_hal_rtc_ex.o
LOAD ./Drivers/STM32WLxx_HAL_Driver/Src/stm32wlxx_hal_spi.o
LOAD ./Drivers/STM32WLxx_HAL_Driver/Src/stm32wlxx_hal_spi_ex.o
LOAD ./Drivers/STM32WLxx_HAL_Driver/Src/stm32wlxx_hal_subghz.o
LOAD ./Drivers/STM32WLxx_HAL_Driver/Src/stm32wlxx_hal_tim.o
LOAD ./Drivers/STM32WLxx_HAL_Driver/Src/stm32wlxx_hal_tim_ex.o
LOAD ./Drivers/STM32WLxx_HAL_Driver/Src/stm32wlxx_hal_uart.o
LOAD ./Drivers/STM32WLxx_HAL_Driver/Src/stm32wlxx_hal_uart_ex.o
LOAD ./Drivers/STM32WLxx_HAL_Driver/Src/stm32wlxx_ll_adc.o
START GROUP
LOAD c:/st/stm32cubeide_1.12.0/stm32cubeide/plugins/com.st.stm32cube.ide.mcu.externaltools.gnu-tools-for-stm32.10.3-2021.10.win32_1.0.200.202301161003/tools/bin/../lib/gcc/arm-none-eabi/10.3.1/../../../../arm-none-eabi/lib/thumb/v7e-m/nofp\libc_nano.a
LOAD c:/st/stm32cubeide_1.12.0/stm32cubeide/plugins/com.st.stm32cube.ide.mcu.externaltools.gnu-tools-for-stm32.10.3-2021.10.win32_1.0.200.202301161003/tools/bin/../lib/gcc/arm-none-eabi/10.3.1/../../../../arm-none-eabi/lib/thumb/v7e-m/nofp\libm.a
END GROUP
START GROUP
LOAD c:/st/stm32cubeide_1.12.0/stm32cubeide/plugins/com.st.stm32cube.ide.mcu.externaltools.gnu-tools-for-stm32.10.3-2021.10.win32_1.0.200.202301161003/tools/bin/../lib/gcc/arm-none-eabi/10.3.1/thumb/v7e-m/nofp\libgcc.a
LOAD c:/st/stm32cubeide_1.12.0/stm32cubeide/plugins/com.st.stm32cube.ide.mcu.externaltools.gnu-tools-for-stm32.10.3-2021.10.win32_1.0.200.202301161003/tools/bin/../lib/gcc/arm-none-eabi/10.3.1/../../../../arm-none-eabi/lib/thumb/v7e-m/nofp\libc_nano.a
END GROUP
START GROUP
LOAD c:/st/stm32cubeide_1.12.0/stm32cubeide/plugins/com.st.stm32cube.ide.mcu.externaltools.gnu-tools-for-stm32.10.3-2021.10.win32_1.0.200.202301161003/tools/bin/../lib/gcc/arm-none-eabi/10.3.1/thumb/v7e-m/nofp\libgcc.a
LOAD c:/st/stm32cubeide_1.12.0/stm32cubeide/plugins/com.st.stm32cube.ide.mcu.externaltools.gnu-tools-for-stm32.10.3-2021.10.win32_1.0.200.202301161003/tools/bin/../lib/gcc/arm-none-eabi/10.3.1/../../../../arm-none-eabi/lib/thumb/v7e-m/nofp\libc_nano.a
LOAD c:/st/stm32cubeide_1.12.0/stm32cubeide/plugins/com.st.stm32cube.ide.mcu.externaltools.gnu-tools-for-stm32.10.3-2021.10.win32_1.0.200.202301161003/tools/bin/../lib/gcc/arm-none-eabi/10.3.1/../../../../arm-none-eabi/lib/thumb/v7e-m/nofp\libnosys.a
END GROUP
START GROUP
LOAD c:/st/stm32cubeide_1.12.0/stm32cubeide/plugins/com.st.stm32cube.ide.mcu.externaltools.gnu-tools-for-stm32.10.3-2021.10.win32_1.0.200.202301161003/tools/bin/../lib/gcc/arm-none-eabi/10.3.1/thumb/v7e-m/nofp\libgcc.a
LOAD c:/st/stm32cubeide_1.12.0/stm32cubeide/plugins/com.st.stm32cube.ide.mcu.externaltools.gnu-tools-for-stm32.10.3-2021.10.win32_1.0.200.202301161003/tools/bin/../lib/gcc/arm-none-eabi/10.3.1/../../../../arm-none-eabi/lib/thumb/v7e-m/nofp\libc_nano.a
LOAD c:/st/stm32cubeide_1.12.0/stm32cubeide/plugins/com.st.stm32cube.ide.mcu.externaltools.gnu-tools-for-stm32.10.3-2021.10.win32_1.0.200.202301161003/tools/bin/../lib/gcc/arm-none-eabi/10.3.1/../../../../arm-none-eabi/lib/thumb/v7e-m/nofp\libnosys.a
END GROUP
LOAD c:/st/stm32cubeide_1.12.0/stm32cubeide/plugins/com.st.stm32cube.ide.mcu.externaltools.gnu-tools-for-stm32.10.3-2021.10.win32_1.0.200.202301161003/tools/bin/../lib/gcc/arm-none-eabi/10.3.1/thumb/v7e-m/nofp/crtend.o
LOAD c:/st/stm32cubeide_1.12.0/stm32cubeide/plugins/com.st.stm32cube.ide.mcu.externaltools.gnu-tools-for-stm32.10.3-2021.10.win32_1.0.200.202301161003/tools/bin/../lib/gcc/arm-none-eabi/10.3.1/thumb/v7e-m/nofp/crtn.o
                0x0000000020010000                _estack = (ORIGIN (RAM) + LENGTH (RAM))
                0x0000000000000200                _Min_Heap_Size = 0x200
                0x0000000000000400                _Min_Stack_Size = 0x400

.isr_vector     0x0000000008000000      0x138
                0x0000000008000000                . = ALIGN (0x4)
 *(.isr_vector)
 .isr_vector    0x0000000008000000      0x138 ./Core/Startup/startup_stm32wle5jcix.o
                0x0000000008000000                g_pfnVectors
                0x0000000008000138                . = ALIGN (0x4)

.text           0x0000000008000140     0xd098
                0x0000000008000140                . = ALIGN (0x4)
 *(.text)
 .text          0x0000000008000140       0x40 c:/st/stm32cubeide_1.12.0/stm32cubeide/plugins/com.st.stm32cube.ide.mcu.externaltools.gnu-tools-for-stm32.10.3-2021.10.win32_1.0.200.202301161003/tools/bin/../lib/gcc/arm-none-eabi/10.3.1/thumb/v7e-m/nofp/crtbegin.o
 .text          0x0000000008000180       0xa0 c:/st/stm32cubeide_1.12.0/stm32cubeide/plugins/com.st.stm32cube.ide.mcu.externaltools.gnu-tools-for-stm32.10.3-2021.10.win32_1.0.200.202301161003/tools/bin/../lib/gcc/arm-none-eabi/10.3.1/../../../../arm-none-eabi/lib/thumb/v7e-m/nofp\libc_nano.a(lib_a-memchr.o)
                0x0000000008000180                memchr
 .text          0x0000000008000220      0x378 c:/st/stm32cubeide_1.12.0/stm32cubeide/plugins/com.st.stm32cube.ide.mcu.externaltools.gnu-tools-for-stm32.10.3-2021.10.win32_1.0.200.202301161003/tools/bin/../lib/gcc/arm-none-eabi/10.3.1/thumb/v7e-m/nofp\libgcc.a(_arm_addsubdf3.o)
                0x0000000008000220                __aeabi_drsub
                0x0000000008000228                __aeabi_dsub
                0x0000000008000228                __subdf3
                0x000000000800022c                __aeabi_dadd
                0x000000000800022c                __adddf3
                0x00000000080004a4                __floatunsidf
                0x00000000080004a4                __aeabi_ui2d
                0x00000000080004c4                __floatsidf
                0x00000000080004c4                __aeabi_i2d
                0x00000000080004e8                __aeabi_f2d
                0x00000000080004e8                __extendsfdf2
                0x000000000800052c                __floatundidf
                0x000000000800052c                __aeabi_ul2d
                0x000000000800053c                __floatdidf
                0x000000000800053c                __aeabi_l2d
 .text          0x0000000008000598      0x424 c:/st/stm32cubeide_1.12.0/stm32cubeide/plugins/com.st.stm32cube.ide.mcu.externaltools.gnu-tools-for-stm32.10.3-2021.10.win32_1.0.200.202301161003/tools/bin/../lib/gcc/arm-none-eabi/10.3.1/thumb/v7e-m/nofp\libgcc.a(_arm_muldivdf3.o)
                0x0000000008000598                __aeabi_dmul
                0x0000000008000598                __muldf3
                0x00000000080007ec                __divdf3
                0x00000000080007ec                __aeabi_ddiv
 .text          0x00000000080009bc      0x110 c:/st/stm32cubeide_1.12.0/stm32cubeide/plugins/com.st.stm32cube.ide.mcu.externaltools.gnu-tools-for-stm32.10.3-2021.10.win32_1.0.200.202301161003/tools/bin/../lib/gcc/arm-none-eabi/10.3.1/thumb/v7e-m/nofp\libgcc.a(_arm_cmpdf2.o)
                0x00000000080009bc                __gtdf2
                0x00000000080009bc                __gedf2
                0x00000000080009c4                __ltdf2
                0x00000000080009c4                __ledf2
                0x00000000080009cc                __nedf2
                0x00000000080009cc                __eqdf2
                0x00000000080009cc                __cmpdf2
                0x0000000008000a48                __aeabi_cdrcmple
                0x0000000008000a58                __aeabi_cdcmpeq
                0x0000000008000a58                __aeabi_cdcmple
                0x0000000008000a68                __aeabi_dcmpeq
                0x0000000008000a7c                __aeabi_dcmplt
                0x0000000008000a90                __aeabi_dcmple
                0x0000000008000aa4                __aeabi_dcmpge
                0x0000000008000ab8                __aeabi_dcmpgt
 .text          0x0000000008000acc       0x2c c:/st/stm32cubeide_1.12.0/stm32cubeide/plugins/com.st.stm32cube.ide.mcu.externaltools.gnu-tools-for-stm32.10.3-2021.10.win32_1.0.200.202301161003/tools/bin/../lib/gcc/arm-none-eabi/10.3.1/thumb/v7e-m/nofp\libgcc.a(_arm_unorddf2.o)
                0x0000000008000acc                __unorddf2
                0x0000000008000acc                __aeabi_dcmpun
 .text          0x0000000008000af8       0x50 c:/st/stm32cubeide_1.12.0/stm32cubeide/plugins/com.st.stm32cube.ide.mcu.externaltools.gnu-tools-for-stm32.10.3-2021.10.win32_1.0.200.202301161003/tools/bin/../lib/gcc/arm-none-eabi/10.3.1/thumb/v7e-m/nofp\libgcc.a(_arm_fixdfsi.o)
                0x0000000008000af8                __aeabi_d2iz
                0x0000000008000af8                __fixdfsi
 .text          0x0000000008000b48       0x40 c:/st/stm32cubeide_1.12.0/stm32cubeide/plugins/com.st.stm32cube.ide.mcu.externaltools.gnu-tools-for-stm32.10.3-2021.10.win32_1.0.200.202301161003/tools/bin/../lib/gcc/arm-none-eabi/10.3.1/thumb/v7e-m/nofp\libgcc.a(_arm_fixunsdfsi.o)
                0x0000000008000b48                __aeabi_d2uiz
                0x0000000008000b48                __fixunsdfsi
 .text          0x0000000008000b88       0x30 c:/st/stm32cubeide_1.12.0/stm32cubeide/plugins/com.st.stm32cube.ide.mcu.externaltools.gnu-tools-for-stm32.10.3-2021.10.win32_1.0.200.202301161003/tools/bin/../lib/gcc/arm-none-eabi/10.3.1/thumb/v7e-m/nofp\libgcc.a(_aeabi_uldivmod.o)
                0x0000000008000b88                __aeabi_uldivmod
 .text          0x0000000008000bb8      0x2d0 c:/st/stm32cubeide_1.12.0/stm32cubeide/plugins/com.st.stm32cube.ide.mcu.externaltools.gnu-tools-for-stm32.10.3-2021.10.win32_1.0.200.202301161003/tools/bin/../lib/gcc/arm-none-eabi/10.3.1/thumb/v7e-m/nofp\libgcc.a(_udivmoddi4.o)
                0x0000000008000bb8                __udivmoddi4
 .text          0x0000000008000e88        0x4 c:/st/stm32cubeide_1.12.0/stm32cubeide/plugins/com.st.stm32cube.ide.mcu.externaltools.gnu-tools-for-stm32.10.3-2021.10.win32_1.0.200.202301161003/tools/bin/../lib/gcc/arm-none-eabi/10.3.1/thumb/v7e-m/nofp\libgcc.a(_dvmd_tls.o)
                0x0000000008000e88                __aeabi_idiv0
                0x0000000008000e88                __aeabi_ldiv0
 *(.text*)
 .text.MX_ADC_Init
                0x0000000008000e8c       0xa0 ./Core/Src/adc.o
                0x0000000008000e8c                MX_ADC_Init
 .text.HAL_ADC_MspInit
                0x0000000008000f2c       0x98 ./Core/Src/adc.o
                0x0000000008000f2c                HAL_ADC_MspInit
 .text.scan_button
                0x0000000008000fc4       0xc0 ./Core/Src/buttons.o
                0x0000000008000fc4                scan_button
 .text.MX_DMA_Init
                0x0000000008001084       0x2e ./Core/Src/dma.o
                0x0000000008001084                MX_DMA_Init
 *fill*         0x00000000080010b2        0x2 
 .text.OnRxError
                0x00000000080010b4        0xc ./Core/Src/e77radio.o
 .text.OnTxDone
                0x00000000080010c0       0x10 ./Core/Src/e77radio.o
 .text.OnRxDone
                0x00000000080010d0       0x78 ./Core/Src/e77radio.o
 .text.radio_init
                0x0000000008001148      0x29c ./Core/Src/e77radio.o
                0x0000000008001148                radio_init
 .text.set_transmit_data
                0x00000000080013e4      0x100 ./Core/Src/e77radio.o
                0x00000000080013e4                set_transmit_data
 .text.timer1_scanRadio_handle
                0x00000000080014e4       0x8c ./Core/Src/e77radio.o
                0x00000000080014e4                timer1_scanRadio_handle
 .text.flash_lock
                0x0000000008001570       0x10 ./Core/Src/eeprom.o
                0x0000000008001570                flash_lock
 .text.flash_unlock
                0x0000000008001580       0x28 ./Core/Src/eeprom.o
                0x0000000008001580                flash_unlock
 .text.flash_erase_page
                0x00000000080015a8       0x44 ./Core/Src/eeprom.o
                0x00000000080015a8                flash_erase_page
 .text.flash_write_array
                0x00000000080015ec       0x7c ./Core/Src/eeprom.o
                0x00000000080015ec                flash_write_array
 .text.read_page
                0x0000000008001668       0x18 ./Core/Src/eeprom.o
                0x0000000008001668                read_page
 .text.EXTI3_IRQHandler
                0x0000000008001680       0x28 ./Core/Src/exti_it.o
                0x0000000008001680                EXTI3_IRQHandler
 .text.EXTI2_IRQHandler
                0x00000000080016a8       0x28 ./Core/Src/exti_it.o
                0x00000000080016a8                EXTI2_IRQHandler
 .text.EXTI1_IRQHandler
                0x00000000080016d0       0x28 ./Core/Src/exti_it.o
                0x00000000080016d0                EXTI1_IRQHandler
 .text.EXTI0_IRQHandler
                0x00000000080016f8       0xdc ./Core/Src/exti_it.o
                0x00000000080016f8                EXTI0_IRQHandler
 .text.serialPrint
                0x00000000080017d4       0x1c ./Core/Src/gnss.o
                0x00000000080017d4                serialPrint
 .text.send_ubx
                0x00000000080017f0       0x7a ./Core/Src/gnss.o
                0x00000000080017f0                send_ubx
 *fill*         0x000000000800186a        0x2 
 .text.restart_uart
                0x000000000800186c       0x30 ./Core/Src/gnss.o
                0x000000000800186c                restart_uart
 .text.configure_gps
                0x000000000800189c      0x5b0 ./Core/Src/gnss.o
                0x000000000800189c                configure_gps
 .text.init_gnss
                0x0000000008001e4c       0x88 ./Core/Src/gnss.o
                0x0000000008001e4c                init_gnss
 .text.LL_AHB2_GRP1_EnableClock
                0x0000000008001ed4       0x18 ./Core/Src/gpio.o
 .text.MX_GPIO_Init
                0x0000000008001eec       0xf0 ./Core/Src/gpio.o
                0x0000000008001eec                MX_GPIO_Init
 .text.interrupt_init
                0x0000000008001fdc       0x74 ./Core/Src/gpio.o
                0x0000000008001fdc                interrupt_init
 .text.enable_buttons_interrupts
                0x0000000008002050       0x10 ./Core/Src/gpio.o
                0x0000000008002050                enable_buttons_interrupts
 .text.disable_buttons_interrupts
                0x0000000008002060       0x10 ./Core/Src/gpio.o
                0x0000000008002060                disable_buttons_interrupts
 .text.led_toggle
                0x0000000008002070       0x10 ./Core/Src/gpio.o
                0x0000000008002070                led_toggle
 .text.led_red_on
                0x0000000008002080       0x10 ./Core/Src/gpio.o
                0x0000000008002080                led_red_on
 .text.led_red_off
                0x0000000008002090        0xc ./Core/Src/gpio.o
                0x0000000008002090                led_red_off
 .text.led_green_on
                0x000000000800209c       0x10 ./Core/Src/gpio.o
                0x000000000800209c                led_green_on
 .text.led_green_off
                0x00000000080020ac        0xc ./Core/Src/gpio.o
                0x00000000080020ac                led_green_off
 .text.led_blue_on
                0x00000000080020b8       0x10 ./Core/Src/gpio.o
                0x00000000080020b8                led_blue_on
 .text.led_blue_off
                0x00000000080020c8        0xc ./Core/Src/gpio.o
                0x00000000080020c8                led_blue_off
 .text.led_w_on
                0x00000000080020d4        0xc ./Core/Src/gpio.o
                0x00000000080020d4                led_w_on
 .text.led_w_off
                0x00000000080020e0        0xc ./Core/Src/gpio.o
                0x00000000080020e0                led_w_off
 .text.lcd_on   0x00000000080020ec       0x10 ./Core/Src/gpio.o
                0x00000000080020ec                lcd_on
 .text.lcd_off  0x00000000080020fc       0x10 ./Core/Src/gpio.o
                0x00000000080020fc                lcd_off
 .text.hold_power
                0x000000000800210c       0x10 ./Core/Src/gpio.o
                0x000000000800210c                hold_power
 .text.release_power
                0x000000000800211c       0x10 ./Core/Src/gpio.o
                0x000000000800211c                release_power
 .text.MX_IWDG_Init
                0x000000000800212c       0x2c ./Core/Src/iwdg.o
                0x000000000800212c                MX_IWDG_Init
 .text.sendCmd  0x0000000008002158       0x2c ./Core/Src/lcd_display.o
 .text.sendDataMass
                0x0000000008002184       0x24 ./Core/Src/lcd_display.o
 .text.setWindow
                0x00000000080021a8       0x4e ./Core/Src/lcd_display.o
 *fill*         0x00000000080021f6        0x2 
 .text.drawVLine
                0x00000000080021f8       0x4c ./Core/Src/lcd_display.o
 .text.drawPixel
                0x0000000008002244       0x2a ./Core/Src/lcd_display.o
 *fill*         0x000000000800226e        0x2 
 .text.displayInit
                0x0000000008002270       0x7c ./Core/Src/lcd_display.o
                0x0000000008002270                displayInit
 .text.draw_line
                0x00000000080022ec      0x130 ./Core/Src/lcd_display.o
                0x00000000080022ec                draw_line
 *fill*         0x000000000800241c        0x4 
 .text.draw_arrow
                0x0000000008002420      0x5ec ./Core/Src/lcd_display.o
                0x0000000008002420                draw_arrow
 .text.draw_circle
                0x0000000008002a0c      0x11c ./Core/Src/lcd_display.o
                0x0000000008002a0c                draw_circle
 .text.erase_position
                0x0000000008002b28      0x172 ./Core/Src/lcd_display.o
                0x0000000008002b28                erase_position
 *fill*         0x0000000008002c9a        0x2 
 .text.draw_str_by_rows
                0x0000000008002c9c      0x11c ./Core/Src/lcd_display.o
                0x0000000008002c9c                draw_str_by_rows
 .text.draw_char
                0x0000000008002db8       0x82 ./Core/Src/lcd_display.o
                0x0000000008002db8                draw_char
 *fill*         0x0000000008002e3a        0x2 
 .text.draw_position
                0x0000000008002e3c       0xc0 ./Core/Src/lcd_display.o
                0x0000000008002e3c                draw_position
 .text.fill_rectgl
                0x0000000008002efc       0x5c ./Core/Src/lcd_display.o
                0x0000000008002efc                fill_rectgl
 .text.fill_screen
                0x0000000008002f58       0x16 ./Core/Src/lcd_display.o
                0x0000000008002f58                fill_screen
 *fill*         0x0000000008002f6e        0x2 
 .text.setST7735rotation
                0x0000000008002f70       0x3c ./Core/Src/lcd_display.o
                0x0000000008002f70                setST7735rotation
 .text.st7735_init
                0x0000000008002fac       0x44 ./Core/Src/lcd_display.o
                0x0000000008002fac                st7735_init
 .text.get_devices
                0x0000000008002ff0       0x30 ./Core/Src/lrns.o
                0x0000000008002ff0                get_devices
 .text.get_point_groups
                0x0000000008003020       0x30 ./Core/Src/lrns.o
                0x0000000008003020                get_point_groups
 .text.init_lrns
                0x0000000008003050       0x4c ./Core/Src/lrns.o
                0x0000000008003050                init_lrns
 .text.ublox_to_this_device
                0x000000000800309c       0xf0 ./Core/Src/lrns.o
                0x000000000800309c                ublox_to_this_device
 .text.rx_to_devices
                0x000000000800318c       0xa4 ./Core/Src/lrns.o
                0x000000000800318c                rx_to_devices
 .text.clear_fix_data
                0x0000000008003230       0x14 ./Core/Src/lrns.o
                0x0000000008003230                clear_fix_data
 *fill*         0x0000000008003244        0x4 
 .text.calc_relative_position
                0x0000000008003248      0x2f0 ./Core/Src/lrns.o
                0x0000000008003248                calc_relative_position
 .text.getADC_calibration
                0x0000000008003538       0x7c ./Core/Src/lrns.o
                0x0000000008003538                getADC_calibration
 .text.getADC_sensors
                0x00000000080035b4       0x48 ./Core/Src/lrns.o
                0x00000000080035b4                getADC_sensors
 .text.DMA1_Channel1_IRQHandler
                0x00000000080035fc       0xc8 ./Core/Src/lrns.o
                0x00000000080035fc                DMA1_Channel1_IRQHandler
 .text.shortBeeps
                0x00000000080036c4       0x10 ./Core/Src/main.o
                0x00000000080036c4                shortBeeps
 .text.SystemClock_Config
                0x00000000080036d4       0xae ./Core/Src/main.o
                0x00000000080036d4                SystemClock_Config
 *fill*         0x0000000008003782        0x2 
 .text.startup.main
                0x0000000008003784      0x11c ./Core/Src/main.o
                0x0000000008003784                main
 .text.Error_Handler
                0x00000000080038a0        0x4 ./Core/Src/main.o
                0x00000000080038a0                Error_Handler
 .text.__NVIC_SystemReset
                0x00000000080038a4       0x24 ./Core/Src/menu.o
 .text.navigation_up
                0x00000000080038c8       0x18 ./Core/Src/menu.o
                0x00000000080038c8                navigation_up
 .text.navigation_down
                0x00000000080038e0       0x18 ./Core/Src/menu.o
                0x00000000080038e0                navigation_down
 .text.navigation_ok
                0x00000000080038f8        0xc ./Core/Src/menu.o
                0x00000000080038f8                navigation_ok
 .text.navto_points_esc
                0x0000000008003904        0xc ./Core/Src/menu.o
                0x0000000008003904                navto_points_esc
 .text.set_device_number_up
                0x0000000008003910       0x28 ./Core/Src/menu.o
                0x0000000008003910                set_device_number_up
 .text.set_device_number_ok
                0x0000000008003938       0x44 ./Core/Src/menu.o
                0x0000000008003938                set_device_number_ok
 .text.set_device_number_esc
                0x000000000800397c       0x28 ./Core/Src/menu.o
                0x000000000800397c                set_device_number_esc
 .text.set_spreading_factor_up
                0x00000000080039a4       0x18 ./Core/Src/menu.o
                0x00000000080039a4                set_spreading_factor_up
 .text.set_spreading_factor_down
                0x00000000080039bc       0x18 ./Core/Src/menu.o
                0x00000000080039bc                set_spreading_factor_down
 .text.set_spreading_factor_ok
                0x00000000080039d4       0x2c ./Core/Src/menu.o
                0x00000000080039d4                set_spreading_factor_ok
 .text.set_spreading_factor_esc
                0x0000000008003a00       0x20 ./Core/Src/menu.o
                0x0000000008003a00                set_spreading_factor_esc
 .text.set_coding_rate_up
                0x0000000008003a20       0x18 ./Core/Src/menu.o
                0x0000000008003a20                set_coding_rate_up
 .text.set_coding_rate_down
                0x0000000008003a38       0x18 ./Core/Src/menu.o
                0x0000000008003a38                set_coding_rate_down
 .text.set_coding_rate_ok
                0x0000000008003a50       0x2c ./Core/Src/menu.o
                0x0000000008003a50                set_coding_rate_ok
 .text.set_coding_rate_esc
                0x0000000008003a7c       0x20 ./Core/Src/menu.o
                0x0000000008003a7c                set_coding_rate_esc
 .text.set_freq_channel_up
                0x0000000008003a9c       0x18 ./Core/Src/menu.o
                0x0000000008003a9c                set_freq_channel_up
 .text.set_freq_channel_down
                0x0000000008003ab4       0x18 ./Core/Src/menu.o
                0x0000000008003ab4                set_freq_channel_down
 .text.set_freq_channel_ok
                0x0000000008003acc       0x2c ./Core/Src/menu.o
                0x0000000008003acc                set_freq_channel_ok
 .text.set_freq_channel_esc
                0x0000000008003af8       0x20 ./Core/Src/menu.o
                0x0000000008003af8                set_freq_channel_esc
 .text.set_tx_power_up
                0x0000000008003b18       0x18 ./Core/Src/menu.o
                0x0000000008003b18                set_tx_power_up
 .text.set_tx_power_down
                0x0000000008003b30       0x18 ./Core/Src/menu.o
                0x0000000008003b30                set_tx_power_down
 .text.set_tx_power_ok
                0x0000000008003b48       0x2c ./Core/Src/menu.o
                0x0000000008003b48                set_tx_power_ok
 .text.set_tx_power_esc
                0x0000000008003b74       0x20 ./Core/Src/menu.o
                0x0000000008003b74                set_tx_power_esc
 .text.set_timeout_up
                0x0000000008003b94       0x18 ./Core/Src/menu.o
                0x0000000008003b94                set_timeout_up
 .text.set_timeout_down
                0x0000000008003bac       0x18 ./Core/Src/menu.o
                0x0000000008003bac                set_timeout_down
 .text.set_timeout_esc
                0x0000000008003bc4       0x20 ./Core/Src/menu.o
                0x0000000008003bc4                set_timeout_esc
 .text.set_fence_up
                0x0000000008003be4       0x18 ./Core/Src/menu.o
                0x0000000008003be4                set_fence_up
 .text.set_fence_down
                0x0000000008003bfc       0x18 ./Core/Src/menu.o
                0x0000000008003bfc                set_fence_down
 .text.set_fence_esc
                0x0000000008003c14       0x20 ./Core/Src/menu.o
                0x0000000008003c14                set_fence_esc
 .text.set_timezone_up
                0x0000000008003c34       0x1c ./Core/Src/menu.o
                0x0000000008003c34                set_timezone_up
 .text.set_timezone_down
                0x0000000008003c50       0x1c ./Core/Src/menu.o
                0x0000000008003c50                set_timezone_down
 .text.set_timezone_esc
                0x0000000008003c6c       0x20 ./Core/Src/menu.o
                0x0000000008003c6c                set_timezone_esc
 .text.draw_navto_points
                0x0000000008003c8c       0x3c ./Core/Src/menu.o
                0x0000000008003c8c                draw_navto_points
 .text.draw_points
                0x0000000008003cc8        0x4 ./Core/Src/menu.o
                0x0000000008003cc8                draw_points
 .text.draw_restore_defaults
                0x0000000008003ccc       0xd4 ./Core/Src/menu.o
                0x0000000008003ccc                draw_restore_defaults
 .text.draw_navigation
                0x0000000008003da0      0x5ac ./Core/Src/menu.o
                0x0000000008003da0                draw_navigation
 .text.draw_set_settings
                0x000000000800434c      0x14c ./Core/Src/menu.o
                0x000000000800434c                draw_set_settings
 .text.set_timeout_ok
                0x0000000008004498       0x2c ./Core/Src/menu.o
                0x0000000008004498                set_timeout_ok
 .text.set_fence_ok
                0x00000000080044c4       0x2c ./Core/Src/menu.o
                0x00000000080044c4                set_fence_ok
 .text.set_timezone_ok
                0x00000000080044f0       0x30 ./Core/Src/menu.o
                0x00000000080044f0                set_timezone_ok
 .text.confirm_settings_reboot
                0x0000000008004520       0x50 ./Core/Src/menu.o
                0x0000000008004520                confirm_settings_reboot
 .text.donot_save_settings
                0x0000000008004570       0x3c ./Core/Src/menu.o
                0x0000000008004570                donot_save_settings
 .text.power_long
                0x00000000080045ac       0x1c ./Core/Src/menu.o
                0x00000000080045ac                power_long
 .text.confirm_settings_restore
                0x00000000080045c8       0x48 ./Core/Src/menu.o
                0x00000000080045c8                confirm_settings_restore
 .text.set_device_number_down
                0x0000000008004610       0x24 ./Core/Src/menu.o
                0x0000000008004610                set_device_number_down
 .text.draw_confirm_settings
                0x0000000008004634       0xfc ./Core/Src/menu.o
                0x0000000008004634                draw_confirm_settings
 .text.points_esc
                0x0000000008004730        0xc ./Core/Src/menu.o
                0x0000000008004730                points_esc
 .text.devices_esc
                0x000000000800473c        0xc ./Core/Src/menu.o
                0x000000000800473c                devices_esc
 .text.get_current_item
                0x0000000008004748       0x2c ./Core/Src/menu.o
                0x0000000008004748                get_current_item
 .text.switch_forward
                0x0000000008004774       0x3c ./Core/Src/menu.o
                0x0000000008004774                switch_forward
 .text.draw_main
                0x00000000080047b0      0x420 ./Core/Src/menu.o
                0x00000000080047b0                draw_main
 .text.draw_settings
                0x0000000008004bd0      0x14c ./Core/Src/menu.o
                0x0000000008004bd0                draw_settings
 .text.draw_actions
                0x0000000008004d1c      0x18c ./Core/Src/menu.o
                0x0000000008004d1c                draw_actions
 .text.actions_ok
                0x0000000008004ea8       0x2c ./Core/Src/menu.o
                0x0000000008004ea8                actions_ok
 .text.get_last_item
                0x0000000008004ed4       0x2c ./Core/Src/menu.o
                0x0000000008004ed4                get_last_item
 .text.set_current_item
                0x0000000008004f00       0x2c ./Core/Src/menu.o
                0x0000000008004f00                set_current_item
 .text.init_menu
                0x0000000008004f2c       0x84 ./Core/Src/menu.o
                0x0000000008004f2c                init_menu
 .text.scroll_up
                0x0000000008004fb0       0x1c ./Core/Src/menu.o
                0x0000000008004fb0                scroll_up
 .text.scroll_down
                0x0000000008004fcc       0x20 ./Core/Src/menu.o
                0x0000000008004fcc                scroll_down
 .text.switch_backward
                0x0000000008004fec       0x34 ./Core/Src/menu.o
                0x0000000008004fec                switch_backward
 .text.change_menu
                0x0000000008005020       0x94 ./Core/Src/menu.o
                0x0000000008005020                change_menu
 .text.reset_current_item_in_menu
                0x00000000080050b4       0x24 ./Core/Src/menu.o
                0x00000000080050b4                reset_current_item_in_menu
 .text.actions_esc
                0x00000000080050d8       0x28 ./Core/Src/menu.o
                0x00000000080050d8                actions_esc
 .text.draw_current_menu
                0x0000000008005100       0x3c ./Core/Src/menu.o
                0x0000000008005100                draw_current_menu
 .text.draw_this_device
                0x000000000800513c      0x344 ./Core/Src/menu.o
                0x000000000800513c                draw_this_device
 .text.draw_devices
                0x0000000008005480      0x2d0 ./Core/Src/menu.o
                0x0000000008005480                draw_devices
 .text.scroll_devices_up
                0x0000000008005750       0x24 ./Core/Src/menu.o
                0x0000000008005750                scroll_devices_up
 .text.scroll_devices_down
                0x0000000008005774       0x28 ./Core/Src/menu.o
                0x0000000008005774                scroll_devices_down
 .text.MX_RTC_Init
                0x000000000800579c       0x3c ./Core/Src/rtc.o
                0x000000000800579c                MX_RTC_Init
 .text.HAL_RTC_MspInit
                0x00000000080057d8       0x5c ./Core/Src/rtc.o
                0x00000000080057d8                HAL_RTC_MspInit
 .text.get_coding_rate_values
                0x0000000008005834        0x8 ./Core/Src/settings.o
                0x0000000008005834                get_coding_rate_values
 .text.get_tx_power_values
                0x000000000800583c        0x8 ./Core/Src/settings.o
                0x000000000800583c                get_tx_power_values
 .text.get_settings
                0x0000000008005844        0x8 ./Core/Src/settings.o
                0x0000000008005844                get_settings
 .text.settings_save_default
                0x000000000800584c       0x7c ./Core/Src/settings.o
                0x000000000800584c                settings_save_default
 .text.settings_load
                0x00000000080058c8       0xf0 ./Core/Src/settings.o
                0x00000000080058c8                settings_load
 .text.settings_save
                0x00000000080059b8       0xc8 ./Core/Src/settings.o
                0x00000000080059b8                settings_save
 .text.MX_SPI2_Init
                0x0000000008005a80       0x4c ./Core/Src/spi.o
                0x0000000008005a80                MX_SPI2_Init
 .text.HAL_SPI_MspInit
                0x0000000008005acc       0xb4 ./Core/Src/spi.o
                0x0000000008005acc                HAL_SPI_MspInit
 .text.HAL_MspInit
                0x0000000008005b80        0x2 ./Core/Src/stm32wlxx_hal_msp.o
                0x0000000008005b80                HAL_MspInit
 .text.NMI_Handler
                0x0000000008005b82        0x2 ./Core/Src/stm32wlxx_it.o
                0x0000000008005b82                NMI_Handler
 .text.HardFault_Handler
                0x0000000008005b84        0x2 ./Core/Src/stm32wlxx_it.o
                0x0000000008005b84                HardFault_Handler
 .text.MemManage_Handler
                0x0000000008005b86        0x2 ./Core/Src/stm32wlxx_it.o
                0x0000000008005b86                MemManage_Handler
 .text.BusFault_Handler
                0x0000000008005b88        0x2 ./Core/Src/stm32wlxx_it.o
                0x0000000008005b88                BusFault_Handler
 .text.UsageFault_Handler
                0x0000000008005b8a        0x2 ./Core/Src/stm32wlxx_it.o
                0x0000000008005b8a                UsageFault_Handler
 .text.SVC_Handler
                0x0000000008005b8c        0x2 ./Core/Src/stm32wlxx_it.o
                0x0000000008005b8c                SVC_Handler
 .text.DebugMon_Handler
                0x0000000008005b8e        0x2 ./Core/Src/stm32wlxx_it.o
                0x0000000008005b8e                DebugMon_Handler
 .text.PendSV_Handler
                0x0000000008005b90        0x2 ./Core/Src/stm32wlxx_it.o
                0x0000000008005b90                PendSV_Handler
 .text.SysTick_Handler
                0x0000000008005b92        0x4 ./Core/Src/stm32wlxx_it.o
                0x0000000008005b92                SysTick_Handler
 *fill*         0x0000000008005b96        0x2 
 .text.SUBGHZ_Radio_IRQHandler
                0x0000000008005b98        0xc ./Core/Src/stm32wlxx_it.o
                0x0000000008005b98                SUBGHZ_Radio_IRQHandler
 .text.MX_SUBGHZ_Init
                0x0000000008005ba4       0x1c ./Core/Src/subghz.o
                0x0000000008005ba4                MX_SUBGHZ_Init
 .text.HAL_SUBGHZ_MspInit
                0x0000000008005bc0       0x2e ./Core/Src/subghz.o
                0x0000000008005bc0                HAL_SUBGHZ_MspInit
 .text.SystemInit
                0x0000000008005bee        0x2 ./Core/Src/system_stm32wlxx.o
                0x0000000008005bee                SystemInit
 .text.LL_APB2_GRP1_EnableClock
                0x0000000008005bf0       0x18 ./Core/Src/tim.o
 .text.MX_TIM1_Init
                0x0000000008005c08       0x74 ./Core/Src/tim.o
                0x0000000008005c08                MX_TIM1_Init
 .text.MX_TIM2_Init
                0x0000000008005c7c       0x70 ./Core/Src/tim.o
                0x0000000008005c7c                MX_TIM2_Init
 .text.MX_TIM16_Init
                0x0000000008005cec       0x38 ./Core/Src/tim.o
                0x0000000008005cec                MX_TIM16_Init
 .text.MX_TIM17_Init
                0x0000000008005d24       0x38 ./Core/Src/tim.o
                0x0000000008005d24                MX_TIM17_Init
 .text.HAL_TIM_Base_MspInit
                0x0000000008005d5c       0x78 ./Core/Src/tim.o
                0x0000000008005d5c                HAL_TIM_Base_MspInit
 .text.timer1_start
                0x0000000008005dd4       0x10 ./Core/Src/tim.o
                0x0000000008005dd4                timer1_start
 .text.timer1_stop
                0x0000000008005de4       0x14 ./Core/Src/tim.o
                0x0000000008005de4                timer1_stop
 .text.timer2_start
                0x0000000008005df8        0xe ./Core/Src/tim.o
                0x0000000008005df8                timer2_start
 .text.timer2_stop
                0x0000000008005e06       0x12 ./Core/Src/tim.o
                0x0000000008005e06                timer2_stop
 .text.timer17_start
                0x0000000008005e18       0x10 ./Core/Src/tim.o
                0x0000000008005e18                timer17_start
 .text.timer17_stop
                0x0000000008005e28       0x14 ./Core/Src/tim.o
                0x0000000008005e28                timer17_stop
 .text.TIMER_IF_GetTimerContext
                0x0000000008005e3c        0xc ./Core/Src/timer_if.o
                0x0000000008005e3c                TIMER_IF_GetTimerContext
 .text.TIMER_IF_GetMinimumTimeout
                0x0000000008005e48        0x4 ./Core/Src/timer_if.o
                0x0000000008005e48                TIMER_IF_GetMinimumTimeout
 .text.TIMER_IF_Convert_ms2Tick
                0x0000000008005e4c       0x14 ./Core/Src/timer_if.o
                0x0000000008005e4c                TIMER_IF_Convert_ms2Tick
 .text.TIMER_IF_Convert_Tick2ms
                0x0000000008005e60       0x10 ./Core/Src/timer_if.o
                0x0000000008005e60                TIMER_IF_Convert_Tick2ms
 .text.GetTimerTicks
                0x0000000008005e70       0x14 ./Core/Src/timer_if.o
 .text.TIMER_IF_SetTimerContext
                0x0000000008005e84       0x10 ./Core/Src/timer_if.o
                0x0000000008005e84                TIMER_IF_SetTimerContext
 .text.TIMER_IF_GetTimerElapsedTime
                0x0000000008005e94       0x14 ./Core/Src/timer_if.o
                0x0000000008005e94                TIMER_IF_GetTimerElapsedTime
 .text.TIMER_IF_GetTimerValue
                0x0000000008005ea8       0x10 ./Core/Src/timer_if.o
                0x0000000008005ea8                TIMER_IF_GetTimerValue
 .text.TIMER_IF_StopTimer
                0x0000000008005eb8       0x28 ./Core/Src/timer_if.o
                0x0000000008005eb8                TIMER_IF_StopTimer
 .text.TIMER_IF_StartTimer
                0x0000000008005ee0       0x50 ./Core/Src/timer_if.o
                0x0000000008005ee0                TIMER_IF_StartTimer
 .text.TIMER_IF_Init
                0x0000000008005f30       0x48 ./Core/Src/timer_if.o
                0x0000000008005f30                TIMER_IF_Init
 .text.timer_it_init
                0x0000000008005f78       0x44 ./Core/Src/timer_it.o
                0x0000000008005f78                timer_it_init
 .text.TIM1_UP_IRQHandler
                0x0000000008005fbc      0x288 ./Core/Src/timer_it.o
                0x0000000008005fbc                TIM1_UP_IRQHandler
 .text.TIM2_IRQHandler
                0x0000000008006244       0x2c ./Core/Src/timer_it.o
                0x0000000008006244                TIM2_IRQHandler
 .text.USART1_IRQHandler
                0x0000000008006270      0x134 ./Core/Src/uart_it.o
                0x0000000008006270                USART1_IRQHandler
 .text.MX_USART1_UART_Init
                0x00000000080063a4       0x64 ./Core/Src/usart.o
                0x00000000080063a4                MX_USART1_UART_Init
 .text.HAL_UART_MspInit
                0x0000000008006408       0x98 ./Core/Src/usart.o
                0x0000000008006408                HAL_UART_MspInit
 .text.Reset_Handler
                0x00000000080064a0       0x50 ./Core/Startup/startup_stm32wle5jcix.o
                0x00000000080064a0                Reset_Handler
 .text.Default_Handler
                0x00000000080064f0        0x2 ./Core/Startup/startup_stm32wle5jcix.o
                0x00000000080064f0                RTC_Alarm_IRQHandler
                0x00000000080064f0                TIM1_CC_IRQHandler
                0x00000000080064f0                LPTIM2_IRQHandler
                0x00000000080064f0                I2C3_ER_IRQHandler
                0x00000000080064f0                LPTIM3_IRQHandler
                0x00000000080064f0                I2C2_EV_IRQHandler
                0x00000000080064f0                TAMP_STAMP_LSECSS_SSRU_IRQHandler
                0x00000000080064f0                SPI1_IRQHandler
                0x00000000080064f0                DMA2_Channel2_IRQHandler
                0x00000000080064f0                DMA1_Channel4_IRQHandler
                0x00000000080064f0                PKA_IRQHandler
                0x00000000080064f0                TIM17_IRQHandler
                0x00000000080064f0                DMA1_Channel7_IRQHandler
                0x00000000080064f0                SUBGHZSPI_IRQHandler
                0x00000000080064f0                DMA2_Channel1_IRQHandler
                0x00000000080064f0                I2C1_EV_IRQHandler
                0x00000000080064f0                DMAMUX1_OVR_IRQHandler
                0x00000000080064f0                DMA1_Channel6_IRQHandler
                0x00000000080064f0                TIM16_IRQHandler
                0x00000000080064f0                DMA2_Channel4_IRQHandler
                0x00000000080064f0                RCC_IRQHandler
                0x00000000080064f0                TIM1_TRG_COM_IRQHandler
                0x00000000080064f0                Default_Handler
                0x00000000080064f0                DMA2_Channel7_IRQHandler
                0x00000000080064f0                EXTI15_10_IRQHandler
                0x00000000080064f0                ADC_IRQHandler
                0x00000000080064f0                I2C3_EV_IRQHandler
                0x00000000080064f0                EXTI9_5_IRQHandler
                0x00000000080064f0                RTC_WKUP_IRQHandler
                0x00000000080064f0                PVD_PVM_IRQHandler
                0x00000000080064f0                SPI2_IRQHandler
                0x00000000080064f0                DMA2_Channel5_IRQHandler
                0x00000000080064f0                DMA1_Channel5_IRQHandler
                0x00000000080064f0                EXTI4_IRQHandler
                0x00000000080064f0                RNG_IRQHandler
                0x00000000080064f0                DMA1_Channel3_IRQHandler
                0x00000000080064f0                COMP_IRQHandler
                0x00000000080064f0                HSEM_IRQHandler
                0x00000000080064f0                WWDG_IRQHandler
                0x00000000080064f0                LPUART1_IRQHandler
                0x00000000080064f0                DMA2_Channel6_IRQHandler
                0x00000000080064f0                TIM1_BRK_IRQHandler
                0x00000000080064f0                DAC_IRQHandler
                0x00000000080064f0                AES_IRQHandler
                0x00000000080064f0                USART2_IRQHandler
                0x00000000080064f0                I2C2_ER_IRQHandler
                0x00000000080064f0                DMA1_Channel2_IRQHandler
                0x00000000080064f0                FLASH_IRQHandler
                0x00000000080064f0                I2C1_ER_IRQHandler
                0x00000000080064f0                LPTIM1_IRQHandler
                0x00000000080064f0                DMA2_Channel3_IRQHandler
 .text.BSP_RADIO_Init
                0x00000000080064f2       0x90 ./Drivers/BSP/STM32WLxx_Nucleo/stm32wlxx_nucleo_radio.o
                0x00000000080064f2                BSP_RADIO_Init
 .text.BSP_RADIO_ConfigRFSwitch
                0x0000000008006582       0x3c ./Drivers/BSP/STM32WLxx_Nucleo/stm32wlxx_nucleo_radio.o
                0x0000000008006582                BSP_RADIO_ConfigRFSwitch
 .text.BSP_RADIO_GetTxConfig
                0x00000000080065be        0x4 ./Drivers/BSP/STM32WLxx_Nucleo/stm32wlxx_nucleo_radio.o
                0x00000000080065be                BSP_RADIO_GetTxConfig
 .text.BSP_RADIO_IsTCXO
                0x00000000080065c2        0x4 ./Drivers/BSP/STM32WLxx_Nucleo/stm32wlxx_nucleo_radio.o
                0x00000000080065c2                BSP_RADIO_IsTCXO
 .text.BSP_RADIO_IsDCDC
                0x00000000080065c6        0x4 ./Drivers/BSP/STM32WLxx_Nucleo/stm32wlxx_nucleo_radio.o
                0x00000000080065c6                BSP_RADIO_IsDCDC
 .text.BSP_RADIO_GetRFOMaxPowerConfig
                0x00000000080065ca        0xa ./Drivers/BSP/STM32WLxx_Nucleo/stm32wlxx_nucleo_radio.o
                0x00000000080065ca                BSP_RADIO_GetRFOMaxPowerConfig
 .text.RadioIsChannelFree
                0x00000000080065d4        0x4 ./Drivers/Radio/radio.o
 .text.RadioCheckRfFrequency
                0x00000000080065d8        0x4 ./Drivers/Radio/radio.o
 .text.RadioTimeOnAir
                0x00000000080065dc       0xb8 ./Drivers/Radio/radio.o
 .text.RadioOnTxTimeoutIrq
                0x0000000008006694       0x14 ./Drivers/Radio/radio.o
 .text.RadioOnRxTimeoutIrq
                0x00000000080066a8       0x14 ./Drivers/Radio/radio.o
 .text.RadioRead
                0x00000000080066bc        0x4 ./Drivers/Radio/radio.o
 .text.RadioWrite
                0x00000000080066c0        0x4 ./Drivers/Radio/radio.o
 .text.RadioTxCw
                0x00000000080066c4       0x22 ./Drivers/Radio/radio.o
 *fill*         0x00000000080066e6        0x2 
 .text.RadioSetRxDutyCycle
                0x00000000080066e8       0x38 ./Drivers/Radio/radio.o
 .text.RadioRxBoosted
                0x0000000008006720       0x50 ./Drivers/Radio/radio.o
 .text.RadioStandby
                0x0000000008006770        0x6 ./Drivers/Radio/radio.o
 *fill*         0x0000000008006776        0x2 
 .text.RadioGetStatus
                0x0000000008006778       0x1c ./Drivers/Radio/radio.o
 .text.RadioGetWakeupTime
                0x0000000008006794        0xa ./Drivers/Radio/radio.o
 .text.RadioReadRegisters
                0x000000000800679e        0x4 ./Drivers/Radio/radio.o
 .text.RadioWriteRegisters
                0x00000000080067a2        0x4 ./Drivers/Radio/radio.o
 .text.RadioRssi
                0x00000000080067a6        0xa ./Drivers/Radio/radio.o
 .text.RadioSetTxContinuousWave
                0x00000000080067b0       0x44 ./Drivers/Radio/radio.o
 .text.RadioSetChannel
                0x00000000080067f4        0x4 ./Drivers/Radio/radio.o
 .text.RadioStartCad
                0x00000000080067f8       0x28 ./Drivers/Radio/radio.o
 .text.RadioRx  0x0000000008006820       0x50 ./Drivers/Radio/radio.o
 .text.RadioSleep
                0x0000000008006870       0x14 ./Drivers/Radio/radio.o
 .text.RadioSend
                0x0000000008006884       0x7c ./Drivers/Radio/radio.o
 .text.RadioRandom
                0x0000000008006900       0x16 ./Drivers/Radio/radio.o
 *fill*         0x0000000008006916        0x2 
 .text.RadioInit
                0x0000000008006918       0x94 ./Drivers/Radio/radio.o
 .text.RadioSetMaxPayloadLength
                0x00000000080069ac       0x2c ./Drivers/Radio/radio.o
 .text.RadioSetPublicNetwork
                0x00000000080069d8       0x3c ./Drivers/Radio/radio.o
 .text.RadioSetModem
                0x0000000008006a14       0x24 ./Drivers/Radio/radio.o
 .text.RadioSetTxGenericConfig
                0x0000000008006a38       0xb4 ./Drivers/Radio/radio.o
 .text.RadioSetRxGenericConfig
                0x0000000008006aec       0xe4 ./Drivers/Radio/radio.o
 .text.RadioSetTxConfig
                0x0000000008006bd0       0xc4 ./Drivers/Radio/radio.o
 .text.RadioSetRxConfig
                0x0000000008006c94      0x128 ./Drivers/Radio/radio.o
 .text.RadioTxPrbs
                0x0000000008006dbc       0x30 ./Drivers/Radio/radio.o
 .text.RadioIrqProcess
                0x0000000008006dec      0x200 ./Drivers/Radio/radio.o
 .text.RadioOnDioIrq
                0x0000000008006fec       0x10 ./Drivers/Radio/radio.o
 .text.SUBGRF_GetOperatingMode
                0x0000000008006ffc        0xc ./Drivers/Radio/radio_driver.o
                0x0000000008006ffc                SUBGRF_GetOperatingMode
 .text.SUBGRF_WriteRegister
                0x0000000008007008       0x20 ./Drivers/Radio/radio_driver.o
                0x0000000008007008                SUBGRF_WriteRegister
 .text.SUBGRF_ReadRegister
                0x0000000008007028       0x20 ./Drivers/Radio/radio_driver.o
                0x0000000008007028                SUBGRF_ReadRegister
 .text.Radio_SMPS_Set
                0x0000000008007048       0x28 ./Drivers/Radio/radio_driver.o
 .text.SUBGRF_WriteRegisters
                0x0000000008007070       0x20 ./Drivers/Radio/radio_driver.o
                0x0000000008007070                SUBGRF_WriteRegisters
 .text.SUBGRF_ReadRegisters
                0x0000000008007090       0x20 ./Drivers/Radio/radio_driver.o
                0x0000000008007090                SUBGRF_ReadRegisters
 .text.SUBGRF_WriteBuffer
                0x00000000080070b0       0x20 ./Drivers/Radio/radio_driver.o
                0x00000000080070b0                SUBGRF_WriteBuffer
 .text.SUBGRF_SetPayload
                0x00000000080070d0        0xa ./Drivers/Radio/radio_driver.o
                0x00000000080070d0                SUBGRF_SetPayload
 *fill*         0x00000000080070da        0x2 
 .text.SUBGRF_ReadBuffer
                0x00000000080070dc       0x20 ./Drivers/Radio/radio_driver.o
                0x00000000080070dc                SUBGRF_ReadBuffer
 .text.SUBGRF_WriteCommand
                0x00000000080070fc       0x20 ./Drivers/Radio/radio_driver.o
                0x00000000080070fc                SUBGRF_WriteCommand
 .text.SUBGRF_SetSleep
                0x000000000800711c       0x34 ./Drivers/Radio/radio_driver.o
                0x000000000800711c                SUBGRF_SetSleep
 .text.SUBGRF_SetStandby
                0x0000000008007150       0x2c ./Drivers/Radio/radio_driver.o
                0x0000000008007150                SUBGRF_SetStandby
 .text.SUBGRF_SetTx
                0x000000000800717c       0x2c ./Drivers/Radio/radio_driver.o
                0x000000000800717c                SUBGRF_SetTx
 .text.SUBGRF_SendPayload
                0x00000000080071a8       0x12 ./Drivers/Radio/radio_driver.o
                0x00000000080071a8                SUBGRF_SendPayload
 *fill*         0x00000000080071ba        0x2 
 .text.SUBGRF_SetRx
                0x00000000080071bc       0x2c ./Drivers/Radio/radio_driver.o
                0x00000000080071bc                SUBGRF_SetRx
 .text.SUBGRF_GetRandom
                0x00000000080071e8       0x68 ./Drivers/Radio/radio_driver.o
                0x00000000080071e8                SUBGRF_GetRandom
 .text.SUBGRF_SetRxBoosted
                0x0000000008007250       0x38 ./Drivers/Radio/radio_driver.o
                0x0000000008007250                SUBGRF_SetRxBoosted
 .text.SUBGRF_SetRxDutyCycle
                0x0000000008007288       0x3c ./Drivers/Radio/radio_driver.o
                0x0000000008007288                SUBGRF_SetRxDutyCycle
 .text.SUBGRF_SetCad
                0x00000000080072c4       0x18 ./Drivers/Radio/radio_driver.o
                0x00000000080072c4                SUBGRF_SetCad
 .text.SUBGRF_SetTxContinuousWave
                0x00000000080072dc        0xa ./Drivers/Radio/radio_driver.o
                0x00000000080072dc                SUBGRF_SetTxContinuousWave
 .text.SUBGRF_SetTxInfinitePreamble
                0x00000000080072e6        0xa ./Drivers/Radio/radio_driver.o
                0x00000000080072e6                SUBGRF_SetTxInfinitePreamble
 .text.SUBGRF_SetStopRxTimerOnPreambleDetect
                0x00000000080072f0       0x18 ./Drivers/Radio/radio_driver.o
                0x00000000080072f0                SUBGRF_SetStopRxTimerOnPreambleDetect
 .text.SUBGRF_SetLoRaSymbNumTimeout
                0x0000000008007308       0x30 ./Drivers/Radio/radio_driver.o
                0x0000000008007308                SUBGRF_SetLoRaSymbNumTimeout
 .text.SUBGRF_SetRegulatorMode
                0x0000000008007338       0x22 ./Drivers/Radio/radio_driver.o
                0x0000000008007338                SUBGRF_SetRegulatorMode
 .text.SUBGRF_Calibrate
                0x000000000800735a       0x1c ./Drivers/Radio/radio_driver.o
                0x000000000800735a                SUBGRF_Calibrate
 *fill*         0x0000000008007376        0x2 
 .text.SUBGRF_CalibrateImage
                0x0000000008007378       0x84 ./Drivers/Radio/radio_driver.o
                0x0000000008007378                SUBGRF_CalibrateImage
 .text.SUBGRF_SetPaConfig
                0x00000000080073fc       0x24 ./Drivers/Radio/radio_driver.o
                0x00000000080073fc                SUBGRF_SetPaConfig
 .text.SUBGRF_SetDioIrqParams
                0x0000000008007420       0x38 ./Drivers/Radio/radio_driver.o
                0x0000000008007420                SUBGRF_SetDioIrqParams
 .text.SUBGRF_SetTcxoMode
                0x0000000008007458       0x2c ./Drivers/Radio/radio_driver.o
                0x0000000008007458                SUBGRF_SetTcxoMode
 .text.SUBGRF_Init
                0x0000000008007484       0x78 ./Drivers/Radio/radio_driver.o
                0x0000000008007484                SUBGRF_Init
 .text.SUBGRF_SetRfFrequency
                0x00000000080074fc       0x4c ./Drivers/Radio/radio_driver.o
                0x00000000080074fc                SUBGRF_SetRfFrequency
 .text.SUBGRF_SetPacketType
                0x0000000008007548       0x2c ./Drivers/Radio/radio_driver.o
                0x0000000008007548                SUBGRF_SetPacketType
 .text.SUBGRF_SetTxParams
                0x0000000008007574       0xf2 ./Drivers/Radio/radio_driver.o
                0x0000000008007574                SUBGRF_SetTxParams
 *fill*         0x0000000008007666        0x2 
 .text.SUBGRF_SetModulationParams
                0x0000000008007668       0xec ./Drivers/Radio/radio_driver.o
                0x0000000008007668                SUBGRF_SetModulationParams
 .text.SUBGRF_SetPacketParams
                0x0000000008007754       0x74 ./Drivers/Radio/radio_driver.o
                0x0000000008007754                SUBGRF_SetPacketParams
 .text.SUBGRF_SetBufferBaseAddress
                0x00000000080077c8       0x1a ./Drivers/Radio/radio_driver.o
                0x00000000080077c8                SUBGRF_SetBufferBaseAddress
 *fill*         0x00000000080077e2        0x2 
 .text.SUBGRF_ReadCommand
                0x00000000080077e4       0x20 ./Drivers/Radio/radio_driver.o
                0x00000000080077e4                SUBGRF_ReadCommand
 .text.SUBGRF_GetRssiInst
                0x0000000008007804       0x1a ./Drivers/Radio/radio_driver.o
                0x0000000008007804                SUBGRF_GetRssiInst
 *fill*         0x000000000800781e        0x2 
 .text.SUBGRF_GetRxBufferStatus
                0x0000000008007820       0x44 ./Drivers/Radio/radio_driver.o
                0x0000000008007820                SUBGRF_GetRxBufferStatus
 .text.SUBGRF_GetPayload
                0x0000000008007864       0x32 ./Drivers/Radio/radio_driver.o
                0x0000000008007864                SUBGRF_GetPayload
 *fill*         0x0000000008007896        0x2 
 .text.SUBGRF_GetPacketStatus
                0x0000000008007898       0x78 ./Drivers/Radio/radio_driver.o
                0x0000000008007898                SUBGRF_GetPacketStatus
 .text.SUBGRF_SetSwitch
                0x0000000008007910       0x2c ./Drivers/Radio/radio_driver.o
                0x0000000008007910                SUBGRF_SetSwitch
 .text.SUBGRF_SetRfTxPower
                0x000000000800793c       0x2a ./Drivers/Radio/radio_driver.o
                0x000000000800793c                SUBGRF_SetRfTxPower
 .text.SUBGRF_GetRadioWakeUpTime
                0x0000000008007966        0x4 ./Drivers/Radio/radio_driver.o
                0x0000000008007966                SUBGRF_GetRadioWakeUpTime
 *fill*         0x000000000800796a        0x2 
 .text.HAL_SUBGHZ_TxCpltCallback
                0x000000000800796c        0xc ./Drivers/Radio/radio_driver.o
                0x000000000800796c                HAL_SUBGHZ_TxCpltCallback
 .text.HAL_SUBGHZ_RxCpltCallback
                0x0000000008007978        0xc ./Drivers/Radio/radio_driver.o
                0x0000000008007978                HAL_SUBGHZ_RxCpltCallback
 .text.HAL_SUBGHZ_CRCErrorCallback
                0x0000000008007984        0xc ./Drivers/Radio/radio_driver.o
                0x0000000008007984                HAL_SUBGHZ_CRCErrorCallback
 .text.HAL_SUBGHZ_CADStatusCallback
                0x0000000008007990       0x20 ./Drivers/Radio/radio_driver.o
                0x0000000008007990                HAL_SUBGHZ_CADStatusCallback
 .text.HAL_SUBGHZ_RxTxTimeoutCallback
                0x00000000080079b0       0x10 ./Drivers/Radio/radio_driver.o
                0x00000000080079b0                HAL_SUBGHZ_RxTxTimeoutCallback
 .text.HAL_SUBGHZ_HeaderErrorCallback
                0x00000000080079c0        0xc ./Drivers/Radio/radio_driver.o
                0x00000000080079c0                HAL_SUBGHZ_HeaderErrorCallback
 .text.HAL_SUBGHZ_PreambleDetectedCallback
                0x00000000080079cc        0xc ./Drivers/Radio/radio_driver.o
                0x00000000080079cc                HAL_SUBGHZ_PreambleDetectedCallback
 .text.HAL_SUBGHZ_SyncWordValidCallback
                0x00000000080079d8        0xc ./Drivers/Radio/radio_driver.o
                0x00000000080079d8                HAL_SUBGHZ_SyncWordValidCallback
 .text.HAL_SUBGHZ_HeaderValidCallback
                0x00000000080079e4        0xc ./Drivers/Radio/radio_driver.o
                0x00000000080079e4                HAL_SUBGHZ_HeaderValidCallback
 .text.HAL_SUBGHZ_LrFhssHopCallback
                0x00000000080079f0       0x10 ./Drivers/Radio/radio_driver.o
                0x00000000080079f0                HAL_SUBGHZ_LrFhssHopCallback
 .text.SUBGRF_GetCFO
                0x0000000008007a00       0x80 ./Drivers/Radio/radio_driver.o
                0x0000000008007a00                SUBGRF_GetCFO
 .text.UTIL_TIMER_Create
                0x0000000008007a80       0x34 ./Drivers/Radio/stm32_timer.o
                0x0000000008007a80                UTIL_TIMER_Create
 .text.TimerExists
                0x0000000008007ab4       0x1c ./Drivers/Radio/stm32_timer.o
                0x0000000008007ab4                TimerExists
 .text.TimerSetTimeout
                0x0000000008007ad0       0x38 ./Drivers/Radio/stm32_timer.o
                0x0000000008007ad0                TimerSetTimeout
 .text.UTIL_TIMER_Stop
                0x0000000008007b08       0x5c ./Drivers/Radio/stm32_timer.o
                0x0000000008007b08                UTIL_TIMER_Stop
 .text.TimerInsertTimer
                0x0000000008007b64       0x2c ./Drivers/Radio/stm32_timer.o
                0x0000000008007b64                TimerInsertTimer
 .text.TimerInsertNewHeadTimer
                0x0000000008007b90       0x18 ./Drivers/Radio/stm32_timer.o
                0x0000000008007b90                TimerInsertNewHeadTimer
 .text.UTIL_TIMER_Start
                0x0000000008007ba8       0x74 ./Drivers/Radio/stm32_timer.o
                0x0000000008007ba8                UTIL_TIMER_Start
 .text.UTIL_TIMER_SetPeriod
                0x0000000008007c1c       0x30 ./Drivers/Radio/stm32_timer.o
                0x0000000008007c1c                UTIL_TIMER_SetPeriod
 .text.HAL_InitTick
                0x0000000008007c4c       0x4c ./Drivers/STM32WLxx_HAL_Driver/Src/stm32wlxx_hal.o
                0x0000000008007c4c                HAL_InitTick
 .text.HAL_Init
                0x0000000008007c98       0x2c ./Drivers/STM32WLxx_HAL_Driver/Src/stm32wlxx_hal.o
                0x0000000008007c98                HAL_Init
 .text.HAL_IncTick
                0x0000000008007cc4       0x18 ./Drivers/STM32WLxx_HAL_Driver/Src/stm32wlxx_hal.o
                0x0000000008007cc4                HAL_IncTick
 .text.HAL_GetTick
                0x0000000008007cdc        0xc ./Drivers/STM32WLxx_HAL_Driver/Src/stm32wlxx_hal.o
                0x0000000008007cdc                HAL_GetTick
 .text.HAL_Delay
                0x0000000008007ce8       0x28 ./Drivers/STM32WLxx_HAL_Driver/Src/stm32wlxx_hal.o
                0x0000000008007ce8                HAL_Delay
 .text.LL_ADC_REG_IsConversionOngoing
                0x0000000008007d10        0x8 ./Drivers/STM32WLxx_HAL_Driver/Src/stm32wlxx_hal_adc.o
 .text.HAL_ADC_Init
                0x0000000008007d18      0x200 ./Drivers/STM32WLxx_HAL_Driver/Src/stm32wlxx_hal_adc.o
                0x0000000008007d18                HAL_ADC_Init
 .text.HAL_ADC_ConfigChannel
                0x0000000008007f18      0x1bc ./Drivers/STM32WLxx_HAL_Driver/Src/stm32wlxx_hal_adc.o
                0x0000000008007f18                HAL_ADC_ConfigChannel
 .text.HAL_NVIC_SetPriorityGrouping
                0x00000000080080d4       0x24 ./Drivers/STM32WLxx_HAL_Driver/Src/stm32wlxx_hal_cortex.o
                0x00000000080080d4                HAL_NVIC_SetPriorityGrouping
 .text.HAL_NVIC_SetPriority
                0x00000000080080f8       0x64 ./Drivers/STM32WLxx_HAL_Driver/Src/stm32wlxx_hal_cortex.o
                0x00000000080080f8                HAL_NVIC_SetPriority
 .text.HAL_NVIC_EnableIRQ
                0x000000000800815c       0x1c ./Drivers/STM32WLxx_HAL_Driver/Src/stm32wlxx_hal_cortex.o
                0x000000000800815c                HAL_NVIC_EnableIRQ
 .text.HAL_SYSTICK_Config
                0x0000000008008178       0x28 ./Drivers/STM32WLxx_HAL_Driver/Src/stm32wlxx_hal_cortex.o
                0x0000000008008178                HAL_SYSTICK_Config
 .text.DMA_CalcDMAMUXChannelBaseAndMask
                0x00000000080081a0       0x4c ./Drivers/STM32WLxx_HAL_Driver/Src/stm32wlxx_hal_dma.o
 .text.HAL_DMA_Init
                0x00000000080081ec       0xec ./Drivers/STM32WLxx_HAL_Driver/Src/stm32wlxx_hal_dma.o
                0x00000000080081ec                HAL_DMA_Init
 .text.HAL_GPIO_Init
                0x00000000080082d8      0x158 ./Drivers/STM32WLxx_HAL_Driver/Src/stm32wlxx_hal_gpio.o
                0x00000000080082d8                HAL_GPIO_Init
 .text.HAL_GPIO_WritePin
                0x0000000008008430        0xa ./Drivers/STM32WLxx_HAL_Driver/Src/stm32wlxx_hal_gpio.o
                0x0000000008008430                HAL_GPIO_WritePin
 .text.HAL_IWDG_Init
                0x000000000800843a       0x58 ./Drivers/STM32WLxx_HAL_Driver/Src/stm32wlxx_hal_iwdg.o
                0x000000000800843a                HAL_IWDG_Init
 .text.HAL_IWDG_Refresh
                0x0000000008008492        0xc ./Drivers/STM32WLxx_HAL_Driver/Src/stm32wlxx_hal_iwdg.o
                0x0000000008008492                HAL_IWDG_Refresh
 *fill*         0x000000000800849e        0x2 
 .text.HAL_PWR_EnableBkUpAccess
                0x00000000080084a0       0x10 ./Drivers/STM32WLxx_HAL_Driver/Src/stm32wlxx_hal_pwr.o
                0x00000000080084a0                HAL_PWR_EnableBkUpAccess
 .text.HAL_PWREx_GetVoltageRange
                0x00000000080084b0       0x10 ./Drivers/STM32WLxx_HAL_Driver/Src/stm32wlxx_hal_pwr_ex.o
                0x00000000080084b0                HAL_PWREx_GetVoltageRange
 .text.LL_RCC_HSE_IsReady
                0x00000000080084c0        0xc ./Drivers/STM32WLxx_HAL_Driver/Src/stm32wlxx_hal_rcc.o
 .text.LL_RCC_MSI_IsReady
                0x00000000080084cc        0xc ./Drivers/STM32WLxx_HAL_Driver/Src/stm32wlxx_hal_rcc.o
 .text.LL_RCC_MSI_SetCalibTrimming
                0x00000000080084d8       0x12 ./Drivers/STM32WLxx_HAL_Driver/Src/stm32wlxx_hal_rcc.o
 .text.LL_RCC_PLL_IsReady
                0x00000000080084ea        0xc ./Drivers/STM32WLxx_HAL_Driver/Src/stm32wlxx_hal_rcc.o
 *fill*         0x00000000080084f6        0x2 
 .text.RCC_SetFlashLatencyFromMSIRange
                0x00000000080084f8       0xd4 ./Drivers/STM32WLxx_HAL_Driver/Src/stm32wlxx_hal_rcc.o
 .text.HAL_RCC_GetSysClockFreq
                0x00000000080085cc       0xdc ./Drivers/STM32WLxx_HAL_Driver/Src/stm32wlxx_hal_rcc.o
                0x00000000080085cc                HAL_RCC_GetSysClockFreq
 .text.HAL_RCC_GetHCLKFreq
                0x00000000080086a8       0x20 ./Drivers/STM32WLxx_HAL_Driver/Src/stm32wlxx_hal_rcc.o
                0x00000000080086a8                HAL_RCC_GetHCLKFreq
 .text.HAL_RCC_OscConfig
                0x00000000080086c8      0x530 ./Drivers/STM32WLxx_HAL_Driver/Src/stm32wlxx_hal_rcc.o
                0x00000000080086c8                HAL_RCC_OscConfig
 .text.HAL_RCC_ClockConfig
                0x0000000008008bf8      0x1c0 ./Drivers/STM32WLxx_HAL_Driver/Src/stm32wlxx_hal_rcc.o
                0x0000000008008bf8                HAL_RCC_ClockConfig
 .text.HAL_RCC_GetPCLK1Freq
                0x0000000008008db8       0x20 ./Drivers/STM32WLxx_HAL_Driver/Src/stm32wlxx_hal_rcc.o
                0x0000000008008db8                HAL_RCC_GetPCLK1Freq
 .text.HAL_RCC_GetPCLK2Freq
                0x0000000008008dd8       0x20 ./Drivers/STM32WLxx_HAL_Driver/Src/stm32wlxx_hal_rcc.o
                0x0000000008008dd8                HAL_RCC_GetPCLK2Freq
 .text.LL_RCC_LSE_IsReady
                0x0000000008008df8        0xe ./Drivers/STM32WLxx_HAL_Driver/Src/stm32wlxx_hal_rcc_ex.o
 .text.LL_RCC_SetI2CClockSource
                0x0000000008008e06       0x20 ./Drivers/STM32WLxx_HAL_Driver/Src/stm32wlxx_hal_rcc_ex.o
 .text.LL_RCC_SetLPTIMClockSource
                0x0000000008008e26       0x1a ./Drivers/STM32WLxx_HAL_Driver/Src/stm32wlxx_hal_rcc_ex.o
 .text.HAL_RCCEx_PeriphCLKConfig
                0x0000000008008e40      0x1ac ./Drivers/STM32WLxx_HAL_Driver/Src/stm32wlxx_hal_rcc_ex.o
                0x0000000008008e40                HAL_RCCEx_PeriphCLKConfig
 .text.HAL_RTC_DeactivateAlarm
                0x0000000008008fec       0x78 ./Drivers/STM32WLxx_HAL_Driver/Src/stm32wlxx_hal_rtc.o
                0x0000000008008fec                HAL_RTC_DeactivateAlarm
 .text.HAL_RTC_WaitForSynchro
                0x0000000008009064       0x30 ./Drivers/STM32WLxx_HAL_Driver/Src/stm32wlxx_hal_rtc.o
                0x0000000008009064                HAL_RTC_WaitForSynchro
 .text.RTC_EnterInitMode
                0x0000000008009094       0x50 ./Drivers/STM32WLxx_HAL_Driver/Src/stm32wlxx_hal_rtc.o
                0x0000000008009094                RTC_EnterInitMode
 .text.RTC_ExitInitMode
                0x00000000080090e4       0x48 ./Drivers/STM32WLxx_HAL_Driver/Src/stm32wlxx_hal_rtc.o
                0x00000000080090e4                RTC_ExitInitMode
 .text.HAL_RTC_Init
                0x000000000800912c       0xa8 ./Drivers/STM32WLxx_HAL_Driver/Src/stm32wlxx_hal_rtc.o
                0x000000000800912c                HAL_RTC_Init
 .text.RTC_ByteToBcd2
                0x00000000080091d4       0x16 ./Drivers/STM32WLxx_HAL_Driver/Src/stm32wlxx_hal_rtc.o
                0x00000000080091d4                RTC_ByteToBcd2
 *fill*         0x00000000080091ea        0x2 
 .text.HAL_RTC_SetAlarm_IT
                0x00000000080091ec      0x15c ./Drivers/STM32WLxx_HAL_Driver/Src/stm32wlxx_hal_rtc.o
                0x00000000080091ec                HAL_RTC_SetAlarm_IT
 .text.HAL_RTCEx_EnableBypassShadow
                0x0000000008009348       0x3c ./Drivers/STM32WLxx_HAL_Driver/Src/stm32wlxx_hal_rtc_ex.o
                0x0000000008009348                HAL_RTCEx_EnableBypassShadow
 .text.HAL_RTCEx_BKUPWrite
                0x0000000008009384        0xe ./Drivers/STM32WLxx_HAL_Driver/Src/stm32wlxx_hal_rtc_ex.o
                0x0000000008009384                HAL_RTCEx_BKUPWrite
 *fill*         0x0000000008009392        0x2 
 .text.SPI_WaitFlagStateUntilTimeout
                0x0000000008009394       0xb8 ./Drivers/STM32WLxx_HAL_Driver/Src/stm32wlxx_hal_spi.o
 .text.SPI_WaitFifoStateUntilTimeout
                0x000000000800944c       0xd8 ./Drivers/STM32WLxx_HAL_Driver/Src/stm32wlxx_hal_spi.o
 .text.SPI_EndRxTxTransaction
                0x0000000008009524       0x4e ./Drivers/STM32WLxx_HAL_Driver/Src/stm32wlxx_hal_spi.o
 .text.HAL_SPI_Init
                0x0000000008009572      0x10e ./Drivers/STM32WLxx_HAL_Driver/Src/stm32wlxx_hal_spi.o
                0x0000000008009572                HAL_SPI_Init
 .text.HAL_SPI_Transmit
                0x0000000008009680      0x1b8 ./Drivers/STM32WLxx_HAL_Driver/Src/stm32wlxx_hal_spi.o
                0x0000000008009680                HAL_SPI_Transmit
 .text.LL_PWR_UnselectSUBGHZSPI_NSS
                0x0000000008009838       0x14 ./Drivers/STM32WLxx_HAL_Driver/Src/stm32wlxx_hal_subghz.o
 .text.LL_PWR_SelectSUBGHZSPI_NSS
                0x000000000800984c       0x14 ./Drivers/STM32WLxx_HAL_Driver/Src/stm32wlxx_hal_subghz.o
 .text.SUBGHZSPI_Init
                0x0000000008009860       0x24 ./Drivers/STM32WLxx_HAL_Driver/Src/stm32wlxx_hal_subghz.o
                0x0000000008009860                SUBGHZSPI_Init
 .text.HAL_SUBGHZ_Init
                0x0000000008009884       0xb8 ./Drivers/STM32WLxx_HAL_Driver/Src/stm32wlxx_hal_subghz.o
                0x0000000008009884                HAL_SUBGHZ_Init
 .text.SUBGHZSPI_Transmit
                0x000000000800993c       0x68 ./Drivers/STM32WLxx_HAL_Driver/Src/stm32wlxx_hal_subghz.o
                0x000000000800993c                SUBGHZSPI_Transmit
 .text.SUBGHZSPI_Receive
                0x00000000080099a4       0x6c ./Drivers/STM32WLxx_HAL_Driver/Src/stm32wlxx_hal_subghz.o
                0x00000000080099a4                SUBGHZSPI_Receive
 .text.SUBGHZ_WaitOnBusy
                0x0000000008009a10       0x48 ./Drivers/STM32WLxx_HAL_Driver/Src/stm32wlxx_hal_subghz.o
                0x0000000008009a10                SUBGHZ_WaitOnBusy
 .text.SUBGHZ_CheckDeviceReady
                0x0000000008009a58       0x38 ./Drivers/STM32WLxx_HAL_Driver/Src/stm32wlxx_hal_subghz.o
                0x0000000008009a58                SUBGHZ_CheckDeviceReady
 .text.HAL_SUBGHZ_WriteRegisters
                0x0000000008009a90       0x72 ./Drivers/STM32WLxx_HAL_Driver/Src/stm32wlxx_hal_subghz.o
                0x0000000008009a90                HAL_SUBGHZ_WriteRegisters
 .text.HAL_SUBGHZ_ReadRegisters
                0x0000000008009b02       0x76 ./Drivers/STM32WLxx_HAL_Driver/Src/stm32wlxx_hal_subghz.o
                0x0000000008009b02                HAL_SUBGHZ_ReadRegisters
 .text.HAL_SUBGHZ_ExecSetCmd
                0x0000000008009b78       0x70 ./Drivers/STM32WLxx_HAL_Driver/Src/stm32wlxx_hal_subghz.o
                0x0000000008009b78                HAL_SUBGHZ_ExecSetCmd
 .text.HAL_SUBGHZ_ExecGetCmd
                0x0000000008009be8       0x66 ./Drivers/STM32WLxx_HAL_Driver/Src/stm32wlxx_hal_subghz.o
                0x0000000008009be8                HAL_SUBGHZ_ExecGetCmd
 .text.HAL_SUBGHZ_IRQHandler
                0x0000000008009c4e       0x9a ./Drivers/STM32WLxx_HAL_Driver/Src/stm32wlxx_hal_subghz.o
                0x0000000008009c4e                HAL_SUBGHZ_IRQHandler
 .text.HAL_SUBGHZ_WriteBuffer
                0x0000000008009ce8       0x66 ./Drivers/STM32WLxx_HAL_Driver/Src/stm32wlxx_hal_subghz.o
                0x0000000008009ce8                HAL_SUBGHZ_WriteBuffer
 .text.HAL_SUBGHZ_ReadBuffer
                0x0000000008009d4e       0x6e ./Drivers/STM32WLxx_HAL_Driver/Src/stm32wlxx_hal_subghz.o
                0x0000000008009d4e                HAL_SUBGHZ_ReadBuffer
 .text.TIM_Base_SetConfig
                0x0000000008009dbc       0x74 ./Drivers/STM32WLxx_HAL_Driver/Src/stm32wlxx_hal_tim.o
                0x0000000008009dbc                TIM_Base_SetConfig
 .text.HAL_TIM_Base_Init
                0x0000000008009e30       0x60 ./Drivers/STM32WLxx_HAL_Driver/Src/stm32wlxx_hal_tim.o
                0x0000000008009e30                HAL_TIM_Base_Init
 .text.TIM_ETR_SetConfig
                0x0000000008009e90       0x14 ./Drivers/STM32WLxx_HAL_Driver/Src/stm32wlxx_hal_tim.o
                0x0000000008009e90                TIM_ETR_SetConfig
 .text.HAL_TIM_ConfigClockSource
                0x0000000008009ea4      0x14c ./Drivers/STM32WLxx_HAL_Driver/Src/stm32wlxx_hal_tim.o
                0x0000000008009ea4                HAL_TIM_ConfigClockSource
 .text.HAL_TIMEx_MasterConfigSynchronization
                0x0000000008009ff0       0x58 ./Drivers/STM32WLxx_HAL_Driver/Src/stm32wlxx_hal_tim_ex.o
                0x0000000008009ff0                HAL_TIMEx_MasterConfigSynchronization
 .text.HAL_UART_GetState
                0x000000000800a048        0xc ./Drivers/STM32WLxx_HAL_Driver/Src/stm32wlxx_hal_uart.o
                0x000000000800a048                HAL_UART_GetState
 .text.UART_SetConfig
                0x000000000800a054      0x230 ./Drivers/STM32WLxx_HAL_Driver/Src/stm32wlxx_hal_uart.o
                0x000000000800a054                UART_SetConfig
 .text.UART_AdvFeatureConfig
                0x000000000800a284       0xa8 ./Drivers/STM32WLxx_HAL_Driver/Src/stm32wlxx_hal_uart.o
                0x000000000800a284                UART_AdvFeatureConfig
 .text.UART_WaitOnFlagUntilTimeout
                0x000000000800a32c       0xc4 ./Drivers/STM32WLxx_HAL_Driver/Src/stm32wlxx_hal_uart.o
                0x000000000800a32c                UART_WaitOnFlagUntilTimeout
 .text.UART_CheckIdleState
                0x000000000800a3f0       0x6a ./Drivers/STM32WLxx_HAL_Driver/Src/stm32wlxx_hal_uart.o
                0x000000000800a3f0                UART_CheckIdleState
 .text.HAL_UART_Init
                0x000000000800a45a       0x60 ./Drivers/STM32WLxx_HAL_Driver/Src/stm32wlxx_hal_uart.o
                0x000000000800a45a                HAL_UART_Init
 *fill*         0x000000000800a4ba        0x2 
 .text.UARTEx_SetNbDataToProcess
                0x000000000800a4bc       0x44 ./Drivers/STM32WLxx_HAL_Driver/Src/stm32wlxx_hal_uart_ex.o
 .text.HAL_UARTEx_DisableFifoMode
                0x000000000800a500       0x36 ./Drivers/STM32WLxx_HAL_Driver/Src/stm32wlxx_hal_uart_ex.o
                0x000000000800a500                HAL_UARTEx_DisableFifoMode
 .text.HAL_UARTEx_SetTxFifoThreshold
                0x000000000800a536       0x48 ./Drivers/STM32WLxx_HAL_Driver/Src/stm32wlxx_hal_uart_ex.o
                0x000000000800a536                HAL_UARTEx_SetTxFifoThreshold
 .text.HAL_UARTEx_SetRxFifoThreshold
                0x000000000800a57e       0x48 ./Drivers/STM32WLxx_HAL_Driver/Src/stm32wlxx_hal_uart_ex.o
                0x000000000800a57e                HAL_UARTEx_SetRxFifoThreshold
 *fill*         0x000000000800a5c6        0x2 
 .text.__libc_init_array
                0x000000000800a5c8       0x48 c:/st/stm32cubeide_1.12.0/stm32cubeide/plugins/com.st.stm32cube.ide.mcu.externaltools.gnu-tools-for-stm32.10.3-2021.10.win32_1.0.200.202301161003/tools/bin/../lib/gcc/arm-none-eabi/10.3.1/../../../../arm-none-eabi/lib/thumb/v7e-m/nofp\libc_nano.a(lib_a-init.o)
                0x000000000800a5c8                __libc_init_array
 .text.memcpy   0x000000000800a610       0x1c c:/st/stm32cubeide_1.12.0/stm32cubeide/plugins/com.st.stm32cube.ide.mcu.externaltools.gnu-tools-for-stm32.10.3-2021.10.win32_1.0.200.202301161003/tools/bin/../lib/gcc/arm-none-eabi/10.3.1/../../../../arm-none-eabi/lib/thumb/v7e-m/nofp\libc_nano.a(lib_a-memcpy-stub.o)
                0x000000000800a610                memcpy
 .text.memset   0x000000000800a62c       0x10 c:/st/stm32cubeide_1.12.0/stm32cubeide/plugins/com.st.stm32cube.ide.mcu.externaltools.gnu-tools-for-stm32.10.3-2021.10.win32_1.0.200.202301161003/tools/bin/../lib/gcc/arm-none-eabi/10.3.1/../../../../arm-none-eabi/lib/thumb/v7e-m/nofp\libc_nano.a(lib_a-memset.o)
                0x000000000800a62c                memset
 .text.srand    0x000000000800a63c       0x5c c:/st/stm32cubeide_1.12.0/stm32cubeide/plugins/com.st.stm32cube.ide.mcu.externaltools.gnu-tools-for-stm32.10.3-2021.10.win32_1.0.200.202301161003/tools/bin/../lib/gcc/arm-none-eabi/10.3.1/../../../../arm-none-eabi/lib/thumb/v7e-m/nofp\libc_nano.a(lib_a-rand.o)
                0x000000000800a63c                srand
 .text.sprintf  0x000000000800a698       0x40 c:/st/stm32cubeide_1.12.0/stm32cubeide/plugins/com.st.stm32cube.ide.mcu.externaltools.gnu-tools-for-stm32.10.3-2021.10.win32_1.0.200.202301161003/tools/bin/../lib/gcc/arm-none-eabi/10.3.1/../../../../arm-none-eabi/lib/thumb/v7e-m/nofp\libc_nano.a(lib_a-sprintf.o)
                0x000000000800a698                siprintf
                0x000000000800a698                sprintf
 .text.strcpy   0x000000000800a6d8       0x10 c:/st/stm32cubeide_1.12.0/stm32cubeide/plugins/com.st.stm32cube.ide.mcu.externaltools.gnu-tools-for-stm32.10.3-2021.10.win32_1.0.200.202301161003/tools/bin/../lib/gcc/arm-none-eabi/10.3.1/../../../../arm-none-eabi/lib/thumb/v7e-m/nofp\libc_nano.a(lib_a-strcpy.o)
                0x000000000800a6d8                strcpy
 .text.__assert_func
                0x000000000800a6e8       0x3c c:/st/stm32cubeide_1.12.0/stm32cubeide/plugins/com.st.stm32cube.ide.mcu.externaltools.gnu-tools-for-stm32.10.3-2021.10.win32_1.0.200.202301161003/tools/bin/../lib/gcc/arm-none-eabi/10.3.1/../../../../arm-none-eabi/lib/thumb/v7e-m/nofp\libc_nano.a(lib_a-assert.o)
                0x000000000800a6e8                __assert_func
 .text.fprintf  0x000000000800a724       0x24 c:/st/stm32cubeide_1.12.0/stm32cubeide/plugins/com.st.stm32cube.ide.mcu.externaltools.gnu-tools-for-stm32.10.3-2021.10.win32_1.0.200.202301161003/tools/bin/../lib/gcc/arm-none-eabi/10.3.1/../../../../arm-none-eabi/lib/thumb/v7e-m/nofp\libc_nano.a(lib_a-fprintf.o)
                0x000000000800a724                fiprintf
                0x000000000800a724                fprintf
 .text.malloc   0x000000000800a748       0x10 c:/st/stm32cubeide_1.12.0/stm32cubeide/plugins/com.st.stm32cube.ide.mcu.externaltools.gnu-tools-for-stm32.10.3-2021.10.win32_1.0.200.202301161003/tools/bin/../lib/gcc/arm-none-eabi/10.3.1/../../../../arm-none-eabi/lib/thumb/v7e-m/nofp\libc_nano.a(lib_a-malloc.o)
                0x000000000800a748                malloc
 .text._free_r  0x000000000800a758       0x94 c:/st/stm32cubeide_1.12.0/stm32cubeide/plugins/com.st.stm32cube.ide.mcu.externaltools.gnu-tools-for-stm32.10.3-2021.10.win32_1.0.200.202301161003/tools/bin/../lib/gcc/arm-none-eabi/10.3.1/../../../../arm-none-eabi/lib/thumb/v7e-m/nofp\libc_nano.a(lib_a-nano-freer.o)
                0x000000000800a758                _free_r
 .text.sbrk_aligned
                0x000000000800a7ec       0x40 c:/st/stm32cubeide_1.12.0/stm32cubeide/plugins/com.st.stm32cube.ide.mcu.externaltools.gnu-tools-for-stm32.10.3-2021.10.win32_1.0.200.202301161003/tools/bin/../lib/gcc/arm-none-eabi/10.3.1/../../../../arm-none-eabi/lib/thumb/v7e-m/nofp\libc_nano.a(lib_a-nano-mallocr.o)
 .text._malloc_r
                0x000000000800a82c       0xe8 c:/st/stm32cubeide_1.12.0/stm32cubeide/plugins/com.st.stm32cube.ide.mcu.externaltools.gnu-tools-for-stm32.10.3-2021.10.win32_1.0.200.202301161003/tools/bin/../lib/gcc/arm-none-eabi/10.3.1/../../../../arm-none-eabi/lib/thumb/v7e-m/nofp\libc_nano.a(lib_a-nano-mallocr.o)
                0x000000000800a82c                _malloc_r
 .text.__ssputs_r
                0x000000000800a914       0xb6 c:/st/stm32cubeide_1.12.0/stm32cubeide/plugins/com.st.stm32cube.ide.mcu.externaltools.gnu-tools-for-stm32.10.3-2021.10.win32_1.0.200.202301161003/tools/bin/../lib/gcc/arm-none-eabi/10.3.1/../../../../arm-none-eabi/lib/thumb/v7e-m/nofp\libc_nano.a(lib_a-nano-svfprintf.o)
                0x000000000800a914                __ssputs_r
 *fill*         0x000000000800a9ca        0x2 
 .text._svfprintf_r
                0x000000000800a9cc      0x200 c:/st/stm32cubeide_1.12.0/stm32cubeide/plugins/com.st.stm32cube.ide.mcu.externaltools.gnu-tools-for-stm32.10.3-2021.10.win32_1.0.200.202301161003/tools/bin/../lib/gcc/arm-none-eabi/10.3.1/../../../../arm-none-eabi/lib/thumb/v7e-m/nofp\libc_nano.a(lib_a-nano-svfprintf.o)
                0x000000000800a9cc                _svfiprintf_r
                0x000000000800a9cc                _svfprintf_r
 .text.__sfputc_r
                0x000000000800abcc       0x2a c:/st/stm32cubeide_1.12.0/stm32cubeide/plugins/com.st.stm32cube.ide.mcu.externaltools.gnu-tools-for-stm32.10.3-2021.10.win32_1.0.200.202301161003/tools/bin/../lib/gcc/arm-none-eabi/10.3.1/../../../../arm-none-eabi/lib/thumb/v7e-m/nofp\libc_nano.a(lib_a-nano-vfprintf.o)
 .text.__sfputs_r
                0x000000000800abf6       0x24 c:/st/stm32cubeide_1.12.0/stm32cubeide/plugins/com.st.stm32cube.ide.mcu.externaltools.gnu-tools-for-stm32.10.3-2021.10.win32_1.0.200.202301161003/tools/bin/../lib/gcc/arm-none-eabi/10.3.1/../../../../arm-none-eabi/lib/thumb/v7e-m/nofp\libc_nano.a(lib_a-nano-vfprintf.o)
                0x000000000800abf6                __sfputs_r
 *fill*         0x000000000800ac1a        0x2 
 .text._vfprintf_r
                0x000000000800ac1c      0x260 c:/st/stm32cubeide_1.12.0/stm32cubeide/plugins/com.st.stm32cube.ide.mcu.externaltools.gnu-tools-for-stm32.10.3-2021.10.win32_1.0.200.202301161003/tools/bin/../lib/gcc/arm-none-eabi/10.3.1/../../../../arm-none-eabi/lib/thumb/v7e-m/nofp\libc_nano.a(lib_a-nano-vfprintf.o)
                0x000000000800ac1c                _vfprintf_r
                0x000000000800ac1c                _vfiprintf_r
 .text._printf_common
                0x000000000800ae7c       0xda c:/st/stm32cubeide_1.12.0/stm32cubeide/plugins/com.st.stm32cube.ide.mcu.externaltools.gnu-tools-for-stm32.10.3-2021.10.win32_1.0.200.202301161003/tools/bin/../lib/gcc/arm-none-eabi/10.3.1/../../../../arm-none-eabi/lib/thumb/v7e-m/nofp\libc_nano.a(lib_a-nano-vfprintf_i.o)
                0x000000000800ae7c                _printf_common
 *fill*         0x000000000800af56        0x2 
 .text._printf_i
                0x000000000800af58      0x24c c:/st/stm32cubeide_1.12.0/stm32cubeide/plugins/com.st.stm32cube.ide.mcu.externaltools.gnu-tools-for-stm32.10.3-2021.10.win32_1.0.200.202301161003/tools/bin/../lib/gcc/arm-none-eabi/10.3.1/../../../../arm-none-eabi/lib/thumb/v7e-m/nofp\libc_nano.a(lib_a-nano-vfprintf_i.o)
                0x000000000800af58                _printf_i
 .text._sbrk_r  0x000000000800b1a4       0x20 c:/st/stm32cubeide_1.12.0/stm32cubeide/plugins/com.st.stm32cube.ide.mcu.externaltools.gnu-tools-for-stm32.10.3-2021.10.win32_1.0.200.202301161003/tools/bin/../lib/gcc/arm-none-eabi/10.3.1/../../../../arm-none-eabi/lib/thumb/v7e-m/nofp\libc_nano.a(lib_a-sbrkr.o)
                0x000000000800b1a4                _sbrk_r
 .text.__swbuf_r
                0x000000000800b1c4       0xa4 c:/st/stm32cubeide_1.12.0/stm32cubeide/plugins/com.st.stm32cube.ide.mcu.externaltools.gnu-tools-for-stm32.10.3-2021.10.win32_1.0.200.202301161003/tools/bin/../lib/gcc/arm-none-eabi/10.3.1/../../../../arm-none-eabi/lib/thumb/v7e-m/nofp\libc_nano.a(lib_a-wbuf.o)
                0x000000000800b1c4                __swbuf_r
 .text.__swsetup_r
                0x000000000800b268       0xdc c:/st/stm32cubeide_1.12.0/stm32cubeide/plugins/com.st.stm32cube.ide.mcu.externaltools.gnu-tools-for-stm32.10.3-2021.10.win32_1.0.200.202301161003/tools/bin/../lib/gcc/arm-none-eabi/10.3.1/../../../../arm-none-eabi/lib/thumb/v7e-m/nofp\libc_nano.a(lib_a-wsetup.o)
                0x000000000800b268                __swsetup_r
 .text.abort    0x000000000800b344        0xe c:/st/stm32cubeide_1.12.0/stm32cubeide/plugins/com.st.stm32cube.ide.mcu.externaltools.gnu-tools-for-stm32.10.3-2021.10.win32_1.0.200.202301161003/tools/bin/../lib/gcc/arm-none-eabi/10.3.1/../../../../arm-none-eabi/lib/thumb/v7e-m/nofp\libc_nano.a(lib_a-abort.o)
                0x000000000800b344                abort
 *fill*         0x000000000800b352        0x2 
 .text.__sflush_r
                0x000000000800b354      0x104 c:/st/stm32cubeide_1.12.0/stm32cubeide/plugins/com.st.stm32cube.ide.mcu.externaltools.gnu-tools-for-stm32.10.3-2021.10.win32_1.0.200.202301161003/tools/bin/../lib/gcc/arm-none-eabi/10.3.1/../../../../arm-none-eabi/lib/thumb/v7e-m/nofp\libc_nano.a(lib_a-fflush.o)
                0x000000000800b354                __sflush_r
 .text._fflush_r
                0x000000000800b458       0x78 c:/st/stm32cubeide_1.12.0/stm32cubeide/plugins/com.st.stm32cube.ide.mcu.externaltools.gnu-tools-for-stm32.10.3-2021.10.win32_1.0.200.202301161003/tools/bin/../lib/gcc/arm-none-eabi/10.3.1/../../../../arm-none-eabi/lib/thumb/v7e-m/nofp\libc_nano.a(lib_a-fflush.o)
                0x000000000800b458                _fflush_r
 .text.std      0x000000000800b4d0       0x48 c:/st/stm32cubeide_1.12.0/stm32cubeide/plugins/com.st.stm32cube.ide.mcu.externaltools.gnu-tools-for-stm32.10.3-2021.10.win32_1.0.200.202301161003/tools/bin/../lib/gcc/arm-none-eabi/10.3.1/../../../../arm-none-eabi/lib/thumb/v7e-m/nofp\libc_nano.a(lib_a-findfp.o)
 .text._cleanup_r
                0x000000000800b518        0xc c:/st/stm32cubeide_1.12.0/stm32cubeide/plugins/com.st.stm32cube.ide.mcu.externaltools.gnu-tools-for-stm32.10.3-2021.10.win32_1.0.200.202301161003/tools/bin/../lib/gcc/arm-none-eabi/10.3.1/../../../../arm-none-eabi/lib/thumb/v7e-m/nofp\libc_nano.a(lib_a-findfp.o)
                0x000000000800b518                _cleanup_r
 .text.__sfmoreglue
                0x000000000800b524       0x2c c:/st/stm32cubeide_1.12.0/stm32cubeide/plugins/com.st.stm32cube.ide.mcu.externaltools.gnu-tools-for-stm32.10.3-2021.10.win32_1.0.200.202301161003/tools/bin/../lib/gcc/arm-none-eabi/10.3.1/../../../../arm-none-eabi/lib/thumb/v7e-m/nofp\libc_nano.a(lib_a-findfp.o)
                0x000000000800b524                __sfmoreglue
 .text.__sfp_lock_acquire
                0x000000000800b550        0xc c:/st/stm32cubeide_1.12.0/stm32cubeide/plugins/com.st.stm32cube.ide.mcu.externaltools.gnu-tools-for-stm32.10.3-2021.10.win32_1.0.200.202301161003/tools/bin/../lib/gcc/arm-none-eabi/10.3.1/../../../../arm-none-eabi/lib/thumb/v7e-m/nofp\libc_nano.a(lib_a-findfp.o)
                0x000000000800b550                __sfp_lock_acquire
 .text.__sfp_lock_release
                0x000000000800b55c        0xc c:/st/stm32cubeide_1.12.0/stm32cubeide/plugins/com.st.stm32cube.ide.mcu.externaltools.gnu-tools-for-stm32.10.3-2021.10.win32_1.0.200.202301161003/tools/bin/../lib/gcc/arm-none-eabi/10.3.1/../../../../arm-none-eabi/lib/thumb/v7e-m/nofp\libc_nano.a(lib_a-findfp.o)
                0x000000000800b55c                __sfp_lock_release
 .text.__sinit_lock_acquire
                0x000000000800b568        0xc c:/st/stm32cubeide_1.12.0/stm32cubeide/plugins/com.st.stm32cube.ide.mcu.externaltools.gnu-tools-for-stm32.10.3-2021.10.win32_1.0.200.202301161003/tools/bin/../lib/gcc/arm-none-eabi/10.3.1/../../../../arm-none-eabi/lib/thumb/v7e-m/nofp\libc_nano.a(lib_a-findfp.o)
                0x000000000800b568                __sinit_lock_acquire
 .text.__sinit_lock_release
                0x000000000800b574        0xc c:/st/stm32cubeide_1.12.0/stm32cubeide/plugins/com.st.stm32cube.ide.mcu.externaltools.gnu-tools-for-stm32.10.3-2021.10.win32_1.0.200.202301161003/tools/bin/../lib/gcc/arm-none-eabi/10.3.1/../../../../arm-none-eabi/lib/thumb/v7e-m/nofp\libc_nano.a(lib_a-findfp.o)
                0x000000000800b574                __sinit_lock_release
 .text.__sinit  0x000000000800b580       0x70 c:/st/stm32cubeide_1.12.0/stm32cubeide/plugins/com.st.stm32cube.ide.mcu.externaltools.gnu-tools-for-stm32.10.3-2021.10.win32_1.0.200.202301161003/tools/bin/../lib/gcc/arm-none-eabi/10.3.1/../../../../arm-none-eabi/lib/thumb/v7e-m/nofp\libc_nano.a(lib_a-findfp.o)
                0x000000000800b580                __sinit
 .text.__sfp    0x000000000800b5f0       0x8c c:/st/stm32cubeide_1.12.0/stm32cubeide/plugins/com.st.stm32cube.ide.mcu.externaltools.gnu-tools-for-stm32.10.3-2021.10.win32_1.0.200.202301161003/tools/bin/../lib/gcc/arm-none-eabi/10.3.1/../../../../arm-none-eabi/lib/thumb/v7e-m/nofp\libc_nano.a(lib_a-findfp.o)
                0x000000000800b5f0                __sfp
 .text._fwalk_reent
                0x000000000800b67c       0x3e c:/st/stm32cubeide_1.12.0/stm32cubeide/plugins/com.st.stm32cube.ide.mcu.externaltools.gnu-tools-for-stm32.10.3-2021.10.win32_1.0.200.202301161003/tools/bin/../lib/gcc/arm-none-eabi/10.3.1/../../../../arm-none-eabi/lib/thumb/v7e-m/nofp\libc_nano.a(lib_a-fwalk.o)
                0x000000000800b67c                _fwalk_reent
 .text.__retarget_lock_init_recursive
                0x000000000800b6ba        0x2 c:/st/stm32cubeide_1.12.0/stm32cubeide/plugins/com.st.stm32cube.ide.mcu.externaltools.gnu-tools-for-stm32.10.3-2021.10.win32_1.0.200.202301161003/tools/bin/../lib/gcc/arm-none-eabi/10.3.1/../../../../arm-none-eabi/lib/thumb/v7e-m/nofp\libc_nano.a(lib_a-lock.o)
                0x000000000800b6ba                __retarget_lock_init_recursive
 .text.__retarget_lock_acquire_recursive
                0x000000000800b6bc        0x2 c:/st/stm32cubeide_1.12.0/stm32cubeide/plugins/com.st.stm32cube.ide.mcu.externaltools.gnu-tools-for-stm32.10.3-2021.10.win32_1.0.200.202301161003/tools/bin/../lib/gcc/arm-none-eabi/10.3.1/../../../../arm-none-eabi/lib/thumb/v7e-m/nofp\libc_nano.a(lib_a-lock.o)
                0x000000000800b6bc                __retarget_lock_acquire_recursive
 .text.__retarget_lock_release_recursive
                0x000000000800b6be        0x2 c:/st/stm32cubeide_1.12.0/stm32cubeide/plugins/com.st.stm32cube.ide.mcu.externaltools.gnu-tools-for-stm32.10.3-2021.10.win32_1.0.200.202301161003/tools/bin/../lib/gcc/arm-none-eabi/10.3.1/../../../../arm-none-eabi/lib/thumb/v7e-m/nofp\libc_nano.a(lib_a-lock.o)
                0x000000000800b6be                __retarget_lock_release_recursive
 .text.__swhatbuf_r
                0x000000000800b6c0       0x4a c:/st/stm32cubeide_1.12.0/stm32cubeide/plugins/com.st.stm32cube.ide.mcu.externaltools.gnu-tools-for-stm32.10.3-2021.10.win32_1.0.200.202301161003/tools/bin/../lib/gcc/arm-none-eabi/10.3.1/../../../../arm-none-eabi/lib/thumb/v7e-m/nofp\libc_nano.a(lib_a-makebuf.o)
                0x000000000800b6c0                __swhatbuf_r
 *fill*         0x000000000800b70a        0x2 
 .text.__smakebuf_r