../Drivers/BSP/STM32WLxx_Nucleo/stm32wlxx_nucleo_radio.c:9:9:BSP_RADIO_Init	48	static
../Drivers/BSP/STM32WLxx_Nucleo/stm32wlxx_nucleo_radio.c:45:9:BSP_RADIO_DeInit	8	static
../Drivers/BSP/STM32WLxx_Nucleo/stm32wlxx_nucleo_radio.c:69:9:BSP_RADIO_ConfigRFSwitch	8	static
../Drivers/BSP/STM32WLxx_Nucleo/stm32wlxx_nucleo_radio.c:115:9:BSP_RADIO_GetTxConfig	0	static
../Drivers/BSP/STM32WLxx_Nucleo/stm32wlxx_nucleo_radio.c:127:9:BSP_RADIO_IsTCXO	0	static
../Drivers/BSP/STM32WLxx_Nucleo/stm32wlxx_nucleo_radio.c:139:9:BSP_RADIO_IsDCDC	0	static
../Drivers/BSP/STM32WLxx_Nucleo/stm32wlxx_nucleo_radio.c:150:9:BSP_RADIO_GetRFOMaxPowerConfig	0	static
