Archive member included to satisfy reference by file (symbol)

/app/stm32cubeide/plugins/com.st.stm32cube.ide.mcu.externaltools.gnu-tools-for-stm32.10.3-2021.10.linux64_1.0.200.202301161003/tools/bin/../lib/gcc/arm-none-eabi/10.3.1/../../../../arm-none-eabi/lib/thumb/v7e-m/nofp/libc_nano.a(lib_a-exit.o)
                              /app/stm32cubeide/plugins/com.st.stm32cube.ide.mcu.externaltools.gnu-tools-for-stm32.10.3-2021.10.linux64_1.0.200.202301161003/tools/bin/../lib/gcc/arm-none-eabi/10.3.1/../../../../arm-none-eabi/lib/thumb/v7e-m/nofp/crt0.o (exit)
/app/stm32cubeide/plugins/com.st.stm32cube.ide.mcu.externaltools.gnu-tools-for-stm32.10.3-2021.10.linux64_1.0.200.202301161003/tools/bin/../lib/gcc/arm-none-eabi/10.3.1/../../../../arm-none-eabi/lib/thumb/v7e-m/nofp/libc_nano.a(lib_a-impure.o)
                              /app/stm32cubeide/plugins/com.st.stm32cube.ide.mcu.externaltools.gnu-tools-for-stm32.10.3-2021.10.linux64_1.0.200.202301161003/tools/bin/../lib/gcc/arm-none-eabi/10.3.1/../../../../arm-none-eabi/lib/thumb/v7e-m/nofp/libc_nano.a(lib_a-exit.o) (_global_impure_ptr)
/app/stm32cubeide/plugins/com.st.stm32cube.ide.mcu.externaltools.gnu-tools-for-stm32.10.3-2021.10.linux64_1.0.200.202301161003/tools/bin/../lib/gcc/arm-none-eabi/10.3.1/../../../../arm-none-eabi/lib/thumb/v7e-m/nofp/libc_nano.a(lib_a-init.o)
                              /app/stm32cubeide/plugins/com.st.stm32cube.ide.mcu.externaltools.gnu-tools-for-stm32.10.3-2021.10.linux64_1.0.200.202301161003/tools/bin/../lib/gcc/arm-none-eabi/10.3.1/../../../../arm-none-eabi/lib/thumb/v7e-m/nofp/crt0.o (__libc_init_array)
/app/stm32cubeide/plugins/com.st.stm32cube.ide.mcu.externaltools.gnu-tools-for-stm32.10.3-2021.10.linux64_1.0.200.202301161003/tools/bin/../lib/gcc/arm-none-eabi/10.3.1/../../../../arm-none-eabi/lib/thumb/v7e-m/nofp/libc_nano.a(lib_a-memcpy-stub.o)
                              ./Core/Src/gnss.o (memcpy)
/app/stm32cubeide/plugins/com.st.stm32cube.ide.mcu.externaltools.gnu-tools-for-stm32.10.3-2021.10.linux64_1.0.200.202301161003/tools/bin/../lib/gcc/arm-none-eabi/10.3.1/../../../../arm-none-eabi/lib/thumb/v7e-m/nofp/libc_nano.a(lib_a-memset.o)
                              /app/stm32cubeide/plugins/com.st.stm32cube.ide.mcu.externaltools.gnu-tools-for-stm32.10.3-2021.10.linux64_1.0.200.202301161003/tools/bin/../lib/gcc/arm-none-eabi/10.3.1/../../../../arm-none-eabi/lib/thumb/v7e-m/nofp/crt0.o (memset)
/app/stm32cubeide/plugins/com.st.stm32cube.ide.mcu.externaltools.gnu-tools-for-stm32.10.3-2021.10.linux64_1.0.200.202301161003/tools/bin/../lib/gcc/arm-none-eabi/10.3.1/../../../../arm-none-eabi/lib/thumb/v7e-m/nofp/libc_nano.a(lib_a-rand.o)
                              ./SubGHz_Phy/App/subghz_phy_app.o (srand)
/app/stm32cubeide/plugins/com.st.stm32cube.ide.mcu.externaltools.gnu-tools-for-stm32.10.3-2021.10.linux64_1.0.200.202301161003/tools/bin/../lib/gcc/arm-none-eabi/10.3.1/../../../../arm-none-eabi/lib/thumb/v7e-m/nofp/libc_nano.a(lib_a-sprintf.o)
                              ./Core/Src/ST7735.o (sprintf)
/app/stm32cubeide/plugins/com.st.stm32cube.ide.mcu.externaltools.gnu-tools-for-stm32.10.3-2021.10.linux64_1.0.200.202301161003/tools/bin/../lib/gcc/arm-none-eabi/10.3.1/../../../../arm-none-eabi/lib/thumb/v7e-m/nofp/libc_nano.a(lib_a-strcpy.o)
                              ./Core/Src/compass.o (strcpy)
/app/stm32cubeide/plugins/com.st.stm32cube.ide.mcu.externaltools.gnu-tools-for-stm32.10.3-2021.10.linux64_1.0.200.202301161003/tools/bin/../lib/gcc/arm-none-eabi/10.3.1/../../../../arm-none-eabi/lib/thumb/v7e-m/nofp/libc_nano.a(lib_a-strlen.o)
                              ./Utilities/misc/stm32_tiny_sscanf.o (strlen)
/app/stm32cubeide/plugins/com.st.stm32cube.ide.mcu.externaltools.gnu-tools-for-stm32.10.3-2021.10.linux64_1.0.200.202301161003/tools/bin/../lib/gcc/arm-none-eabi/10.3.1/../../../../arm-none-eabi/lib/thumb/v7e-m/nofp/libc_nano.a(lib_a-assert.o)
                              /app/stm32cubeide/plugins/com.st.stm32cube.ide.mcu.externaltools.gnu-tools-for-stm32.10.3-2021.10.linux64_1.0.200.202301161003/tools/bin/../lib/gcc/arm-none-eabi/10.3.1/../../../../arm-none-eabi/lib/thumb/v7e-m/nofp/libc_nano.a(lib_a-rand.o) (__assert_func)
/app/stm32cubeide/plugins/com.st.stm32cube.ide.mcu.externaltools.gnu-tools-for-stm32.10.3-2021.10.linux64_1.0.200.202301161003/tools/bin/../lib/gcc/arm-none-eabi/10.3.1/../../../../arm-none-eabi/lib/thumb/v7e-m/nofp/libc_nano.a(lib_a-fprintf.o)
                              /app/stm32cubeide/plugins/com.st.stm32cube.ide.mcu.externaltools.gnu-tools-for-stm32.10.3-2021.10.linux64_1.0.200.202301161003/tools/bin/../lib/gcc/arm-none-eabi/10.3.1/../../../../arm-none-eabi/lib/thumb/v7e-m/nofp/libc_nano.a(lib_a-assert.o) (fiprintf)
/app/stm32cubeide/plugins/com.st.stm32cube.ide.mcu.externaltools.gnu-tools-for-stm32.10.3-2021.10.linux64_1.0.200.202301161003/tools/bin/../lib/gcc/arm-none-eabi/10.3.1/../../../../arm-none-eabi/lib/thumb/v7e-m/nofp/libc_nano.a(lib_a-malloc.o)
[...]
Memory Configuration

Name             Origin             Length             Attributes
RAM              0x0000000020000000 0x0000000000010000 xrw
RAM2             0x0000000010000000 0x0000000000008000 xrw
FLASH            0x0000000008000000 0x0000000000040000 xr
*default*        0x0000000000000000 0xffffffffffffffff

Linker script and memory map

LOAD /app/stm32cubeide/plugins/com.st.stm32cube.ide.mcu.externaltools.gnu-tools-for-stm32.10.3-2021.10.linux64_1.0.200.202301161003/tools/bin/../lib/gcc/arm-none-eabi/10.3.1/thumb/v7e-m/nofp/crti.o
LOAD /app/stm32cubeide/plugins/com.st.stm32cube.ide.mcu.externaltools.gnu-tools-for-stm32.10.3-2021.10.linux64_1.0.200.202301161003/tools/bin/../lib/gcc/arm-none-eabi/10.3.1/thumb/v7e-m/nofp/crtbegin.o
LOAD /app/stm32cubeide/plugins/com.st.stm32cube.ide.mcu.externaltools.gnu-tools-for-stm32.10.3-2021.10.linux64_1.0.200.202301161003/tools/bin/../lib/gcc/arm-none-eabi/10.3.1/../../../../arm-none-eabi/lib/thumb/v7e-m/nofp/crt0.o
LOAD ./Core/Src/ST7735.o
LOAD ./Core/Src/adc.o
LOAD ./Core/Src/adc_if.o
LOAD ./Core/Src/bno055.o
LOAD ./Core/Src/buttons.o
LOAD ./Core/Src/compass.o
LOAD ./Core/Src/eeprom.o
LOAD ./Core/Src/fonts.o
LOAD ./Core/Src/gnss.o
LOAD ./Core/Src/gpio.o
LOAD ./Core/Src/i2c.o
LOAD ./Core/Src/iwdg.o
LOAD ./Core/Src/lptim.o
LOAD ./Core/Src/lrns.o
LOAD ./Core/Src/main.o
LOAD ./Core/Src/menu.o
LOAD ./Core/Src/rtc.o
LOAD ./Core/Src/settings.o
LOAD ./Core/Src/spi.o
LOAD ./Core/Src/stm32_adv_trace_if.o
LOAD ./Core/Src/stm32_lpm_if.o
LOAD ./Core/Src/stm32wlxx_hal_msp.o
LOAD ./Core/Src/stm32wlxx_it.o
LOAD ./Core/Src/subghz.o
LOAD ./Core/Src/sys_app.o
LOAD ./Core/Src/sys_debug.o
LOAD ./Core/Src/system_stm32wlxx.o
LOAD ./Core/Src/tim.o
LOAD ./Core/Src/timer_if.o
LOAD ./Core/Src/usart.o
LOAD ./Core/Src/usart_if.o
LOAD ./Core/Startup/startup_stm32wle5ccux.o
LOAD ./Drivers/BSP/STM32WLxx_Nucleo/stm32wlxx_nucleo_radio.o
LOAD ./Drivers/STM32WLxx_HAL_Driver/Src/stm32wlxx_hal.o
LOAD ./Drivers/STM32WLxx_HAL_Driver/Src/stm32wlxx_hal_adc.o
LOAD ./Drivers/STM32WLxx_HAL_Driver/Src/stm32wlxx_hal_adc_ex.o
LOAD ./Drivers/STM32WLxx_HAL_Driver/Src/stm32wlxx_hal_cortex.o
LOAD ./Drivers/STM32WLxx_HAL_Driver/Src/stm32wlxx_hal_dma.o
LOAD ./Drivers/STM32WLxx_HAL_Driver/Src/stm32wlxx_hal_dma_ex.o
LOAD ./Drivers/STM32WLxx_HAL_Driver/Src/stm32wlxx_hal_exti.o
LOAD ./Drivers/STM32WLxx_HAL_Driver/Src/stm32wlxx_hal_flash.o
LOAD ./Drivers/STM32WLxx_HAL_Driver/Src/stm32wlxx_hal_flash_ex.o
LOAD ./Drivers/STM32WLxx_HAL_Driver/Src/stm32wlxx_hal_gpio.o
LOAD ./Drivers/STM32WLxx_HAL_Driver/Src/stm32wlxx_hal_i2c.o
LOAD ./Drivers/STM32WLxx_HAL_Driver/Src/stm32wlxx_hal_i2c_ex.o
LOAD ./Drivers/STM32WLxx_HAL_Driver/Src/stm32wlxx_hal_iwdg.o
LOAD ./Drivers/STM32WLxx_HAL_Driver/Src/stm32wlxx_hal_lptim.o
LOAD ./Drivers/STM32WLxx_HAL_Driver/Src/stm32wlxx_hal_pwr.o
LOAD ./Drivers/STM32WLxx_HAL_Driver/Src/stm32wlxx_hal_pwr_ex.o
LOAD ./Drivers/STM32WLxx_HAL_Driver/Src/stm32wlxx_hal_rcc.o
LOAD ./Drivers/STM32WLxx_HAL_Driver/Src/stm32wlxx_hal_rcc_ex.o
LOAD ./Drivers/STM32WLxx_HAL_Driver/Src/stm32wlxx_hal_rtc.o
LOAD ./Drivers/STM32WLxx_HAL_Driver/Src/stm32wlxx_hal_rtc_ex.o
LOAD ./Drivers/STM32WLxx_HAL_Driver/Src/stm32wlxx_hal_spi.o
LOAD ./Drivers/STM32WLxx_HAL_Driver/Src/stm32wlxx_hal_spi_ex.o
LOAD ./Drivers/STM32WLxx_HAL_Driver/Src/stm32wlxx_hal_subghz.o
LOAD ./Drivers/STM32WLxx_HAL_Driver/Src/stm32wlxx_hal_tim.o
LOAD ./Drivers/STM32WLxx_HAL_Driver/Src/stm32wlxx_hal_tim_ex.o
LOAD ./Drivers/STM32WLxx_HAL_Driver/Src/stm32wlxx_hal_uart.o
LOAD ./Drivers/STM32WLxx_HAL_Driver/Src/stm32wlxx_hal_uart_ex.o
LOAD ./Drivers/STM32WLxx_HAL_Driver/Src/stm32wlxx_ll_adc.o
LOAD ./Middlewares/Third_Party/SubGHz_Phy/stm32_radio_driver/radio.o
LOAD ./Middlewares/Third_Party/SubGHz_Phy/stm32_radio_driver/radio_driver.o
LOAD ./Middlewares/Third_Party/SubGHz_Phy/stm32_radio_driver/radio_fw.o
LOAD ./SubGHz_Phy/App/app_subghz_phy.o
LOAD ./SubGHz_Phy/App/subghz_phy_app.o
LOAD ./SubGHz_Phy/Target/radio_board_if.o
LOAD ./Utilities/lpm/tiny_lpm/stm32_lpm.o
LOAD ./Utilities/misc/stm32_mem.o
LOAD ./Utilities/misc/stm32_systime.o
LOAD ./Utilities/misc/stm32_tiny_sscanf.o
LOAD ./Utilities/misc/stm32_tiny_vsnprintf.o
LOAD ./Utilities/sequencer/stm32_seq.o
LOAD ./Utilities/timer/stm32_timer.o
LOAD ./Utilities/trace/adv_trace/stm32_adv_trace.o
START GROUP
LOAD /app/stm32cubeide/plugins/com.st.stm32cube.ide.mcu.externaltools.gnu-tools-for-stm32.10.3-2021.10.linux64_1.0.200.202301161003/tools/bin/../lib/gcc/arm-none-eabi/10.3.1/../../../../arm-none-eabi/lib/thumb/v7e-m/nofp/libc_nano.a
LOAD /app/stm32cubeide/plugins/com.st.stm32cube.ide.mcu.externaltools.gnu-tools-for-stm32.10.3-2021.10.linux64_1.0.200.202301161003/tools/bin/../lib/gcc/arm-none-eabi/10.3.1/../../../../arm-none-eabi/lib/thumb/v7e-m/nofp/libm.a
END GROUP
START GROUP
LOAD /app/stm32cubeide/plugins/com.st.stm32cube.ide.mcu.externaltools.gnu-tools-for-stm32.10.3-2021.10.linux64_1.0.200.202301161003/tools/bin/../lib/gcc/arm-none-eabi/10.3.1/thumb/v7e-m/nofp/libgcc.a
LOAD /app/stm32cubeide/plugins/com.st.stm32cube.ide.mcu.externaltools.gnu-tools-for-stm32.10.3-2021.10.linux64_1.0.200.202301161003/tools/bin/../lib/gcc/arm-none-eabi/10.3.1/../../../../arm-none-eabi/lib/thumb/v7e-m/nofp/libc_nano.a
END GROUP
START GROUP
LOAD /app/stm32cubeide/plugins/com.st.stm32cube.ide.mcu.externaltools.gnu-tools-for-stm32.10.3-2021.10.linux64_1.0.200.202301161003/tools/bin/../lib/gcc/arm-none-eabi/10.3.1/thumb/v7e-m/nofp/libgcc.a
LOAD /app/stm32cubeide/plugins/com.st.stm32cube.ide.mcu.externaltools.gnu-tools-for-stm32.10.3-2021.10.linux64_1.0.200.202301161003/tools/bin/../lib/gcc/arm-none-eabi/10.3.1/../../../../arm-none-eabi/lib/thumb/v7e-m/nofp/libc_nano.a
LOAD /app/stm32cubeide/plugins/com.st.stm32cube.ide.mcu.externaltools.gnu-tools-for-stm32.10.3-2021.10.linux64_1.0.200.202301161003/tools/bin/../lib/gcc/arm-none-eabi/10.3.1/../../../../arm-none-eabi/lib/thumb/v7e-m/nofp/libnosys.a
END GROUP
START GROUP
LOAD /app/stm32cubeide/plugins/com.st.stm32cube.ide.mcu.externaltools.gnu-tools-for-stm32.10.3-2021.10.linux64_1.0.200.202301161003/tools/bin/../lib/gcc/arm-none-eabi/10.3.1/thumb/v7e-m/nofp/libgcc.a
LOAD /app/stm32cubeide/plugins/com.st.stm32cube.ide.mcu.externaltools.gnu-tools-for-stm32.10.3-2021.10.linux64_1.0.200.202301161003/tools/bin/../lib/gcc/arm-none-eabi/10.3.1/../../../../arm-none-eabi/lib/thumb/v7e-m/nofp/libc_nano.a
LOAD /app/stm32cubeide/plugins/com.st.stm32cube.ide.mcu.externaltools.gnu-tools-for-stm32.10.3-2021.10.linux64_1.0.200.202301161003/tools/bin/../lib/gcc/arm-none-eabi/10.3.1/../../../../arm-none-eabi/lib/thumb/v7e-m/nofp/libnosys.a
END GROUP
LOAD /app/stm32cubeide/plugins/com.st.stm32cube.ide.mcu.externaltools.gnu-tools-for-stm32.10.3-2021.10.linux64_1.0.200.202301161003/tools/bin/../lib/gcc/arm-none-eabi/10.3.1/thumb/v7e-m/nofp/crtend.o
LOAD /app/stm32cubeide/plugins/com.st.stm32cube.ide.mcu.externaltools.gnu-tools-for-stm32.10.3-2021.10.linux64_1.0.200.202301161003/tools/bin/../lib/gcc/arm-none-eabi/10.3.1/thumb/v7e-m/nofp/crtn.o
                0x0000000020010000                _estack = (ORIGIN (RAM) + LENGTH (RAM))
                0x0000000000000200                _Min_Heap_Size = 0x200
                0x0000000000000400                _Min_Stack_Size = 0x400

.isr_vector     0x0000000008000000      0x138
                0x0000000008000000                . = ALIGN (0x4)
 *(.isr_vector)
 .isr_vector    0x0000000008000000      0x138 ./Core/Startup/startup_stm32wle5ccux.o
                0x0000000008000000                g_pfnVectors
                0x0000000008000138                . = ALIGN (0x4)

.text           0x0000000008000140    0x12798
                0x0000000008000140                . = ALIGN (0x4)
 *(.text)
 .text          0x0000000008000140       0x40 /app/stm32cubeide/plugins/com.st.stm32cube.ide.mcu.externaltools.gnu-tools-for-stm32.10.3-2021.10.linux64_1.0.200.202301161003/tools/bin/../lib/gcc/arm-none-eabi/10.3.1/thumb/v7e-m/nofp/crtbegin.o
 .text          0x0000000008000180       0xa0 /app/stm32cubeide/plugins/com.st.stm32cube.ide.mcu.externaltools.gnu-tools-for-stm32.10.3-2021.10.linux64_1.0.200.202301161003/tools/bin/../lib/gcc/arm-none-eabi/10.3.1/../../../../arm-none-eabi/lib/thumb/v7e-m/nofp/libc_nano.a(lib_a-memchr.o)
                0x0000000008000180                memchr
 .text          0x0000000008000220      0x378 /app/stm32cubeide/plugins/com.st.stm32cube.ide.mcu.externaltools.gnu-tools-for-stm32.10.3-2021.10.linux64_1.0.200.202301161003/tools/bin/../lib/gcc/arm-none-eabi/10.3.1/thumb/v7e-m/nofp/libgcc.a(_arm_addsubdf3.o)
                0x0000000008000220                __aeabi_drsub
                0x0000000008000228                __aeabi_dsub
                0x0000000008000228                __subdf3
                0x000000000800022c                __adddf3
                0x000000000800022c                __aeabi_dadd
                0x00000000080004a4                __aeabi_ui2d
                0x00000000080004a4                __floatunsidf
                0x00000000080004c4                __floatsidf
                0x00000000080004c4                __aeabi_i2d
                0x00000000080004e8                __extendsfdf2
                0x00000000080004e8                __aeabi_f2d
                0x000000000800052c                __aeabi_ul2d
                0x000000000800052c                __floatundidf
                0x000000000800053c                __floatdidf
                0x000000000800053c                __aeabi_l2d
 .text          0x0000000008000598      0x424 /app/stm32cubeide/plugins/com.st.stm32cube.ide.mcu.externaltools.gnu-tools-for-stm32.10.3-2021.10.linux64_1.0.200.202301161003/tools/bin/../lib/gcc/arm-none-eabi/10.3.1/thumb/v7e-m/nofp/libgcc.a(_arm_muldivdf3.o)
                0x0000000008000598                __aeabi_dmul
                0x0000000008000598                __muldf3
                0x00000000080007ec                __aeabi_ddiv
                0x00000000080007ec                __divdf3
 .text          0x00000000080009bc      0x110 /app/stm32cubeide/plugins/com.st.stm32cube.ide.mcu.externaltools.gnu-tools-for-stm32.10.3-2021.10.linux64_1.0.200.202301161003/tools/bin/../lib/gcc/arm-none-eabi/10.3.1/thumb/v7e-m/nofp/libgcc.a(_arm_cmpdf2.o)
                0x00000000080009bc                __gtdf2
                0x00000000080009bc                __gedf2
                0x00000000080009c4                __ltdf2
                0x00000000080009c4                __ledf2
                0x00000000080009cc                __cmpdf2
                0x00000000080009cc                __eqdf2
                0x00000000080009cc                __nedf2
                0x0000000008000a48                __aeabi_cdrcmple
                0x0000000008000a58                __aeabi_cdcmple
                0x0000000008000a58                __aeabi_cdcmpeq
                0x0000000008000a68                __aeabi_dcmpeq
                0x0000000008000a7c                __aeabi_dcmplt
                0x0000000008000a90                __aeabi_dcmple
                0x0000000008000aa4                __aeabi_dcmpge
                0x0000000008000ab8                __aeabi_dcmpgt
 .text          0x0000000008000acc       0x2c /app/stm32cubeide/plugins/com.st.stm32cube.ide.mcu.externaltools.gnu-tools-for-stm32.10.3-2021.10.linux64_1.0.200.202301161003/tools/bin/../lib/gcc/arm-none-eabi/10.3.1/thumb/v7e-m/nofp/libgcc.a(_arm_unorddf2.o)
                0x0000000008000acc                __aeabi_dcmpun
                0x0000000008000acc                __unorddf2
 .text          0x0000000008000af8       0x50 /app/stm32cubeide/plugins/com.st.stm32cube.ide.mcu.externaltools.gnu-tools-for-stm32.10.3-2021.10.linux64_1.0.200.202301161003/tools/bin/../lib/gcc/arm-none-eabi/10.3.1/thumb/v7e-m/nofp/libgcc.a(_arm_fixdfsi.o)
                0x0000000008000af8                __fixdfsi
                0x0000000008000af8                __aeabi_d2iz
 .text          0x0000000008000b48       0x40 /app/stm32cubeide/plugins/com.st.stm32cube.ide.mcu.externaltools.gnu-tools-for-stm32.10.3-2021.10.linux64_1.0.200.202301161003/tools/bin/../lib/gcc/arm-none-eabi/10.3.1/thumb/v7e-m/nofp/libgcc.a(_arm_fixunsdfsi.o)
                0x0000000008000b48                __fixunsdfsi
                0x0000000008000b48                __aeabi_d2uiz
 .text          0x0000000008000b88       0x30 /app/stm32cubeide/plugins/com.st.stm32cube.ide.mcu.externaltools.gnu-tools-for-stm32.10.3-2021.10.linux64_1.0.200.202301161003/tools/bin/../lib/gcc/arm-none-eabi/10.3.1/thumb/v7e-m/nofp/libgcc.a(_aeabi_uldivmod.o)
                0x0000000008000b88                __aeabi_uldivmod
 .text          0x0000000008000bb8      0x2d0 /app/stm32cubeide/plugins/com.st.stm32cube.ide.mcu.externaltools.gnu-tools-for-stm32.10.3-2021.10.linux64_1.0.200.202301161003/tools/bin/../lib/gcc/arm-none-eabi/10.3.1/thumb/v7e-m/nofp/libgcc.a(_udivmoddi4.o)
                0x0000000008000bb8                __udivmoddi4
 .text          0x0000000008000e88        0x4 /app/stm32cubeide/plugins/com.st.stm32cube.ide.mcu.externaltools.gnu-tools-for-stm32.10.3-2021.10.linux64_1.0.200.202301161003/tools/bin/../lib/gcc/arm-none-eabi/10.3.1/thumb/v7e-m/nofp/libgcc.a(_dvmd_tls.o)
                0x0000000008000e88                __aeabi_ldiv0
                0x0000000008000e88                __aeabi_idiv0
 *(.text*)
 .text.sendCmd  0x0000000008000e8c       0x2c ./Core/Src/ST7735.o
 .text.sendData
                0x0000000008000eb8       0x1c ./Core/Src/ST7735.o
 .text.setWindow
                0x0000000008000ed4       0x7c ./Core/Src/ST7735.o
 .text.ST7735_Reset
                0x0000000008000f50       0x28 ./Core/Src/ST7735.o
                0x0000000008000f50                ST7735_Reset
 .text.ST7735_WriteCommand
                0x0000000008000f78       0x30 ./Core/Src/ST7735.o
                0x0000000008000f78                ST7735_WriteCommand
 .text.ST7735_WriteData
                0x0000000008000fa8       0x2c ./Core/Src/ST7735.o
                0x0000000008000fa8                ST7735_WriteData
 .text.DisplayInit
                0x0000000008000fd4       0x44 ./Core/Src/ST7735.o
                0x0000000008000fd4                DisplayInit
 .text.ST7735_SetAddressWindow
                0x0000000008001018       0x68 ./Core/Src/ST7735.o
                0x0000000008001018                ST7735_SetAddressWindow
 .text.ST7735_SetRotation
                0x0000000008001080       0x90 ./Core/Src/ST7735.o
                0x0000000008001080                ST7735_SetRotation
 .text.ST7735_Init
                0x0000000008001110       0x4c ./Core/Src/ST7735.o
                0x0000000008001110                ST7735_Init
 .text.ST7735_DrawPixel
                0x000000000800115c       0x48 ./Core/Src/ST7735.o
                0x000000000800115c                ST7735_DrawPixel
 .text.ST7735_WriteChar
                0x00000000080011a4       0x98 ./Core/Src/ST7735.o
                0x00000000080011a4                ST7735_WriteChar
 .text.ST7735_WriteString
                0x000000000800123c       0x80 ./Core/Src/ST7735.o
                0x000000000800123c                ST7735_WriteString
 .text.ST7735_FillRectangle
                0x00000000080012bc       0x94 ./Core/Src/ST7735.o
                0x00000000080012bc                ST7735_FillRectangle
 .text.writeLine
                0x0000000008001350       0xb4 ./Core/Src/ST7735.o
                0x0000000008001350                writeLine
 .text.drawFastVLine
                0x0000000008001404       0x16 ./Core/Src/ST7735.o
                0x0000000008001404                drawFastVLine
 .text.drawFastHLine
                0x000000000800141a       0x16 ./Core/Src/ST7735.o
                0x000000000800141a                drawFastHLine
 .text.drawLine
                0x0000000008001430       0x54 ./Core/Src/ST7735.o
                0x0000000008001430                drawLine
 *fill*         0x0000000008001484        0x4 
 .text.drawArrow
                0x0000000008001488      0x5e0 ./Core/Src/ST7735.o
                0x0000000008001488                drawArrow
 .text.drawDirection
                0x0000000008001a68       0x9e ./Core/Src/ST7735.o
                0x0000000008001a68                drawDirection
 .text.drawCircle
                0x0000000008001b06      0x11c ./Core/Src/ST7735.o
                0x0000000008001b06                drawCircle
 *fill*         0x0000000008001c22        0x2 
 .text.drawPosition
                0x0000000008001c24       0xd0 ./Core/Src/ST7735.o
                0x0000000008001c24                drawPosition
 .text.drawTrace
                0x0000000008001cf4       0x98 ./Core/Src/ST7735.o
                0x0000000008001cf4                drawTrace
 .text.fillCircleHelper
                0x0000000008001d8c      0x108 ./Core/Src/ST7735.o
                0x0000000008001d8c                fillCircleHelper
 .text.erasePosition
                0x0000000008001e94       0xb8 ./Core/Src/ST7735.o
                0x0000000008001e94                erasePosition
 .text.ST7735_FillScreen
                0x0000000008001f4c       0x24 ./Core/Src/ST7735.o
                0x0000000008001f4c                ST7735_FillScreen
 .text.fillScreen
                0x0000000008001f70        0x4 ./Core/Src/ST7735.o
                0x0000000008001f70                fillScreen
 .text.draw_str_by_rows
                0x0000000008001f74      0x12c ./Core/Src/ST7735.o
                0x0000000008001f74                draw_str_by_rows
 .text.draw_char
                0x00000000080020a0       0xd4 ./Core/Src/ST7735.o
                0x00000000080020a0                draw_char
 .text.fill_rectgl
                0x0000000008002174       0x5c ./Core/Src/ST7735.o
                0x0000000008002174                fill_rectgl
 .text.fill_screen
                0x00000000080021d0       0x16 ./Core/Src/ST7735.o
                0x00000000080021d0                fill_screen
 *fill*         0x00000000080021e6        0x2 
 .text.MX_ADC_Init
                0x00000000080021e8       0x54 ./Core/Src/adc.o
                0x00000000080021e8                MX_ADC_Init
 .text.HAL_ADC_MspInit
                0x000000000800223c       0x5c ./Core/Src/adc.o
                0x000000000800223c                HAL_ADC_MspInit
 .text.HAL_ADC_MspDeInit
                0x0000000008002298       0x28 ./Core/Src/adc.o
                0x0000000008002298                HAL_ADC_MspDeInit
 .text.ADC_ReadChannels
                0x00000000080022c0       0x68 ./Core/Src/adc_if.o
 .text.SYS_InitMeasurement
                0x0000000008002328       0x10 ./Core/Src/adc_if.o
                0x0000000008002328                SYS_InitMeasurement
 .text.SYS_GetBatteryLevel
                0x0000000008002338       0x34 ./Core/Src/adc_if.o
                0x0000000008002338                SYS_GetBatteryLevel
 .text.SYS_GetTemperatureLevel
                0x000000000800236c       0x7c ./Core/Src/adc_if.o
                0x000000000800236c                SYS_GetTemperatureLevel
 .text.GetChannelLevel
                0x00000000080023e8       0x10 ./Core/Src/adc_if.o
                0x00000000080023e8                GetChannelLevel
 .text.bno055_setPage
                0x00000000080023f8        0x8 ./Core/Src/bno055.o
                0x00000000080023f8                bno055_setPage
 .text.bno055_getOperationMode
                0x0000000008002400       0x18 ./Core/Src/bno055.o
                0x0000000008002400                bno055_getOperationMode
 .text.bno055_setOperationMode
                0x0000000008002418       0x1c ./Core/Src/bno055.o
                0x0000000008002418                bno055_setOperationMode
 .text.bno055_setOperationModeConfig
                0x0000000008002434        0x6 ./Core/Src/bno055.o
                0x0000000008002434                bno055_setOperationModeConfig
 .text.bno055_setOperationModeNDOF
                0x000000000800243a        0x6 ./Core/Src/bno055.o
                0x000000000800243a                bno055_setOperationModeNDOF
 .text.bno055_setExternalCrystalUse
                0x0000000008002440       0x44 ./Core/Src/bno055.o
                0x0000000008002440                bno055_setExternalCrystalUse
 .text.bno055_enableExternalCrystal
                0x0000000008002484        0x6 ./Core/Src/bno055.o
                0x0000000008002484                bno055_enableExternalCrystal
 .text.bno055_reset
                0x000000000800248a       0x16 ./Core/Src/bno055.o
                0x000000000800248a                bno055_reset
 .text.bno055_setup
                0x00000000080024a0       0x22 ./Core/Src/bno055.o
                0x00000000080024a0                bno055_setup
 .text.bno055_getCalibrationState
                0x00000000080024c2       0x42 ./Core/Src/bno055.o
                0x00000000080024c2                bno055_getCalibrationState
 .text.bno055_getCalibrationData
                0x0000000008002504       0x82 ./Core/Src/bno055.o
                0x0000000008002504                bno055_getCalibrationData
 *fill*         0x0000000008002586        0x2 
 .text.bno055_getVector
                0x0000000008002588      0x12c ./Core/Src/bno055.o
                0x0000000008002588                bno055_getVector
 .text.bno055_getVectorEuler
                0x00000000080026b4        0xe ./Core/Src/bno055.o
                0x00000000080026b4                bno055_getVectorEuler
 *fill*         0x00000000080026c2        0x2 
 .text.enable_buttons_interrupts
                0x00000000080026c4       0x10 ./Core/Src/buttons.o
                0x00000000080026c4                enable_buttons_interrupts
 .text.disable_buttons_interrupts
                0x00000000080026d4       0x10 ./Core/Src/buttons.o
                0x00000000080026d4                disable_buttons_interrupts
 .text.scan_button
                0x00000000080026e4       0xc0 ./Core/Src/buttons.o
                0x00000000080026e4                scan_button
 .text.__NVIC_SystemReset
                0x00000000080027a4       0x24 ./Core/Src/compass.o
 .text.bno055_timeout.constprop.0
                0x00000000080027c8       0x1c ./Core/Src/compass.o
 .text.bno055_delay
                0x00000000080027e4       0x28 ./Core/Src/compass.o
                0x00000000080027e4                bno055_delay
 .text.bno055_writeData
                0x000000000800280c       0x78 ./Core/Src/compass.o
                0x000000000800280c                bno055_writeData
 .text.bno055_readData
                0x0000000008002884       0xc0 ./Core/Src/compass.o
                0x0000000008002884                bno055_readData
 .text.calibrate_compass
                0x0000000008002944      0x5f8 ./Core/Src/compass.o
                0x0000000008002944                calibrate_compass
 .text.init_compass
                0x0000000008002f3c       0x74 ./Core/Src/compass.o
                0x0000000008002f3c                init_compass
 .text.read_north
                0x0000000008002fb0       0xc8 ./Core/Src/compass.o
                0x0000000008002fb0                read_north
 .text.is_north_ready
                0x0000000008003078       0x18 ./Core/Src/compass.o
                0x0000000008003078                is_north_ready
 .text.flash_lock
                0x0000000008003090       0x10 ./Core/Src/eeprom.o
                0x0000000008003090                flash_lock
 .text.flash_unlock
                0x00000000080030a0       0x28 ./Core/Src/eeprom.o
                0x00000000080030a0                flash_unlock
 .text.flash_erase_page
                0x00000000080030c8       0x44 ./Core/Src/eeprom.o
                0x00000000080030c8                flash_erase_page
 .text.flash_write_array
                0x000000000800310c       0x7c ./Core/Src/eeprom.o
                0x000000000800310c                flash_write_array
 .text.read_page
                0x0000000008003188       0x18 ./Core/Src/eeprom.o
                0x0000000008003188                read_page
 .text.get_trekpoints
                0x00000000080031a0       0x10 ./Core/Src/gnss.o
                0x00000000080031a0                get_trekpoints
 .text.serialPrint
                0x00000000080031b0       0x1c ./Core/Src/gnss.o
                0x00000000080031b0                serialPrint
 .text.send_ubx
                0x00000000080031cc       0x7a ./Core/Src/gnss.o
                0x00000000080031cc                send_ubx
 *fill*         0x0000000008003246        0x2 
 .text.restart_uart
                0x0000000008003248       0x30 ./Core/Src/gnss.o
                0x0000000008003248                restart_uart
 .text.configure_gps
                0x0000000008003278      0x604 ./Core/Src/gnss.o
                0x0000000008003278                configure_gps
 .text.init_gnss
                0x000000000800387c       0x94 ./Core/Src/gnss.o
                0x000000000800387c                init_gnss
 .text.calc_trekpoint_position
                0x0000000008003910      0x188 ./Core/Src/gnss.o
                0x0000000008003910                calc_trekpoint_position
 .text.find_nearest_trekpoint
                0x0000000008003a98       0xf4 ./Core/Src/gnss.o
                0x0000000008003a98                find_nearest_trekpoint
 .text.is_point_ahead
                0x0000000008003b8c       0x40 ./Core/Src/gnss.o
                0x0000000008003b8c                is_point_ahead
 .text.draw_trekpoints
                0x0000000008003bcc      0x10c ./Core/Src/gnss.o
                0x0000000008003bcc                draw_trekpoints
 .text.manage_trekpoints
                0x0000000008003cd8      0x370 ./Core/Src/gnss.o
                0x0000000008003cd8                manage_trekpoints
 .text.LL_AHB2_GRP1_EnableClock
                0x0000000008004048       0x18 ./Core/Src/gpio.o
 .text.MX_GPIO_Init
                0x0000000008004060      0x144 ./Core/Src/gpio.o
                0x0000000008004060                MX_GPIO_Init
 .text.led_toggle
                0x00000000080041a4       0x10 ./Core/Src/gpio.o
                0x00000000080041a4                led_toggle
 .text.led_red_on
                0x00000000080041b4       0x10 ./Core/Src/gpio.o
                0x00000000080041b4                led_red_on
 .text.led_red_off
                0x00000000080041c4        0xc ./Core/Src/gpio.o
                0x00000000080041c4                led_red_off
 .text.hold_power
                0x00000000080041d0       0x10 ./Core/Src/gpio.o
                0x00000000080041d0                hold_power
 .text.release_power
                0x00000000080041e0       0x10 ./Core/Src/gpio.o
                0x00000000080041e0                release_power
 .text.led_green_on
                0x00000000080041f0       0x10 ./Core/Src/gpio.o
                0x00000000080041f0                led_green_on
 .text.led_green_off
                0x0000000008004200        0xc ./Core/Src/gpio.o
                0x0000000008004200                led_green_off
 .text.led_blue_on
                0x000000000800420c       0x10 ./Core/Src/gpio.o
                0x000000000800420c                led_blue_on
 .text.led_blue_off
                0x000000000800421c        0xc ./Core/Src/gpio.o
                0x000000000800421c                led_blue_off
 .text.led_w_on
                0x0000000008004228       0x10 ./Core/Src/gpio.o
                0x0000000008004228                led_w_on
 .text.led_w_off
                0x0000000008004238       0x10 ./Core/Src/gpio.o
                0x0000000008004238                led_w_off
 .text.shortBeepsBlocking
                0x0000000008004248       0x30 ./Core/Src/gpio.o
                0x0000000008004248                shortBeepsBlocking
 .text.longBeepsBlocking
                0x0000000008004278       0x34 ./Core/Src/gpio.o
                0x0000000008004278                longBeepsBlocking
 .text.MX_I2C1_Init
                0x00000000080042ac       0x58 ./Core/Src/i2c.o
                0x00000000080042ac                MX_I2C1_Init
 .text.HAL_I2C_MspInit
                0x0000000008004304       0x88 ./Core/Src/i2c.o
                0x0000000008004304                HAL_I2C_MspInit
 .text.MX_LPTIM1_Init
                0x000000000800438c       0x40 ./Core/Src/lptim.o
                0x000000000800438c                MX_LPTIM1_Init
 .text.HAL_LPTIM_MspInit
                0x00000000080043cc       0x88 ./Core/Src/lptim.o
                0x00000000080043cc                HAL_LPTIM_MspInit
 .text.get_devices
                0x0000000008004454       0x30 ./Core/Src/lrns.o
                0x0000000008004454                get_devices
 .text.get_point_groups
                0x0000000008004484       0x30 ./Core/Src/lrns.o
                0x0000000008004484                get_point_groups
 .text.init_lrns
                0x00000000080044b4       0x58 ./Core/Src/lrns.o
                0x00000000080044b4                init_lrns
 .text.ublox_to_this_device
                0x000000000800450c       0xd4 ./Core/Src/lrns.o
                0x000000000800450c                ublox_to_this_device
 .text.rx_to_devices
                0x00000000080045e0      0x1c4 ./Core/Src/lrns.o
                0x00000000080045e0                rx_to_devices
 .text.check_traced
                0x00000000080047a4       0x20 ./Core/Src/lrns.o
                0x00000000080047a4                check_traced
 .text.clear_fix_data
                0x00000000080047c4       0x14 ./Core/Src/lrns.o
                0x00000000080047c4                clear_fix_data
 .text.calc_point_position
                0x00000000080047d8      0x2c0 ./Core/Src/lrns.o
                0x00000000080047d8                calc_point_position
 .text.calc_relative_position
                0x0000000008004a98      0x2f0 ./Core/Src/lrns.o
                0x0000000008004a98                calc_relative_position
 .text.getADC_sensors
                0x0000000008004d88       0x4c ./Core/Src/lrns.o
                0x0000000008004d88                getADC_sensors
 .text.shortBeeps
                0x0000000008004dd4        0xc ./Core/Src/main.o
                0x0000000008004dd4                shortBeeps
 .text.SystemClock_Config
                0x0000000008004de0       0xae ./Core/Src/main.o
                0x0000000008004de0                SystemClock_Config
 *fill*         0x0000000008004e8e        0x2 
 .text.startup.main
                0x0000000008004e90      0x20c ./Core/Src/main.o
                0x0000000008004e90                main
 .text.Error_Handler
                0x000000000800509c        0x4 ./Core/Src/main.o
                0x000000000800509c                Error_Handler
 .text.__NVIC_SystemReset
                0x00000000080050a0       0x24 ./Core/Src/menu.o
 .text.navigation_up
                0x00000000080050c4       0x18 ./Core/Src/menu.o
                0x00000000080050c4                navigation_up
 .text.navigation_down
                0x00000000080050dc       0x18 ./Core/Src/menu.o
                0x00000000080050dc                navigation_down
 .text.navigation_ok
                0x00000000080050f4        0xc ./Core/Src/menu.o
                0x00000000080050f4                navigation_ok
 .text.beacons_ok
                0x0000000008005100       0x24 ./Core/Src/menu.o
                0x0000000008005100                beacons_ok
 .text.beacons_esc
                0x0000000008005124       0x34 ./Core/Src/menu.o
                0x0000000008005124                beacons_esc
 .text.devices_ok
                0x0000000008005158        0xc ./Core/Src/menu.o
                0x0000000008005158                devices_ok
 .text.devices_esc
                0x0000000008005164        0xc ./Core/Src/menu.o
                0x0000000008005164                devices_esc
 .text.navto_points_ok
                0x0000000008005170       0x18 ./Core/Src/menu.o
                0x0000000008005170                navto_points_ok
 .text.navto_points_esc
                0x0000000008005188       0x1c ./Core/Src/menu.o
                0x0000000008005188                navto_points_esc
 .text.points_esc
                0x00000000080051a4       0x54 ./Core/Src/menu.o
                0x00000000080051a4                points_esc
 .text.set_subpoint_up
                0x00000000080051f8       0x20 ./Core/Src/menu.o
                0x00000000080051f8                set_subpoint_up
 .text.set_subpoint_down
                0x0000000008005218       0x24 ./Core/Src/menu.o
                0x0000000008005218                set_subpoint_down
 .text.set_subpoint_ok
                0x000000000800523c       0x90 ./Core/Src/menu.o
                0x000000000800523c                set_subpoint_ok
 .text.set_subpoint_esc
                0x00000000080052cc       0x34 ./Core/Src/menu.o
                0x00000000080052cc                set_subpoint_esc
 .text.set_device_number_up
                0x0000000008005300       0x28 ./Core/Src/menu.o
                0x0000000008005300                set_device_number_up
 .text.set_device_number_ok
                0x0000000008005328       0x4c ./Core/Src/menu.o
                0x0000000008005328                set_device_number_ok
 .text.set_device_number_esc
                0x0000000008005374       0x28 ./Core/Src/menu.o
                0x0000000008005374                set_device_number_esc
 .text.set_spreading_factor_up
                0x000000000800539c       0x18 ./Core/Src/menu.o
                0x000000000800539c                set_spreading_factor_up
 .text.set_spreading_factor_down
                0x00000000080053b4       0x18 ./Core/Src/menu.o
                0x00000000080053b4                set_spreading_factor_down
 .text.set_spreading_factor_ok
                0x00000000080053cc       0x2c ./Core/Src/menu.o
                0x00000000080053cc                set_spreading_factor_ok
 .text.set_spreading_factor_esc
                0x00000000080053f8       0x20 ./Core/Src/menu.o
                0x00000000080053f8                set_spreading_factor_esc
 .text.set_coding_rate_up
                0x0000000008005418       0x18 ./Core/Src/menu.o
                0x0000000008005418                set_coding_rate_up
 .text.set_coding_rate_down
                0x0000000008005430       0x18 ./Core/Src/menu.o
                0x0000000008005430                set_coding_rate_down
 .text.set_coding_rate_ok
                0x0000000008005448       0x2c ./Core/Src/menu.o
                0x0000000008005448                set_coding_rate_ok
 .text.set_coding_rate_esc
                0x0000000008005474       0x20 ./Core/Src/menu.o
                0x0000000008005474                set_coding_rate_esc
 .text.set_freq_channel_up
                0x0000000008005494       0x18 ./Core/Src/menu.o
                0x0000000008005494                set_freq_channel_up
 .text.set_freq_channel_down
                0x00000000080054ac       0x18 ./Core/Src/menu.o
                0x00000000080054ac                set_freq_channel_down
 .text.set_freq_channel_ok
                0x00000000080054c4       0x2c ./Core/Src/menu.o
                0x00000000080054c4                set_freq_channel_ok
 .text.set_freq_channel_esc
                0x00000000080054f0       0x20 ./Core/Src/menu.o
                0x00000000080054f0                set_freq_channel_esc
 .text.set_tx_power_up
                0x0000000008005510       0x18 ./Core/Src/menu.o
                0x0000000008005510                set_tx_power_up
 .text.set_tx_power_down
                0x0000000008005528       0x18 ./Core/Src/menu.o
                0x0000000008005528                set_tx_power_down
 .text.set_tx_power_ok
                0x0000000008005540       0x2c ./Core/Src/menu.o
                0x0000000008005540                set_tx_power_ok
 .text.set_tx_power_esc
                0x000000000800556c       0x20 ./Core/Src/menu.o
                0x000000000800556c                set_tx_power_esc
 .text.set_timeout_up
                0x000000000800558c       0x18 ./Core/Src/menu.o
                0x000000000800558c                set_timeout_up
 .text.set_timeout_down
                0x00000000080055a4       0x18 ./Core/Src/menu.o
                0x00000000080055a4                set_timeout_down
 .text.set_timeout_esc
                0x00000000080055bc       0x20 ./Core/Src/menu.o
                0x00000000080055bc                set_timeout_esc
 .text.set_fence_up
                0x00000000080055dc       0x18 ./Core/Src/menu.o
                0x00000000080055dc                set_fence_up
 .text.set_fence_down
                0x00000000080055f4       0x18 ./Core/Src/menu.o
                0x00000000080055f4                set_fence_down
 .text.set_fence_esc
                0x000000000800560c       0x20 ./Core/Src/menu.o
                0x000000000800560c                set_fence_esc
 .text.set_timezone_up
                0x000000000800562c       0x1c ./Core/Src/menu.o
                0x000000000800562c                set_timezone_up
 .text.set_timezone_down
                0x0000000008005648       0x1c ./Core/Src/menu.o
                0x0000000008005648                set_timezone_down
 .text.set_timezone_esc
                0x0000000008005664       0x20 ./Core/Src/menu.o
                0x0000000008005664                set_timezone_esc
 .text.set_brightness
                0x0000000008005684       0x2c ./Core/Src/menu.o
                0x0000000008005684                set_brightness
 .text.draw_restore_defaults
                0x00000000080056b0       0xf8 ./Core/Src/menu.o
                0x00000000080056b0                draw_restore_defaults
 .text.draw_set_settings
                0x00000000080057a8      0x158 ./Core/Src/menu.o
                0x00000000080057a8                draw_set_settings
 .text.draw_navigation
                0x0000000008005900      0x710 ./Core/Src/menu.o
                0x0000000008005900                draw_navigation
 .text.draw_beacons
                0x0000000008006010      0x838 ./Core/Src/menu.o
                0x0000000008006010                draw_beacons
 .text.draw_navto_points
                0x0000000008006848      0x664 ./Core/Src/menu.o
                0x0000000008006848                draw_navto_points
 .text.draw_set_points
                0x0000000008006eac      0x128 ./Core/Src/menu.o
                0x0000000008006eac                draw_set_points
 .text.draw_show_points
                0x0000000008006fd4      0x138 ./Core/Src/menu.o
                0x0000000008006fd4                draw_show_points
 .text.confirm_clear_group
                0x000000000800710c       0x40 ./Core/Src/menu.o
                0x000000000800710c                confirm_clear_group
 .text.set_timeout_ok
                0x000000000800714c       0x2c ./Core/Src/menu.o
                0x000000000800714c                set_timeout_ok
 .text.set_fence_ok
                0x0000000008007178       0x2c ./Core/Src/menu.o
                0x0000000008007178                set_fence_ok
 .text.set_timezone_ok
                0x00000000080071a4       0x30 ./Core/Src/menu.o
                0x00000000080071a4                set_timezone_ok
 .text.confirm_settings_reboot
                0x00000000080071d4       0x54 ./Core/Src/menu.o
                0x00000000080071d4                confirm_settings_reboot
 .text.donot_save_settings
                0x0000000008007228       0x40 ./Core/Src/menu.o
                0x0000000008007228                donot_save_settings
 .text.confirm_settings_restore
                0x0000000008007268       0x4c ./Core/Src/menu.o
                0x0000000008007268                confirm_settings_restore
 .text.set_device_number_down
                0x00000000080072b4       0x24 ./Core/Src/menu.o
                0x00000000080072b4                set_device_number_down
 .text.draw_clear_group
                0x00000000080072d8       0xe4 ./Core/Src/menu.o
                0x00000000080072d8                draw_clear_group
 .text.draw_confirm_settings
                0x00000000080073bc      0x12c ./Core/Src/menu.o
                0x00000000080073bc                draw_confirm_settings
 .text.get_current_item
                0x00000000080074e8       0x2c ./Core/Src/menu.o
                0x00000000080074e8                get_current_item
 .text.switch_forward
                0x0000000008007514       0x3c ./Core/Src/menu.o
                0x0000000008007514                switch_forward
 .text.draw_main
                0x0000000008007550      0x3bc ./Core/Src/menu.o
                0x0000000008007550                draw_main
 .text.main_ok  0x000000000800790c       0x68 ./Core/Src/menu.o
                0x000000000800790c                main_ok
 .text.draw_points
                0x0000000008007974      0x180 ./Core/Src/menu.o
                0x0000000008007974                draw_points
 .text.draw_device_submenu
                0x0000000008007af4      0x174 ./Core/Src/menu.o
                0x0000000008007af4                draw_device_submenu
 .text.draw_settings
                0x0000000008007c68      0x15c ./Core/Src/menu.o
                0x0000000008007c68                draw_settings
 .text.draw_actions
                0x0000000008007dc4      0x1d4 ./Core/Src/menu.o
                0x0000000008007dc4                draw_actions
 .text.actions_ok
                0x0000000008007f98       0xec ./Core/Src/menu.o
                0x0000000008007f98                actions_ok
 .text.get_last_item
                0x0000000008008084       0x2c ./Core/Src/menu.o
                0x0000000008008084                get_last_item
 .text.set_current_item
                0x00000000080080b0       0x2c ./Core/Src/menu.o
                0x00000000080080b0                set_current_item
 .text.init_menu
                0x00000000080080dc       0x9c ./Core/Src/menu.o
                0x00000000080080dc                init_menu
 .text.scroll_up
                0x0000000008008178       0x1c ./Core/Src/menu.o
                0x0000000008008178                scroll_up
 .text.scroll_down
                0x0000000008008194       0x20 ./Core/Src/menu.o
                0x0000000008008194                scroll_down
 .text.switch_backward
                0x00000000080081b4       0x34 ./Core/Src/menu.o
                0x00000000080081b4                switch_backward
 .text.change_menu
                0x00000000080081e8      0x26c ./Core/Src/menu.o
                0x00000000080081e8                change_menu
 .text.power_long
                0x0000000008008454       0x60 ./Core/Src/menu.o
                0x0000000008008454                power_long
 .text.reset_current_item_in_menu
                0x00000000080084b4       0x24 ./Core/Src/menu.o
                0x00000000080084b4                reset_current_item_in_menu
 .text.actions_esc
                0x00000000080084d8       0x28 ./Core/Src/menu.o
                0x00000000080084d8                actions_esc
 .text.draw_current_menu
                0x0000000008008500       0xc4 ./Core/Src/menu.o
                0x0000000008008500                draw_current_menu
 .text.draw_this_device
                0x00000000080085c4      0x350 ./Core/Src/menu.o
                0x00000000080085c4                draw_this_device
 .text.draw_devices
                0x0000000008008914      0x2e0 ./Core/Src/menu.o
                0x0000000008008914                draw_devices
 .text.scroll_devices_up
                0x0000000008008bf4       0x24 ./Core/Src/menu.o
                0x0000000008008bf4                scroll_devices_up
 .text.scroll_devices_down
                0x0000000008008c18       0x28 ./Core/Src/menu.o
                0x0000000008008c18                scroll_devices_down
 .text.MX_RTC_Init
                0x0000000008008c40       0x74 ./Core/Src/rtc.o
                0x0000000008008c40                MX_RTC_Init
 .text.HAL_RTC_MspInit
                0x0000000008008cb4       0x7c ./Core/Src/rtc.o
                0x0000000008008cb4                HAL_RTC_MspInit
 .text.find_lost_device
                0x0000000008008d30       0x74 ./Core/Src/settings.o
 .text.find_saved_group
                0x0000000008008da4       0x74 ./Core/Src/settings.o
 .text.get_coding_rate_values
                0x0000000008008e18        0x8 ./Core/Src/settings.o
                0x0000000008008e18                get_coding_rate_values
 .text.get_tx_power_values
                0x0000000008008e20        0x8 ./Core/Src/settings.o
                0x0000000008008e20                get_tx_power_values
 .text.get_settings
                0x0000000008008e28        0x8 ./Core/Src/settings.o
                0x0000000008008e28                get_settings
 .text.settings_save_default
                0x0000000008008e30       0x7c ./Core/Src/settings.o
                0x0000000008008e30                settings_save_default
 .text.settings_load
                0x0000000008008eac       0xf4 ./Core/Src/settings.o
                0x0000000008008eac                settings_load
 .text.settings_save
                0x0000000008008fa0       0xc8 ./Core/Src/settings.o
                0x0000000008008fa0                settings_save
 .text.get_points
                0x0000000008009068       0x20 ./Core/Src/settings.o
                0x0000000008009068                get_points
 .text.save_one_point
                0x0000000008009088       0x30 ./Core/Src/settings.o
                0x0000000008009088                save_one_point
 .text.get_points_group_name
                0x00000000080090b8        0xc ./Core/Src/settings.o
                0x00000000080090b8                get_points_group_name
 .text.get_points_group_short
                0x00000000080090c4       0x10 ./Core/Src/settings.o
                0x00000000080090c4                get_points_group_short
 .text.erase_point_groups
                0x00000000080090d4       0x18 ./Core/Src/settings.o
                0x00000000080090d4                erase_point_groups
 .text.erase_saved_devices
                0x00000000080090ec       0x18 ./Core/Src/settings.o
                0x00000000080090ec                erase_saved_devices
 .text.saved_group_load
                0x0000000008009104       0x74 ./Core/Src/settings.o
                0x0000000008009104                saved_group_load
 .text.points_group_save
                0x0000000008009178      0x124 ./Core/Src/settings.o
                0x0000000008009178                points_group_save
 .text.clear_points_group
                0x000000000800929c       0xac ./Core/Src/settings.o
                0x000000000800929c                clear_points_group
 .text.lost_device_load
                0x0000000008009348       0x78 ./Core/Src/settings.o
                0x0000000008009348                lost_device_load
 .text.lost_device_save
                0x00000000080093c0      0x124 ./Core/Src/settings.o
                0x00000000080093c0                lost_device_save
 .text.MX_SPI2_Init
                0x00000000080094e4       0x50 ./Core/Src/spi.o
                0x00000000080094e4                MX_SPI2_Init
 .text.HAL_SPI_MspInit
                0x0000000008009534       0x88 ./Core/Src/spi.o
                0x0000000008009534                HAL_SPI_MspInit
 .text.HAL_MspInit
                0x00000000080095bc        0x2 ./Core/Src/stm32wlxx_hal_msp.o
                0x00000000080095bc                HAL_MspInit
 .text.NMI_Handler
                0x00000000080095be        0x2 ./Core/Src/stm32wlxx_it.o
                0x00000000080095be                NMI_Handler
 .text.HardFault_Handler
                0x00000000080095c0        0x2 ./Core/Src/stm32wlxx_it.o
                0x00000000080095c0                HardFault_Handler
 .text.MemManage_Handler
                0x00000000080095c2        0x2 ./Core/Src/stm32wlxx_it.o
                0x00000000080095c2                MemManage_Handler
 .text.BusFault_Handler
                0x00000000080095c4        0x2 ./Core/Src/stm32wlxx_it.o
                0x00000000080095c4                BusFault_Handler
 .text.UsageFault_Handler
                0x00000000080095c6        0x2 ./Core/Src/stm32wlxx_it.o
                0x00000000080095c6                UsageFault_Handler
 .text.SVC_Handler
                0x00000000080095c8        0x2 ./Core/Src/stm32wlxx_it.o
                0x00000000080095c8                SVC_Handler
 .text.DebugMon_Handler
                0x00000000080095ca        0x2 ./Core/Src/stm32wlxx_it.o
                0x00000000080095ca                DebugMon_Handler
 .text.PendSV_Handler
                0x00000000080095cc        0x2 ./Core/Src/stm32wlxx_it.o
                0x00000000080095cc                PendSV_Handler
 .text.SysTick_Handler
                0x00000000080095ce        0x2 ./Core/Src/stm32wlxx_it.o
                0x00000000080095ce                SysTick_Handler
 .text.TAMP_STAMP_LSECSS_SSRU_IRQHandler
                0x00000000080095d0        0xc ./Core/Src/stm32wlxx_it.o
                0x00000000080095d0                TAMP_STAMP_LSECSS_SSRU_IRQHandler
 .text.EXTI0_IRQHandler
                0x00000000080095dc        0x6 ./Core/Src/stm32wlxx_it.o
                0x00000000080095dc                EXTI0_IRQHandler
 .text.EXTI1_IRQHandler
                0x00000000080095e2        0x6 ./Core/Src/stm32wlxx_it.o
                0x00000000080095e2                EXTI1_IRQHandler
 .text.EXTI4_IRQHandler
                0x00000000080095e8        0x6 ./Core/Src/stm32wlxx_it.o
                0x00000000080095e8                EXTI4_IRQHandler
 .text.EXTI9_5_IRQHandler
                0x00000000080095ee        0x8 ./Core/Src/stm32wlxx_it.o
                0x00000000080095ee                EXTI9_5_IRQHandler
 *fill*         0x00000000080095f6        0x2 
 .text.TIM1_UP_IRQHandler
                0x00000000080095f8        0xc ./Core/Src/stm32wlxx_it.o
                0x00000000080095f8                TIM1_UP_IRQHandler
 .text.TIM2_IRQHandler
                0x0000000008009604        0xc ./Core/Src/stm32wlxx_it.o
                0x0000000008009604                TIM2_IRQHandler
 .text.TIM16_IRQHandler
                0x0000000008009610        0xc ./Core/Src/stm32wlxx_it.o
                0x0000000008009610                TIM16_IRQHandler
 .text.TIM17_IRQHandler
                0x000000000800961c        0xc ./Core/Src/stm32wlxx_it.o
                0x000000000800961c                TIM17_IRQHandler
 .text.RTC_Alarm_IRQHandler
                0x0000000008009628        0xc ./Core/Src/stm32wlxx_it.o
                0x0000000008009628                RTC_Alarm_IRQHandler
 .text.SUBGHZ_Radio_IRQHandler
                0x0000000008009634        0xc ./Core/Src/stm32wlxx_it.o
                0x0000000008009634                SUBGHZ_Radio_IRQHandler
 .text.MX_SUBGHZ_Init
                0x0000000008009640       0x1c ./Core/Src/subghz.o
                0x0000000008009640                MX_SUBGHZ_Init
 .text.HAL_SUBGHZ_MspInit
                0x000000000800965c       0x2e ./Core/Src/subghz.o
                0x000000000800965c                HAL_SUBGHZ_MspInit
 *fill*         0x000000000800968a        0x2 
 .text.SystemApp_Init
                0x000000000800968c       0x20 ./Core/Src/sys_app.o
                0x000000000800968c                SystemApp_Init
 .text.HAL_InitTick
                0x00000000080096ac        0x4 ./Core/Src/sys_app.o
                0x00000000080096ac                HAL_InitTick
 .text.HAL_GetTick
                0x00000000080096b0       0x10 ./Core/Src/sys_app.o
                0x00000000080096b0                HAL_GetTick
 .text.HAL_Delay
                0x00000000080096c0        0xc ./Core/Src/sys_app.o
                0x00000000080096c0                HAL_Delay
 .text.SystemInit
                0x00000000080096cc        0x2 ./Core/Src/system_stm32wlxx.o
                0x00000000080096cc                SystemInit
 .text.LL_APB2_GRP1_EnableClock
                0x00000000080096ce       0x18 ./Core/Src/tim.o
 *fill*         0x00000000080096e6        0x2 
 .text.MX_TIM1_Init
                0x00000000080096e8       0x74 ./Core/Src/tim.o
                0x00000000080096e8                MX_TIM1_Init
 .text.MX_TIM2_Init
                0x000000000800975c       0x70 ./Core/Src/tim.o
                0x000000000800975c                MX_TIM2_Init
 .text.MX_TIM16_Init
                0x00000000080097cc       0x38 ./Core/Src/tim.o
                0x00000000080097cc                MX_TIM16_Init
 .text.MX_TIM17_Init
                0x0000000008009804       0x38 ./Core/Src/tim.o
                0x0000000008009804                MX_TIM17_Init
 .text.HAL_TIM_Base_MspInit
                0x000000000800983c       0x9c ./Core/Src/tim.o
                0x000000000800983c                HAL_TIM_Base_MspInit
 .text.TIMER_IF_GetTimerContext
                0x00000000080098d8        0xc ./Core/Src/timer_if.o
                0x00000000080098d8                TIMER_IF_GetTimerContext
 .text.TIMER_IF_GetMinimumTimeout
                0x00000000080098e4        0x4 ./Core/Src/timer_if.o
                0x00000000080098e4                TIMER_IF_GetMinimumTimeout
 .text.TIMER_IF_Convert_ms2Tick
                0x00000000080098e8       0x14 ./Core/Src/timer_if.o
                0x00000000080098e8                TIMER_IF_Convert_ms2Tick
 .text.TIMER_IF_Convert_Tick2ms
                0x00000000080098fc       0x10 ./Core/Src/timer_if.o
                0x00000000080098fc                TIMER_IF_Convert_Tick2ms
 .text.GetTimerTicks
                0x000000000800990c       0x14 ./Core/Src/timer_if.o
 .text.TIMER_IF_SetTimerContext
                0x0000000008009920       0x10 ./Core/Src/timer_if.o
                0x0000000008009920                TIMER_IF_SetTimerContext
 .text.TIMER_IF_GetTimerElapsedTime
                0x0000000008009930       0x14 ./Core/Src/timer_if.o
                0x0000000008009930                TIMER_IF_GetTimerElapsedTime
 .text.TIMER_IF_GetTimerValue
                0x0000000008009944       0x10 ./Core/Src/timer_if.o
                0x0000000008009944                TIMER_IF_GetTimerValue
 .text.TIMER_IF_StopTimer
                0x0000000008009954       0x28 ./Core/Src/timer_if.o
                0x0000000008009954                TIMER_IF_StopTimer
 .text.TIMER_IF_StartTimer
                0x000000000800997c       0x50 ./Core/Src/timer_if.o
                0x000000000800997c                TIMER_IF_StartTimer
 .text.TIMER_IF_Init
                0x00000000080099cc       0x48 ./Core/Src/timer_if.o
                0x00000000080099cc                TIMER_IF_Init
 .text.TIMER_IF_DelayMs
                0x0000000008009a14       0x2a ./Core/Src/timer_if.o
                0x0000000008009a14                TIMER_IF_DelayMs
 .text.HAL_RTC_AlarmAEventCallback
                0x0000000008009a3e        0x4 ./Core/Src/timer_if.o
                0x0000000008009a3e                HAL_RTC_AlarmAEventCallback
 *fill*         0x0000000008009a42        0x2 
 .text.HAL_RTCEx_SSRUEventCallback
                0x0000000008009a44       0x20 ./Core/Src/timer_if.o
                0x0000000008009a44                HAL_RTCEx_SSRUEventCallback
 .text.MX_USART2_UART_Init
                0x0000000008009a64       0x64 ./Core/Src/usart.o
                0x0000000008009a64                MX_USART2_UART_Init
 .text.HAL_UART_MspInit
                0x0000000008009ac8       0x98 ./Core/Src/usart.o
                0x0000000008009ac8                HAL_UART_MspInit
 .text.Reset_Handler
                0x0000000008009b60       0x50 ./Core/Startup/startup_stm32wle5ccux.o
                0x0000000008009b60                Reset_Handler
 .text.Default_Handler
                0x0000000008009bb0        0x2 ./Core/Startup/startup_stm32wle5ccux.o
                0x0000000008009bb0                EXTI2_IRQHandler
                0x0000000008009bb0                TIM1_CC_IRQHandler
                0x0000000008009bb0                EXTI3_IRQHandler
                0x0000000008009bb0                LPTIM2_IRQHandler
                0x0000000008009bb0                I2C3_ER_IRQHandler
                0x0000000008009bb0                LPTIM3_IRQHandler
                0x0000000008009bb0                I2C2_EV_IRQHandler
                0x0000000008009bb0                SPI1_IRQHandler
                0x0000000008009bb0                DMA2_Channel2_IRQHandler
                0x0000000008009bb0                DMA1_Channel4_IRQHandler
                0x0000000008009bb0                PKA_IRQHandler
                0x0000000008009bb0                DMA1_Channel7_IRQHandler
                0x0000000008009bb0                SUBGHZSPI_IRQHandler
                0x0000000008009bb0                DMA2_Channel1_IRQHandler
                0x0000000008009bb0                I2C1_EV_IRQHandler
                0x0000000008009bb0                DMAMUX1_OVR_IRQHandler
                0x0000000008009bb0                DMA1_Channel6_IRQHandler
                0x0000000008009bb0                DMA2_Channel4_IRQHandler
                0x0000000008009bb0                RCC_IRQHandler
                0x0000000008009bb0                TIM1_TRG_COM_IRQHandler
                0x0000000008009bb0                DMA1_Channel1_IRQHandler
                0x0000000008009bb0                Default_Handler
                0x0000000008009bb0                DMA2_Channel7_IRQHandler
                0x0000000008009bb0                EXTI15_10_IRQHandler
                0x0000000008009bb0                ADC_IRQHandler
                0x0000000008009bb0                I2C3_EV_IRQHandler
                0x0000000008009bb0                RTC_WKUP_IRQHandler
                0x0000000008009bb0                PVD_PVM_IRQHandler
                0x0000000008009bb0                SPI2_IRQHandler
                0x0000000008009bb0                DMA2_Channel5_IRQHandler
                0x0000000008009bb0                DMA1_Channel5_IRQHandler
                0x0000000008009bb0                RNG_IRQHandler
                0x0000000008009bb0                DMA1_Channel3_IRQHandler
                0x0000000008009bb0                COMP_IRQHandler
                0x0000000008009bb0                HSEM_IRQHandler
                0x0000000008009bb0                WWDG_IRQHandler
                0x0000000008009bb0                LPUART1_IRQHandler
                0x0000000008009bb0                DMA2_Channel6_IRQHandler
                0x0000000008009bb0                TIM1_BRK_IRQHandler
                0x0000000008009bb0                DAC_IRQHandler
                0x0000000008009bb0                AES_IRQHandler
                0x0000000008009bb0                I2C2_ER_IRQHandler
                0x0000000008009bb0                DMA1_Channel2_IRQHandler
                0x0000000008009bb0                FLASH_IRQHandler
                0x0000000008009bb0                USART1_IRQHandler
                0x0000000008009bb0                I2C1_ER_IRQHandler
                0x0000000008009bb0                LPTIM1_IRQHandler
                0x0000000008009bb0                DMA2_Channel3_IRQHandler
 .text.BSP_RADIO_Init
                0x0000000008009bb2       0x90 ./Drivers/BSP/STM32WLxx_Nucleo/stm32wlxx_nucleo_radio.o
                0x0000000008009bb2                BSP_RADIO_Init
 .text.BSP_RADIO_ConfigRFSwitch
                0x0000000008009c42       0x3c ./Drivers/BSP/STM32WLxx_Nucleo/stm32wlxx_nucleo_radio.o
                0x0000000008009c42                BSP_RADIO_ConfigRFSwitch
 .text.BSP_RADIO_GetTxConfig
                0x0000000008009c7e        0x4 ./Drivers/BSP/STM32WLxx_Nucleo/stm32wlxx_nucleo_radio.o
                0x0000000008009c7e                BSP_RADIO_GetTxConfig
 .text.BSP_RADIO_IsTCXO
                0x0000000008009c82        0x4 ./Drivers/BSP/STM32WLxx_Nucleo/stm32wlxx_nucleo_radio.o
                0x0000000008009c82                BSP_RADIO_IsTCXO
 .text.BSP_RADIO_IsDCDC
                0x0000000008009c86        0x4 ./Drivers/BSP/STM32WLxx_Nucleo/stm32wlxx_nucleo_radio.o
                0x0000000008009c86                BSP_RADIO_IsDCDC
 .text.BSP_RADIO_GetRFOMaxPowerConfig
                0x0000000008009c8a        0xa ./Drivers/BSP/STM32WLxx_Nucleo/stm32wlxx_nucleo_radio.o
                0x0000000008009c8a                BSP_RADIO_GetRFOMaxPowerConfig
 .text.HAL_Init
                0x0000000008009c94       0x2c ./Drivers/STM32WLxx_HAL_Driver/Src/stm32wlxx_hal.o
                0x0000000008009c94                HAL_Init
 .text.LL_ADC_REG_IsConversionOngoing
                0x0000000008009cc0        0x8 ./Drivers/STM32WLxx_HAL_Driver/Src/stm32wlxx_hal_adc.o
 .text.HAL_ADC_Init
                0x0000000008009cc8      0x21c ./Drivers/STM32WLxx_HAL_Driver/Src/stm32wlxx_hal_adc.o
                0x0000000008009cc8                HAL_ADC_Init
 .text.HAL_ADC_PollForConversion
                0x0000000008009ee4       0xb6 ./Drivers/STM32WLxx_HAL_Driver/Src/stm32wlxx_hal_adc.o
                0x0000000008009ee4                HAL_ADC_PollForConversion
 .text.HAL_ADC_GetValue
                0x0000000008009f9a        0x6 ./Drivers/STM32WLxx_HAL_Driver/Src/stm32wlxx_hal_adc.o
                0x0000000008009f9a                HAL_ADC_GetValue
 .text.HAL_ADC_ConfigChannel
                0x0000000008009fa0      0x1bc ./Drivers/STM32WLxx_HAL_Driver/Src/stm32wlxx_hal_adc.o
                0x0000000008009fa0                HAL_ADC_ConfigChannel
 .text.ADC_ConversionStop
                0x000000000800a15c       0x5c ./Drivers/STM32WLxx_HAL_Driver/Src/stm32wlxx_hal_adc.o
                0x000000000800a15c                ADC_ConversionStop
 .text.ADC_Enable
                0x000000000800a1b8       0xb4 ./Drivers/STM32WLxx_HAL_Driver/Src/stm32wlxx_hal_adc.o
                0x000000000800a1b8                ADC_Enable
 .text.HAL_ADC_Start
                0x000000000800a26c       0x5c ./Drivers/STM32WLxx_HAL_Driver/Src/stm32wlxx_hal_adc.o
                0x000000000800a26c                HAL_ADC_Start
 .text.ADC_Disable
                0x000000000800a2c8       0x68 ./Drivers/STM32WLxx_HAL_Driver/Src/stm32wlxx_hal_adc.o
                0x000000000800a2c8                ADC_Disable
 .text.HAL_ADC_DeInit
                0x000000000800a330       0x9c ./Drivers/STM32WLxx_HAL_Driver/Src/stm32wlxx_hal_adc.o
                0x000000000800a330                HAL_ADC_DeInit
 .text.HAL_ADC_Stop
                0x000000000800a3cc       0x3c ./Drivers/STM32WLxx_HAL_Driver/Src/stm32wlxx_hal_adc.o
                0x000000000800a3cc                HAL_ADC_Stop
 .text.HAL_ADCEx_Calibration_Start
                0x000000000800a408      0x118 ./Drivers/STM32WLxx_HAL_Driver/Src/stm32wlxx_hal_adc_ex.o
                0x000000000800a408                HAL_ADCEx_Calibration_Start
 .text.HAL_NVIC_SetPriorityGrouping
                0x000000000800a520       0x24 ./Drivers/STM32WLxx_HAL_Driver/Src/stm32wlxx_hal_cortex.o
                0x000000000800a520                HAL_NVIC_SetPriorityGrouping
 .text.HAL_NVIC_SetPriority
                0x000000000800a544       0x64 ./Drivers/STM32WLxx_HAL_Driver/Src/stm32wlxx_hal_cortex.o
                0x000000000800a544                HAL_NVIC_SetPriority
 .text.HAL_NVIC_EnableIRQ
                0x000000000800a5a8       0x1c ./Drivers/STM32WLxx_HAL_Driver/Src/stm32wlxx_hal_cortex.o
                0x000000000800a5a8                HAL_NVIC_EnableIRQ
 .text.HAL_GPIO_Init
                0x000000000800a5c4      0x158 ./Drivers/STM32WLxx_HAL_Driver/Src/stm32wlxx_hal_gpio.o
                0x000000000800a5c4                HAL_GPIO_Init
 .text.HAL_GPIO_DeInit
                0x000000000800a71c       0xe8 ./Drivers/STM32WLxx_HAL_Driver/Src/stm32wlxx_hal_gpio.o
                0x000000000800a71c                HAL_GPIO_DeInit
 .text.HAL_GPIO_WritePin
                0x000000000800a804        0xa ./Drivers/STM32WLxx_HAL_Driver/Src/stm32wlxx_hal_gpio.o
                0x000000000800a804                HAL_GPIO_WritePin
 *fill*         0x000000000800a80e        0x2 
 .text.HAL_GPIO_EXTI_IRQHandler
                0x000000000800a810       0x18 ./Drivers/STM32WLxx_HAL_Driver/Src/stm32wlxx_hal_gpio.o
                0x000000000800a810                HAL_GPIO_EXTI_IRQHandler
 .text.HAL_I2C_Init
                0x000000000800a828       0xa2 ./Drivers/STM32WLxx_HAL_Driver/Src/stm32wlxx_hal_i2c.o
                0x000000000800a828                HAL_I2C_Init
 .text.HAL_I2CEx_ConfigAnalogFilter
                0x000000000800a8ca       0x4c ./Drivers/STM32WLxx_HAL_Driver/Src/stm32wlxx_hal_i2c_ex.o
                0x000000000800a8ca                HAL_I2CEx_ConfigAnalogFilter
 .text.HAL_I2CEx_ConfigDigitalFilter
                0x000000000800a916       0x4a ./Drivers/STM32WLxx_HAL_Driver/Src/stm32wlxx_hal_i2c_ex.o
                0x000000000800a916                HAL_I2CEx_ConfigDigitalFilter
 .text.LL_RCC_SetLPTIMClockSource
                0x000000000800a960       0x1a ./Drivers/STM32WLxx_HAL_Driver/Src/stm32wlxx_hal_lptim.o
 *fill*         0x000000000800a97a        0x2 
 .text.LPTIM_WaitForFlag
                0x000000000800a97c       0x30 ./Drivers/STM32WLxx_HAL_Driver/Src/stm32wlxx_hal_lptim.o
 .text.HAL_LPTIM_PWM_Start
                0x000000000800a9ac       0x58 ./Drivers/STM32WLxx_HAL_Driver/Src/stm32wlxx_hal_lptim.o
                0x000000000800a9ac                HAL_LPTIM_PWM_Start
 .text.LPTIM_Disable
                0x000000000800aa04      0x1e0 ./Drivers/STM32WLxx_HAL_Driver/Src/stm32wlxx_hal_lptim.o
                0x000000000800aa04                LPTIM_Disable
 .text.HAL_LPTIM_Init
                0x000000000800abe4       0xe4 ./Drivers/STM32WLxx_HAL_Driver/Src/stm32wlxx_hal_lptim.o
                0x000000000800abe4                HAL_LPTIM_Init
 .text.HAL_LPTIM_PWM_Stop
                0x000000000800acc8       0x22 ./Drivers/STM32WLxx_HAL_Driver/Src/stm32wlxx_hal_lptim.o
                0x000000000800acc8                HAL_LPTIM_PWM_Stop
 *fill*         0x000000000800acea        0x2 
 .text.HAL_PWR_EnableBkUpAccess
                0x000000000800acec       0x10 ./Drivers/STM32WLxx_HAL_Driver/Src/stm32wlxx_hal_pwr.o
                0x000000000800acec                HAL_PWR_EnableBkUpAccess
 .text.HAL_PWREx_GetVoltageRange
                0x000000000800acfc       0x10 ./Drivers/STM32WLxx_HAL_Driver/Src/stm32wlxx_hal_pwr_ex.o
                0x000000000800acfc                HAL_PWREx_GetVoltageRange
 .text.LL_RCC_HSE_IsReady
                0x000000000800ad0c        0xc ./Drivers/STM32WLxx_HAL_Driver/Src/stm32wlxx_hal_rcc.o
 .text.LL_RCC_HSI_IsReady
                0x000000000800ad18        0xc ./Drivers/STM32WLxx_HAL_Driver/Src/stm32wlxx_hal_rcc.o
 .text.LL_RCC_MSI_IsReady
                0x000000000800ad24        0xc ./Drivers/STM32WLxx_HAL_Driver/Src/stm32wlxx_hal_rcc.o
 .text.LL_RCC_MSI_SetCalibTrimming
                0x000000000800ad30       0x12 ./Drivers/STM32WLxx_HAL_Driver/Src/stm32wlxx_hal_rcc.o
 .text.LL_RCC_PLL_IsReady
                0x000000000800ad42        0xc ./Drivers/STM32WLxx_HAL_Driver/Src/stm32wlxx_hal_rcc.o
 *fill*         0x000000000800ad4e        0x2 
 .text.RCC_SetFlashLatencyFromMSIRange
                0x000000000800ad50       0xd4 ./Drivers/STM32WLxx_HAL_Driver/Src/stm32wlxx_hal_rcc.o
 .text.HAL_RCC_GetSysClockFreq
                0x000000000800ae24       0xdc ./Drivers/STM32WLxx_HAL_Driver/Src/stm32wlxx_hal_rcc.o
                0x000000000800ae24                HAL_RCC_GetSysClockFreq
 .text.HAL_RCC_GetHCLKFreq
                0x000000000800af00       0x20 ./Drivers/STM32WLxx_HAL_Driver/Src/stm32wlxx_hal_rcc.o
                0x000000000800af00                HAL_RCC_GetHCLKFreq
 .text.HAL_RCC_OscConfig
                0x000000000800af20      0x540 ./Drivers/STM32WLxx_HAL_Driver/Src/stm32wlxx_hal_rcc.o
                0x000000000800af20                HAL_RCC_OscConfig
 .text.HAL_RCC_ClockConfig
                0x000000000800b460      0x1bc ./Drivers/STM32WLxx_HAL_Driver/Src/stm32wlxx_hal_rcc.o
                0x000000000800b460                HAL_RCC_ClockConfig
 .text.HAL_RCC_GetPCLK1Freq
                0x000000000800b61c       0x20 ./Drivers/STM32WLxx_HAL_Driver/Src/stm32wlxx_hal_rcc.o
                0x000000000800b61c                HAL_RCC_GetPCLK1Freq
 .text.HAL_RCC_GetPCLK2Freq
                0x000000000800b63c       0x20 ./Drivers/STM32WLxx_HAL_Driver/Src/stm32wlxx_hal_rcc.o
                0x000000000800b63c                HAL_RCC_GetPCLK2Freq
 .text.LL_RCC_LSE_IsReady
                0x000000000800b65c        0xe ./Drivers/STM32WLxx_HAL_Driver/Src/stm32wlxx_hal_rcc_ex.o
 .text.LL_RCC_SetI2CClockSource
                0x000000000800b66a       0x20 ./Drivers/STM32WLxx_HAL_Driver/Src/stm32wlxx_hal_rcc_ex.o
 .text.LL_RCC_SetLPTIMClockSource
                0x000000000800b68a       0x1a ./Drivers/STM32WLxx_HAL_Driver/Src/stm32wlxx_hal_rcc_ex.o
 .text.HAL_RCCEx_PeriphCLKConfig
                0x000000000800b6a4      0x1ac ./Drivers/STM32WLxx_HAL_Driver/Src/stm32wlxx_hal_rcc_ex.o
                0x000000000800b6a4                HAL_RCCEx_PeriphCLKConfig
 .text.HAL_RTC_DeactivateAlarm
                0x000000000800b850       0x78 ./Drivers/STM32WLxx_HAL_Driver/Src/stm32wlxx_hal_rtc.o
                0x000000000800b850                HAL_RTC_DeactivateAlarm
 .text.HAL_RTC_AlarmIRQHandler
                0x000000000800b8c8       0x34 ./Drivers/STM32WLxx_HAL_Driver/Src/stm32wlxx_hal_rtc.o
                0x000000000800b8c8                HAL_RTC_AlarmIRQHandler
 .text.HAL_RTC_WaitForSynchro
                0x000000000800b8fc       0x30 ./Drivers/STM32WLxx_HAL_Driver/Src/stm32wlxx_hal_rtc.o
                0x000000000800b8fc                HAL_RTC_WaitForSynchro
 .text.RTC_EnterInitMode
                0x000000000800b92c       0x50 ./Drivers/STM32WLxx_HAL_Driver/Src/stm32wlxx_hal_rtc.o
                0x000000000800b92c                RTC_EnterInitMode
 .text.RTC_ExitInitMode
                0x000000000800b97c       0x48 ./Drivers/STM32WLxx_HAL_Driver/Src/stm32wlxx_hal_rtc.o
                0x000000000800b97c                RTC_ExitInitMode
 .text.HAL_RTC_Init
                0x000000000800b9c4       0xa0 ./Drivers/STM32WLxx_HAL_Driver/Src/stm32wlxx_hal_rtc.o
                0x000000000800b9c4                HAL_RTC_Init
 .text.RTC_ByteToBcd2
                0x000000000800ba64       0x16 ./Drivers/STM32WLxx_HAL_Driver/Src/stm32wlxx_hal_rtc.o
                0x000000000800ba64                RTC_ByteToBcd2
 *fill*         0x000000000800ba7a        0x2 
 .text.HAL_RTC_SetAlarm_IT
                0x000000000800ba7c      0x15c ./Drivers/STM32WLxx_HAL_Driver/Src/stm32wlxx_hal_rtc.o
                0x000000000800ba7c                HAL_RTC_SetAlarm_IT
 .text.HAL_RTCEx_EnableBypassShadow
                0x000000000800bbd8       0x3c ./Drivers/STM32WLxx_HAL_Driver/Src/stm32wlxx_hal_rtc_ex.o
                0x000000000800bbd8                HAL_RTCEx_EnableBypassShadow
 .text.HAL_RTCEx_SetSSRU_IT
                0x000000000800bc14       0x4c ./Drivers/STM32WLxx_HAL_Driver/Src/stm32wlxx_hal_rtc_ex.o
                0x000000000800bc14                HAL_RTCEx_SetSSRU_IT
 .text.HAL_RTCEx_SSRUIRQHandler
                0x000000000800bc60       0x20 ./Drivers/STM32WLxx_HAL_Driver/Src/stm32wlxx_hal_rtc_ex.o
                0x000000000800bc60                HAL_RTCEx_SSRUIRQHandler
 .text.HAL_RTCEx_AlarmBEventCallback
                0x000000000800bc80        0x2 ./Drivers/STM32WLxx_HAL_Driver/Src/stm32wlxx_hal_rtc_ex.o
                0x000000000800bc80                HAL_RTCEx_AlarmBEventCallback
 .text.HAL_RTCEx_BKUPWrite
                0x000000000800bc82        0xe ./Drivers/STM32WLxx_HAL_Driver/Src/stm32wlxx_hal_rtc_ex.o
                0x000000000800bc82                HAL_RTCEx_BKUPWrite
 .text.HAL_RTCEx_BKUPRead
                0x000000000800bc90        0xe ./Drivers/STM32WLxx_HAL_Driver/Src/stm32wlxx_hal_rtc_ex.o
                0x000000000800bc90                HAL_RTCEx_BKUPRead
 *fill*         0x000000000800bc9e        0x2 
 .text.SPI_WaitFlagStateUntilTimeout
                0x000000000800bca0       0xb8 ./Drivers/STM32WLxx_HAL_Driver/Src/stm32wlxx_hal_spi.o
 .text.SPI_WaitFifoStateUntilTimeout
                0x000000000800bd58       0xd8 ./Drivers/STM32WLxx_HAL_Driver/Src/stm32wlxx_hal_spi.o
 .text.SPI_EndRxTxTransaction
                0x000000000800be30       0x4e ./Drivers/STM32WLxx_HAL_Driver/Src/stm32wlxx_hal_spi.o
 .text.HAL_SPI_Init
                0x000000000800be7e      0x10e ./Drivers/STM32WLxx_HAL_Driver/Src/stm32wlxx_hal_spi.o
                0x000000000800be7e                HAL_SPI_Init
 .text.HAL_SPI_Transmit
                0x000000000800bf8c      0x1b8 ./Drivers/STM32WLxx_HAL_Driver/Src/stm32wlxx_hal_spi.o
                0x000000000800bf8c                HAL_SPI_Transmit
 .text.LL_PWR_UnselectSUBGHZSPI_NSS
                0x000000000800c144       0x14 ./Drivers/STM32WLxx_HAL_Driver/Src/stm32wlxx_hal_subghz.o
 .text.LL_PWR_SelectSUBGHZSPI_NSS
                0x000000000800c158       0x14 ./Drivers/STM32WLxx_HAL_Driver/Src/stm32wlxx_hal_subghz.o
 .text.SUBGHZSPI_Init
                0x000000000800c16c       0x24 ./Drivers/STM32WLxx_HAL_Driver/Src/stm32wlxx_hal_subghz.o
                0x000000000800c16c                SUBGHZSPI_Init
 .text.HAL_SUBGHZ_Init
                0x000000000800c190       0xa0 ./Drivers/STM32WLxx_HAL_Driver/Src/stm32wlxx_hal_subghz.o
                0x000000000800c190                HAL_SUBGHZ_Init
 .text.SUBGHZSPI_Transmit
                0x000000000800c230       0x68 ./Drivers/STM32WLxx_HAL_Driver/Src/stm32wlxx_hal_subghz.o
                0x000000000800c230                SUBGHZSPI_Transmit
 .text.SUBGHZSPI_Receive
                0x000000000800c298       0x6c ./Drivers/STM32WLxx_HAL_Driver/Src/stm32wlxx_hal_subghz.o
                0x000000000800c298                SUBGHZSPI_Receive
 .text.SUBGHZ_WaitOnBusy
                0x000000000800c304       0x48 ./Drivers/STM32WLxx_HAL_Driver/Src/stm32wlxx_hal_subghz.o
                0x000000000800c304                SUBGHZ_WaitOnBusy
 .text.SUBGHZ_CheckDeviceReady
                0x000000000800c34c       0x38 ./Drivers/STM32WLxx_HAL_Driver/Src/stm32wlxx_hal_subghz.o
                0x000000000800c34c                SUBGHZ_CheckDeviceReady
 .text.HAL_SUBGHZ_WriteRegisters
                0x000000000800c384       0x72 ./Drivers/STM32WLxx_HAL_Driver/Src/stm32wlxx_hal_subghz.o
                0x000000000800c384                HAL_SUBGHZ_WriteRegisters
 .text.HAL_SUBGHZ_ReadRegisters
                0x000000000800c3f6       0x76 ./Drivers/STM32WLxx_HAL_Driver/Src/stm32wlxx_hal_subghz.o
                0x000000000800c3f6                HAL_SUBGHZ_ReadRegisters
 .text.HAL_SUBGHZ_ExecSetCmd
                0x000000000800c46c       0x70 ./Drivers/STM32WLxx_HAL_Driver/Src/stm32wlxx_hal_subghz.o
                0x000000000800c46c                HAL_SUBGHZ_ExecSetCmd
 .text.HAL_SUBGHZ_ExecGetCmd
                0x000000000800c4dc       0x66 ./Drivers/STM32WLxx_HAL_Driver/Src/stm32wlxx_hal_subghz.o
                0x000000000800c4dc                HAL_SUBGHZ_ExecGetCmd
 .text.HAL_SUBGHZ_IRQHandler
                0x000000000800c542       0x90 ./Drivers/STM32WLxx_HAL_Driver/Src/stm32wlxx_hal_subghz.o
                0x000000000800c542                HAL_SUBGHZ_IRQHandler
 .text.HAL_SUBGHZ_WriteBuffer
                0x000000000800c5d2       0x66 ./Drivers/STM32WLxx_HAL_Driver/Src/stm32wlxx_hal_subghz.o
                0x000000000800c5d2                HAL_SUBGHZ_WriteBuffer
 .text.HAL_SUBGHZ_ReadBuffer
                0x000000000800c638       0x6e ./Drivers/STM32WLxx_HAL_Driver/Src/stm32wlxx_hal_subghz.o
                0x000000000800c638                HAL_SUBGHZ_ReadBuffer
 *fill*         0x000000000800c6a6        0x2 
 .text.HAL_TIM_Base_Start
                0x000000000800c6a8       0x44 ./Drivers/STM32WLxx_HAL_Driver/Src/stm32wlxx_hal_tim.o
                0x000000000800c6a8                HAL_TIM_Base_Start
 .text.HAL_TIM_Base_Stop
                0x000000000800c6ec       0x28 ./Drivers/STM32WLxx_HAL_Driver/Src/stm32wlxx_hal_tim.o
                0x000000000800c6ec                HAL_TIM_Base_Stop
 .text.HAL_TIM_Base_Start_IT
                0x000000000800c714       0x4c ./Drivers/STM32WLxx_HAL_Driver/Src/stm32wlxx_hal_tim.o
                0x000000000800c714                HAL_TIM_Base_Start_IT
 .text.HAL_TIM_Base_Stop_IT
                0x000000000800c760       0x30 ./Drivers/STM32WLxx_HAL_Driver/Src/stm32wlxx_hal_tim.o
                0x000000000800c760                HAL_TIM_Base_Stop_IT
 .text.HAL_TIM_OC_DelayElapsedCallback
                0x000000000800c790        0x2 ./Drivers/STM32WLxx_HAL_Driver/Src/stm32wlxx_hal_tim.o
                0x000000000800c790                HAL_TIM_OC_DelayElapsedCallback
 .text.HAL_TIM_IC_CaptureCallback
                0x000000000800c792        0x2 ./Drivers/STM32WLxx_HAL_Driver/Src/stm32wlxx_hal_tim.o
                0x000000000800c792                HAL_TIM_IC_CaptureCallback
 .text.HAL_TIM_PWM_PulseFinishedCallback
                0x000000000800c794        0x2 ./Drivers/STM32WLxx_HAL_Driver/Src/stm32wlxx_hal_tim.o
                0x000000000800c794                HAL_TIM_PWM_PulseFinishedCallback
 .text.HAL_TIM_TriggerCallback
                0x000000000800c796        0x2 ./Drivers/STM32WLxx_HAL_Driver/Src/stm32wlxx_hal_tim.o
                0x000000000800c796                HAL_TIM_TriggerCallback
 .text.HAL_TIM_IRQHandler
                0x000000000800c798      0x160 ./Drivers/STM32WLxx_HAL_Driver/Src/stm32wlxx_hal_tim.o
                0x000000000800c798                HAL_TIM_IRQHandler
 .text.TIM_Base_SetConfig
                0x000000000800c8f8       0x74 ./Drivers/STM32WLxx_HAL_Driver/Src/stm32wlxx_hal_tim.o
                0x000000000800c8f8                TIM_Base_SetConfig
 .text.HAL_TIM_Base_Init
                0x000000000800c96c       0x60 ./Drivers/STM32WLxx_HAL_Driver/Src/stm32wlxx_hal_tim.o
                0x000000000800c96c                HAL_TIM_Base_Init
 .text.TIM_ETR_SetConfig
                0x000000000800c9cc       0x14 ./Drivers/STM32WLxx_HAL_Driver/Src/stm32wlxx_hal_tim.o
                0x000000000800c9cc                TIM_ETR_SetConfig
 .text.HAL_TIM_ConfigClockSource
                0x000000000800c9e0      0x14c ./Drivers/STM32WLxx_HAL_Driver/Src/stm32wlxx_hal_tim.o
                0x000000000800c9e0                HAL_TIM_ConfigClockSource
 .text.HAL_TIMEx_MasterConfigSynchronization
                0x000000000800cb2c       0x58 ./Drivers/STM32WLxx_HAL_Driver/Src/stm32wlxx_hal_tim_ex.o
                0x000000000800cb2c                HAL_TIMEx_MasterConfigSynchronization
 .text.HAL_TIMEx_CommutCallback
                0x000000000800cb84        0x2 ./Drivers/STM32WLxx_HAL_Driver/Src/stm32wlxx_hal_tim_ex.o
                0x000000000800cb84                HAL_TIMEx_CommutCallback
 .text.HAL_TIMEx_BreakCallback
                0x000000000800cb86        0x2 ./Drivers/STM32WLxx_HAL_Driver/Src/stm32wlxx_hal_tim_ex.o
                0x000000000800cb86                HAL_TIMEx_BreakCallback
 .text.HAL_TIMEx_Break2Callback
                0x000000000800cb88        0x2 ./Drivers/STM32WLxx_HAL_Driver/Src/stm32wlxx_hal_tim_ex.o
                0x000000000800cb88                HAL_TIMEx_Break2Callback
 .text.HAL_UART_GetState
                0x000000000800cb8a        0xc ./Drivers/STM32WLxx_HAL_Driver/Src/stm32wlxx_hal_uart.o
                0x000000000800cb8a                HAL_UART_GetState
 *fill*         0x000000000800cb96        0x2 
 .text.UART_SetConfig
                0x000000000800cb98      0x234 ./Drivers/STM32WLxx_HAL_Driver/Src/stm32wlxx_hal_uart.o
                0x000000000800cb98                UART_SetConfig
 .text.UART_AdvFeatureConfig
                0x000000000800cdcc       0xa8 ./Drivers/STM32WLxx_HAL_Driver/Src/stm32wlxx_hal_uart.o
                0x000000000800cdcc                UART_AdvFeatureConfig
 .text.UART_WaitOnFlagUntilTimeout
                0x000000000800ce74       0xc4 ./Drivers/STM32WLxx_HAL_Driver/Src/stm32wlxx_hal_uart.o
                0x000000000800ce74                UART_WaitOnFlagUntilTimeout
 .text.UART_CheckIdleState
                0x000000000800cf38       0x68 ./Drivers/STM32WLxx_HAL_Driver/Src/stm32wlxx_hal_uart.o
                0x000000000800cf38                UART_CheckIdleState
 .text.HAL_UART_Init
                0x000000000800cfa0       0x60 ./Drivers/STM32WLxx_HAL_Driver/Src/stm32wlxx_hal_uart.o
                0x000000000800cfa0                HAL_UART_Init
 .text.UARTEx_SetNbDataToProcess
                0x000000000800d000       0x44 ./Drivers/STM32WLxx_HAL_Driver/Src/stm32wlxx_hal_uart_ex.o
 .text.HAL_UARTEx_DisableFifoMode
                0x000000000800d044       0x36 ./Drivers/STM32WLxx_HAL_Driver/Src/stm32wlxx_hal_uart_ex.o
                0x000000000800d044                HAL_UARTEx_DisableFifoMode
 .text.HAL_UARTEx_SetTxFifoThreshold
                0x000000000800d07a       0x48 ./Drivers/STM32WLxx_HAL_Driver/Src/stm32wlxx_hal_uart_ex.o
                0x000000000800d07a                HAL_UARTEx_SetTxFifoThreshold
 .text.HAL_UARTEx_SetRxFifoThreshold
                0x000000000800d0c2       0x48 ./Drivers/STM32WLxx_HAL_Driver/Src/stm32wlxx_hal_uart_ex.o
                0x000000000800d0c2                HAL_UARTEx_SetRxFifoThreshold
 .text.RadioCheckRfFrequency
                0x000000000800d10a        0x4 ./Middlewares/Third_Party/SubGHz_Phy/stm32_radio_driver/radio.o
 *fill*         0x000000000800d10e        0x2 
 .text.RadioOnTxTimeoutIrq
                0x000000000800d110       0x14 ./Middlewares/Third_Party/SubGHz_Phy/stm32_radio_driver/radio.o
 .text.RadioOnRxTimeoutIrq
                0x000000000800d124       0x14 ./Middlewares/Third_Party/SubGHz_Phy/stm32_radio_driver/radio.o
 .text.RadioRead
                0x000000000800d138        0x4 ./Middlewares/Third_Party/SubGHz_Phy/stm32_radio_driver/radio.o
 .text.RadioWrite
                0x000000000800d13c        0x4 ./Middlewares/Third_Party/SubGHz_Phy/stm32_radio_driver/radio.o
 .text.RadioTxCw
                0x000000000800d140       0x14 ./Middlewares/Third_Party/SubGHz_Phy/stm32_radio_driver/radio.o
 .text.RadioSetRxDutyCycle
                0x000000000800d154       0x38 ./Middlewares/Third_Party/SubGHz_Phy/stm32_radio_driver/radio.o
 .text.RadioRxBoosted
                0x000000000800d18c       0x5c ./Middlewares/Third_Party/SubGHz_Phy/stm32_radio_driver/radio.o
 .text.RadioStandby
                0x000000000800d1e8        0x6 ./Middlewares/Third_Party/SubGHz_Phy/stm32_radio_driver/radio.o
 *fill*         0x000000000800d1ee        0x2 
 .text.RadioGetStatus
                0x000000000800d1f0       0x1c ./Middlewares/Third_Party/SubGHz_Phy/stm32_radio_driver/radio.o
 .text.RadioGetWakeupTime
                0x000000000800d20c        0xa ./Middlewares/Third_Party/SubGHz_Phy/stm32_radio_driver/radio.o
 .text.RadioReadRegisters
                0x000000000800d216        0x4 ./Middlewares/Third_Party/SubGHz_Phy/stm32_radio_driver/radio.o
 .text.RadioWriteRegisters
                0x000000000800d21a        0x4 ./Middlewares/Third_Party/SubGHz_Phy/stm32_radio_driver/radio.o
 .text.RadioRssi
                0x000000000800d21e        0xa ./Middlewares/Third_Party/SubGHz_Phy/stm32_radio_driver/radio.o
 .text.RadioSetTxContinuousWave
                0x000000000800d228       0x38 ./Middlewares/Third_Party/SubGHz_Phy/stm32_radio_driver/radio.o
 .text.RadioSetChannel
                0x000000000800d260        0x4 ./Middlewares/Third_Party/SubGHz_Phy/stm32_radio_driver/radio.o
 .text.RadioStartCad
                0x000000000800d264       0x28 ./Middlewares/Third_Party/SubGHz_Phy/stm32_radio_driver/radio.o
 .text.RadioRx  0x000000000800d28c       0x5c ./Middlewares/Third_Party/SubGHz_Phy/stm32_radio_driver/radio.o
 .text.RadioSleep
                0x000000000800d2e8       0x14 ./Middlewares/Third_Party/SubGHz_Phy/stm32_radio_driver/radio.o
 .text.RadioRandom
                0x000000000800d2fc       0x16 ./Middlewares/Third_Party/SubGHz_Phy/stm32_radio_driver/radio.o
 *fill*         0x000000000800d312        0x2 
 .text.RadioInit
                0x000000000800d314       0x94 ./Middlewares/Third_Party/SubGHz_Phy/stm32_radio_driver/radio.o
 .text.RadioSetMaxPayloadLength
                0x000000000800d3a8       0x2c ./Middlewares/Third_Party/SubGHz_Phy/stm32_radio_driver/radio.o
 .text.RadioSetPublicNetwork
                0x000000000800d3d4       0x3c ./Middlewares/Third_Party/SubGHz_Phy/stm32_radio_driver/radio.o
 .text.RadioSetModem
                0x000000000800d410       0x4c ./Middlewares/Third_Party/SubGHz_Phy/stm32_radio_driver/radio.o
 .text.RadioSetTxGenericConfig
                0x000000000800d45c      0x27c ./Middlewares/Third_Party/SubGHz_Phy/stm32_radio_driver/radio.o
 .text.RadioSetRxGenericConfig
                0x000000000800d6d8      0x20c ./Middlewares/Third_Party/SubGHz_Phy/stm32_radio_driver/radio.o
 .text.RadioSetTxConfig
                0x000000000800d8e4      0x17c ./Middlewares/Third_Party/SubGHz_Phy/stm32_radio_driver/radio.o
 .text.RadioSetRxConfig
                0x000000000800da60      0x2c8 ./Middlewares/Third_Party/SubGHz_Phy/stm32_radio_driver/radio.o
 .text.RadioIsChannelFree
                0x000000000800dd28       0x7c ./Middlewares/Third_Party/SubGHz_Phy/stm32_radio_driver/radio.o
 .text.RadioSend
                0x000000000800dda4      0x1a8 ./Middlewares/Third_Party/SubGHz_Phy/stm32_radio_driver/radio.o
 .text.RadioTimeOnAir
                0x000000000800df4c       0xec ./Middlewares/Third_Party/SubGHz_Phy/stm32_radio_driver/radio.o
 .text.RadioTxPrbs
                0x000000000800e038       0x30 ./Middlewares/Third_Party/SubGHz_Phy/stm32_radio_driver/radio.o
 .text.RadioIrqProcess
                0x000000000800e068      0x230 ./Middlewares/Third_Party/SubGHz_Phy/stm32_radio_driver/radio.o
 .text.RadioOnDioIrq
                0x000000000800e298       0x10 ./Middlewares/Third_Party/SubGHz_Phy/stm32_radio_driver/radio.o
 .text.SUBGRF_WriteCommand
                0x000000000800e2a8       0x20 ./Middlewares/Third_Party/SubGHz_Phy/stm32_radio_driver/radio_driver.o
 .text.SUBGRF_ReadCommand
                0x000000000800e2c8       0x20 ./Middlewares/Third_Party/SubGHz_Phy/stm32_radio_driver/radio_driver.o
 .text.SUBGRF_GetOperatingMode
                0x000000000800e2e8        0xc ./Middlewares/Third_Party/SubGHz_Phy/stm32_radio_driver/radio_driver.o
                0x000000000800e2e8                SUBGRF_GetOperatingMode
 .text.SUBGRF_SetStandby
                0x000000000800e2f4       0x2c ./Middlewares/Third_Party/SubGHz_Phy/stm32_radio_driver/radio_driver.o
                0x000000000800e2f4                SUBGRF_SetStandby
 .text.SUBGRF_SetTx
                0x000000000800e320       0x2c ./Middlewares/Third_Party/SubGHz_Phy/stm32_radio_driver/radio_driver.o
                0x000000000800e320                SUBGRF_SetTx
 .text.SUBGRF_SetRx
                0x000000000800e34c       0x2c ./Middlewares/Third_Party/SubGHz_Phy/stm32_radio_driver/radio_driver.o
                0x000000000800e34c                SUBGRF_SetRx
 .text.SUBGRF_SetRxDutyCycle
                0x000000000800e378       0x3c ./Middlewares/Third_Party/SubGHz_Phy/stm32_radio_driver/radio_driver.o
                0x000000000800e378                SUBGRF_SetRxDutyCycle
 .text.SUBGRF_SetCad
                0x000000000800e3b4       0x18 ./Middlewares/Third_Party/SubGHz_Phy/stm32_radio_driver/radio_driver.o
                0x000000000800e3b4                SUBGRF_SetCad
 .text.SUBGRF_SetTxContinuousWave
                0x000000000800e3cc        0xa ./Middlewares/Third_Party/SubGHz_Phy/stm32_radio_driver/radio_driver.o
                0x000000000800e3cc                SUBGRF_SetTxContinuousWave
 .text.SUBGRF_SetTxInfinitePreamble
                0x000000000800e3d6        0xa ./Middlewares/Third_Party/SubGHz_Phy/stm32_radio_driver/radio_driver.o
                0x000000000800e3d6                SUBGRF_SetTxInfinitePreamble
 .text.SUBGRF_SetStopRxTimerOnPreambleDetect
                0x000000000800e3e0       0x18 ./Middlewares/Third_Party/SubGHz_Phy/stm32_radio_driver/radio_driver.o
                0x000000000800e3e0                SUBGRF_SetStopRxTimerOnPreambleDetect
 .text.SUBGRF_SetRegulatorMode
                0x000000000800e3f8       0x22 ./Middlewares/Third_Party/SubGHz_Phy/stm32_radio_driver/radio_driver.o
                0x000000000800e3f8                SUBGRF_SetRegulatorMode
 .text.SUBGRF_Calibrate
                0x000000000800e41a       0x1c ./Middlewares/Third_Party/SubGHz_Phy/stm32_radio_driver/radio_driver.o
                0x000000000800e41a                SUBGRF_Calibrate
 *fill*         0x000000000800e436        0x2 
 .text.SUBGRF_CalibrateImage
                0x000000000800e438       0x78 ./Middlewares/Third_Party/SubGHz_Phy/stm32_radio_driver/radio_driver.o
                0x000000000800e438                SUBGRF_CalibrateImage
 .text.SUBGRF_SetPaConfig
                0x000000000800e4b0       0x24 ./Middlewares/Third_Party/SubGHz_Phy/stm32_radio_driver/radio_driver.o
                0x000000000800e4b0                SUBGRF_SetPaConfig
 .text.SUBGRF_SetDioIrqParams
                0x000000000800e4d4       0x38 ./Middlewares/Third_Party/SubGHz_Phy/stm32_radio_driver/radio_driver.o
                0x000000000800e4d4                SUBGRF_SetDioIrqParams
 .text.SUBGRF_SetTcxoMode
                0x000000000800e50c       0x2c ./Middlewares/Third_Party/SubGHz_Phy/stm32_radio_driver/radio_driver.o
                0x000000000800e50c                SUBGRF_SetTcxoMode
 .text.SUBGRF_SetRfFrequency
                0x000000000800e538       0x4c ./Middlewares/Third_Party/SubGHz_Phy/stm32_radio_driver/radio_driver.o
                0x000000000800e538                SUBGRF_SetRfFrequency
 .text.SUBGRF_SetBufferBaseAddress
                0x000000000800e584       0x1a ./Middlewares/Third_Party/SubGHz_Phy/stm32_radio_driver/radio_driver.o
                0x000000000800e584                SUBGRF_SetBufferBaseAddress
 .text.SUBGRF_GetRssiInst
                0x000000000800e59e       0x1a ./Middlewares/Third_Party/SubGHz_Phy/stm32_radio_driver/radio_driver.o
                0x000000000800e59e                SUBGRF_GetRssiInst
 .text.SUBGRF_GetPacketStatus
                0x000000000800e5b8       0x78 ./Middlewares/Third_Party/SubGHz_Phy/stm32_radio_driver/radio_driver.o
                0x000000000800e5b8                SUBGRF_GetPacketStatus
 .text.SUBGRF_WriteRegister
                0x000000000800e630       0x20 ./Middlewares/Third_Party/SubGHz_Phy/stm32_radio_driver/radio_driver.o
                0x000000000800e630                SUBGRF_WriteRegister
 .text.SUBGRF_SetRxBoosted
                0x000000000800e650       0x38 ./Middlewares/Third_Party/SubGHz_Phy/stm32_radio_driver/radio_driver.o
                0x000000000800e650                SUBGRF_SetRxBoosted
 .text.SUBGRF_SetLoRaSymbNumTimeout
                0x000000000800e688       0x30 ./Middlewares/Third_Party/SubGHz_Phy/stm32_radio_driver/radio_driver.o
                0x000000000800e688                SUBGRF_SetLoRaSymbNumTimeout
 .text.SUBGRF_SetPacketType
                0x000000000800e6b8       0x2c ./Middlewares/Third_Party/SubGHz_Phy/stm32_radio_driver/radio_driver.o
                0x000000000800e6b8                SUBGRF_SetPacketType
 .text.SUBGRF_SetModulationParams
                0x000000000800e6e4       0xec ./Middlewares/Third_Party/SubGHz_Phy/stm32_radio_driver/radio_driver.o
                0x000000000800e6e4                SUBGRF_SetModulationParams
 .text.SUBGRF_ReadRegister
                0x000000000800e7d0       0x20 ./Middlewares/Third_Party/SubGHz_Phy/stm32_radio_driver/radio_driver.o
                0x000000000800e7d0                SUBGRF_ReadRegister
 .text.Radio_SMPS_Set
                0x000000000800e7f0       0x28 ./Middlewares/Third_Party/SubGHz_Phy/stm32_radio_driver/radio_driver.o
 .text.SUBGRF_Init
                0x000000000800e818       0x6c ./Middlewares/Third_Party/SubGHz_Phy/stm32_radio_driver/radio_driver.o
                0x000000000800e818                SUBGRF_Init
 .text.SUBGRF_SetSleep
                0x000000000800e884       0x34 ./Middlewares/Third_Party/SubGHz_Phy/stm32_radio_driver/radio_driver.o
                0x000000000800e884                SUBGRF_SetSleep
 .text.SUBGRF_SetWhiteningSeed
                0x000000000800e8b8       0x38 ./Middlewares/Third_Party/SubGHz_Phy/stm32_radio_driver/radio_driver.o
                0x000000000800e8b8                SUBGRF_SetWhiteningSeed
 .text.SUBGRF_SetTxParams
                0x000000000800e8f0       0xf2 ./Middlewares/Third_Party/SubGHz_Phy/stm32_radio_driver/radio_driver.o
                0x000000000800e8f0                SUBGRF_SetTxParams
 *fill*         0x000000000800e9e2        0x2 
 .text.SUBGRF_GetRxBufferStatus
                0x000000000800e9e4       0x44 ./Middlewares/Third_Party/SubGHz_Phy/stm32_radio_driver/radio_driver.o
                0x000000000800e9e4                SUBGRF_GetRxBufferStatus
 .text.SUBGRF_WriteRegisters
                0x000000000800ea28       0x20 ./Middlewares/Third_Party/SubGHz_Phy/stm32_radio_driver/radio_driver.o
                0x000000000800ea28                SUBGRF_WriteRegisters
 .text.SUBGRF_SetSyncWord
                0x000000000800ea48       0x12 ./Middlewares/Third_Party/SubGHz_Phy/stm32_radio_driver/radio_driver.o
                0x000000000800ea48                SUBGRF_SetSyncWord
 *fill*         0x000000000800ea5a        0x2 
 .text.SUBGRF_SetCrcSeed
                0x000000000800ea5c       0x28 ./Middlewares/Third_Party/SubGHz_Phy/stm32_radio_driver/radio_driver.o
                0x000000000800ea5c                SUBGRF_SetCrcSeed
 .text.SUBGRF_SetCrcPolynomial
                0x000000000800ea84       0x28 ./Middlewares/Third_Party/SubGHz_Phy/stm32_radio_driver/radio_driver.o
                0x000000000800ea84                SUBGRF_SetCrcPolynomial
 .text.SUBGRF_SetPacketParams
                0x000000000800eaac       0xe4 ./Middlewares/Third_Party/SubGHz_Phy/stm32_radio_driver/radio_driver.o
                0x000000000800eaac                SUBGRF_SetPacketParams
 .text.SUBGRF_ReadRegisters
                0x000000000800eb90       0x20 ./Middlewares/Third_Party/SubGHz_Phy/stm32_radio_driver/radio_driver.o
                0x000000000800eb90                SUBGRF_ReadRegisters
 .text.SUBGRF_GetRandom
                0x000000000800ebb0       0x68 ./Middlewares/Third_Party/SubGHz_Phy/stm32_radio_driver/radio_driver.o
                0x000000000800ebb0                SUBGRF_GetRandom
 .text.SUBGRF_WriteBuffer
                0x000000000800ec18       0x20 ./Middlewares/Third_Party/SubGHz_Phy/stm32_radio_driver/radio_driver.o
                0x000000000800ec18                SUBGRF_WriteBuffer
 .text.SUBGRF_SetPayload
                0x000000000800ec38        0xa ./Middlewares/Third_Party/SubGHz_Phy/stm32_radio_driver/radio_driver.o
                0x000000000800ec38                SUBGRF_SetPayload
 .text.SUBGRF_SendPayload
                0x000000000800ec42       0x12 ./Middlewares/Third_Party/SubGHz_Phy/stm32_radio_driver/radio_driver.o