../Drivers/Radio/stm32_timer.c:33:21:UTIL_TIMER_Init	0	static
../Drivers/Radio/stm32_timer.c:39:21:UTIL_TIMER_DeInit	0	static
../Drivers/Radio/stm32_timer.c:44:21:UTIL_TIMER_Create	24	static
../Drivers/Radio/stm32_timer.c:221:21:UTIL_TIMER_SetReloadMode	0	static
../Drivers/Radio/stm32_timer.c:258:10:UTIL_TIMER_IsRunning	0	static
../Drivers/Radio/stm32_timer.c:333:19:UTIL_TIMER_GetCurrentTime	8	static
../Drivers/Radio/stm32_timer.c:339:19:UTIL_TIMER_GetElapsedTime	16	static
../Drivers/Radio/stm32_timer.c:364:6:TimerExists	0	static
../Drivers/Radio/stm32_timer.c:236:21:UTIL_TIMER_GetRemainingTime	16	static
../Drivers/Radio/stm32_timer.c:270:10:UTIL_TIMER_GetFirstRemainingTime	16	static
../Drivers/Radio/stm32_timer.c:384:6:TimerSetTimeout	32	static
../Drivers/Radio/stm32_timer.c:135:21:UTIL_TIMER_Stop	16	static,ignoring_inline_asm
../Drivers/Radio/stm32_timer.c:405:6:TimerInsertTimer	8	static
../Drivers/Radio/stm32_timer.c:437:6:TimerInsertNewHeadTimer	0	static
../Drivers/Radio/stm32_timer.c:65:21:UTIL_TIMER_Start	24	static,ignoring_inline_asm
../Drivers/Radio/stm32_timer.c:115:21:UTIL_TIMER_StartWithPeriod	8	static
../Drivers/Radio/stm32_timer.c:201:21:UTIL_TIMER_SetPeriod	8	static
../Drivers/Radio/stm32_timer.c:281:6:UTIL_TIMER_IRQ_Handler	24	static,ignoring_inline_asm
