../Drivers/Radio/radio.c:479:13:RadioIsChannelFree	0	static
../Drivers/Radio/radio.c:678:13:RadioCheckRfFrequency	0	static
../Drivers/Radio/radio.c:788:17:RadioTimeOnAir	20	static
../Drivers/Radio/radio.c:1018:13:RadioOnTxTimeoutIrq	0	static
../Drivers/Radio/radio.c:1023:13:RadioOnRxTimeoutIrq	0	static
../Drivers/Radio/radio.c:962:16:RadioRead	0	static
../Drivers/Radio/radio.c:957:13:RadioWrite	0	static
../Drivers/Radio/radio.c:1205:13:RadioTxCw	8	static
../Drivers/Radio/radio.c:907:13:RadioSetRxDutyCycle	16	static
../Drivers/Radio/radio.c:879:13:RadioRxBoosted	8	static
../Drivers/Radio/radio.c:845:13:RadioStandby	0	static
../Drivers/Radio/radio.c:446:21:RadioGetStatus	8	static
../Drivers/Radio/radio.c:1013:17:RadioGetWakeupTime	8	static
../Drivers/Radio/radio.c:972:13:RadioReadRegisters	0	static
../Drivers/Radio/radio.c:967:13:RadioWriteRegisters	0	static
../Drivers/Radio/radio.c:952:16:RadioRssi	8	static
../Drivers/Radio/radio.c:931:13:RadioSetTxContinuousWave	16	static
../Drivers/Radio/radio.c:474:13:RadioSetChannel	0	static
../Drivers/Radio/radio.c:919:13:RadioStartCad	8	static
../Drivers/Radio/radio.c:850:13:RadioRx	8	static
../Drivers/Radio/radio.c:835:13:RadioSleep	8	static
../Drivers/Radio/radio.c:805:23:RadioSend	16	static
../Drivers/Radio/radio.c:515:17:RadioRandom	8	static
../Drivers/Radio/radio.c:415:13:RadioInit	24	static
../Drivers/Radio/radio.c:977:13:RadioSetMaxPayloadLength	0	static
../Drivers/Radio/radio.c:994:13:RadioSetPublicNetwork	8	static
../Drivers/Radio/radio.c:461:13:RadioSetModem	8	static
../Drivers/Radio/radio.c:1298:16:RadioSetTxGenericConfig	24	static
../Drivers/Radio/radio.c:1214:16:RadioSetRxGenericConfig	24	static
../Drivers/Radio/radio.c:621:13:RadioSetTxConfig	16	static
../Drivers/Radio/radio.c:530:13:RadioSetRxConfig	40	static
../Drivers/Radio/radio.c:1197:13:RadioTxPrbs	8	static
../Drivers/Radio/radio.c:1051:13:RadioIrqProcess	24	static
../Drivers/Radio/radio.c:1044:13:RadioOnDioIrq	0	static
