../Drivers/Radio/radio_driver.c:193:23:SUBGRF_GetOperatingMode	0	static
../Drivers/Radio/radio_driver.c:546:20:SUBGRF_GetPacketType	0	static
../Drivers/Radio/radio_driver.c:864:6:SUBGRF_WriteRegister	16	static
../Drivers/Radio/radio_driver.c:869:9:SUBGRF_ReadRegister	16	static
../Drivers/Radio/radio_driver.c:1051:13:Radio_SMPS_Set	8	static
../Drivers/Radio/radio_driver.c:876:6:SUBGRF_WriteRegisters	8	static,ignoring_inline_asm
../Drivers/Radio/radio_driver.c:223:9:SUBGRF_SetSyncWord	8	static
../Drivers/Radio/radio_driver.c:229:6:SUBGRF_SetCrcSeed	16	static
../Drivers/Radio/radio_driver.c:883:6:SUBGRF_ReadRegisters	8	static,ignoring_inline_asm
../Drivers/Radio/radio_driver.c:890:6:SUBGRF_WriteBuffer	8	static,ignoring_inline_asm
../Drivers/Radio/radio_driver.c:198:6:SUBGRF_SetPayload	0	static
../Drivers/Radio/radio_driver.c:897:6:SUBGRF_ReadBuffer	8	static,ignoring_inline_asm
../Drivers/Radio/radio_driver.c:904:6:SUBGRF_WriteCommand	8	static,ignoring_inline_asm
../Drivers/Radio/radio_driver.c:272:6:SUBGRF_SetSleep	16	static
../Drivers/Radio/radio_driver.c:286:6:SUBGRF_SetStandby	16	static
../Drivers/Radio/radio_driver.c:299:6:SUBGRF_SetFs	8	static
../Drivers/Radio/radio_driver.c:305:6:SUBGRF_SetTx	16	static
../Drivers/Radio/radio_driver.c:217:6:SUBGRF_SendPayload	8	static
../Drivers/Radio/radio_driver.c:317:6:SUBGRF_SetRx	16	static
../Drivers/Radio/radio_driver.c:247:10:SUBGRF_GetRandom	24	static
../Drivers/Radio/radio_driver.c:329:6:SUBGRF_SetRxBoosted	16	static
../Drivers/Radio/radio_driver.c:343:6:SUBGRF_SetRxDutyCycle	16	static
../Drivers/Radio/radio_driver.c:357:6:SUBGRF_SetCad	8	static
../Drivers/Radio/radio_driver.c:363:6:SUBGRF_SetTxContinuousWave	0	static
../Drivers/Radio/radio_driver.c:368:6:SUBGRF_SetTxInfinitePreamble	0	static
../Drivers/Radio/radio_driver.c:373:6:SUBGRF_SetStopRxTimerOnPreambleDetect	16	static
../Drivers/Radio/radio_driver.c:378:6:SUBGRF_SetLoRaSymbNumTimeout	16	static
../Drivers/Radio/radio_driver.c:399:6:SUBGRF_SetRegulatorMode	16	static
../Drivers/Radio/radio_driver.c:414:6:SUBGRF_Calibrate	16	static
../Drivers/Radio/radio_driver.c:427:6:SUBGRF_CalibrateImage	16	static
../Drivers/Radio/radio_driver.c:465:6:SUBGRF_SetPaConfig	16	static
../Drivers/Radio/radio_driver.c:476:6:SUBGRF_SetRxTxFallbackMode	16	static
../Drivers/Radio/radio_driver.c:481:6:SUBGRF_SetDioIrqParams	16	static
../Drivers/Radio/radio_driver.c:504:6:SUBGRF_SetTcxoMode	16	static
../Drivers/Radio/radio_driver.c:151:6:SUBGRF_Init	8	static
../Drivers/Radio/radio_driver.c:516:6:SUBGRF_SetRfFrequency	24	static
../Drivers/Radio/radio_driver.c:534:6:SUBGRF_SetPacketType	16	static
../Drivers/Radio/radio_driver.c:551:6:SUBGRF_SetTxParams	24	static
../Drivers/Radio/radio_driver.c:625:6:SUBGRF_SetModulationParams	16	static
../Drivers/Radio/radio_driver.c:689:6:SUBGRF_SetPacketParams	24	static
../Drivers/Radio/radio_driver.c:725:6:SUBGRF_SetCadParams	16	static
../Drivers/Radio/radio_driver.c:740:6:SUBGRF_SetBufferBaseAddress	16	static
../Drivers/Radio/radio_driver.c:849:6:SUBGRF_ClearDeviceErrors	16	static
../Drivers/Radio/radio_driver.c:855:6:SUBGRF_ClearIrqStatus	16	static
../Drivers/Radio/radio_driver.c:912:6:SUBGRF_ReadCommand	8	static,ignoring_inline_asm
../Drivers/Radio/radio_driver.c:496:10:SUBGRF_GetIrqStatus	16	static
../Drivers/Radio/radio_driver.c:749:18:SUBGRF_GetStatus	16	static
../Drivers/Radio/radio_driver.c:760:8:SUBGRF_GetRssiInst	16	static
../Drivers/Radio/radio_driver.c:770:6:SUBGRF_GetRxBufferStatus	24	static
../Drivers/Radio/radio_driver.c:203:9:SUBGRF_GetPayload	32	static
../Drivers/Radio/radio_driver.c:798:6:SUBGRF_GetPacketStatus	16	static
../Drivers/Radio/radio_driver.c:832:14:SUBGRF_GetDeviceErrors	16	static
../Drivers/Radio/radio_driver.c:920:6:SUBGRF_SetSwitch	8	static
../Drivers/Radio/radio_driver.c:946:9:SUBGRF_SetRfTxPower	16	static
../Drivers/Radio/radio_driver.c:985:10:SUBGRF_GetRadioWakeUpTime	0	static
../Drivers/Radio/radio_driver.c:991:6:HAL_SUBGHZ_TxCpltCallback	0	static
../Drivers/Radio/radio_driver.c:996:6:HAL_SUBGHZ_RxCpltCallback	0	static
../Drivers/Radio/radio_driver.c:1001:6:HAL_SUBGHZ_CRCErrorCallback	0	static
../Drivers/Radio/radio_driver.c:1006:6:HAL_SUBGHZ_CADStatusCallback	0	static
../Drivers/Radio/radio_driver.c:1021:6:HAL_SUBGHZ_RxTxTimeoutCallback	0	static
../Drivers/Radio/radio_driver.c:1026:6:HAL_SUBGHZ_HeaderErrorCallback	0	static
../Drivers/Radio/radio_driver.c:1031:6:HAL_SUBGHZ_PreambleDetectedCallback	0	static
../Drivers/Radio/radio_driver.c:1036:6:HAL_SUBGHZ_SyncWordValidCallback	0	static
../Drivers/Radio/radio_driver.c:1041:6:HAL_SUBGHZ_HeaderValidCallback	0	static
../Drivers/Radio/radio_driver.c:1046:6:HAL_SUBGHZ_LrFhssHopCallback	0	static
../Drivers/Radio/radio_driver.c:1062:9:SUBGRF_GetFskBandwidthRegValue	0	static
../Drivers/Radio/radio_driver.c:1081:6:SUBGRF_GetCFO	24	static
