../Drivers/CMSIS/Include/core_cm4.h:1933:34:__NVIC_SystemReset	0	static,ignoring_inline_asm
../Core/Inc/bno055_stm32.h:29:23:bno055_timeout.constprop	8	static
../Core/Inc/bno055_stm32.h:18:15:bno055_delay	16	static
../Core/Inc/bno055_stm32.h:37:6:bno055_writeData	24	static
../Core/Inc/bno055_stm32.h:69:6:bno055_readData	24	static
../Core/Src/compass.c:30:10:absv	0	static
../Core/Src/compass.c:36:9:maxv	0	static
../Core/Src/compass.c:42:9:minv	0	static
../Core/Src/compass.c:48:9:limit_to	0	static
../Core/Src/compass.c:94:6:calibrate_compass	880	static
../Core/Src/compass.c:55:6:init_compass	8	static
../Core/Src/compass.c:267:9:read_north	40	static
../Core/Src/compass.c:295:9:is_north_ready	0	static
../Core/Src/compass.c:301:9:reset_north	0	static
