../Core/Inc/bno055_stm32.h:20:6:bno055_assignI2C	0	static
../Core/Inc/bno055_stm32.h:24:6:bno055_delay	0	static
../Core/Inc/bno055_stm32.h:32:6:bno055_writeData	24	static
../Core/Inc/bno055_stm32.h:96:6:bno055_readData	40	static
../Core/Src/compass.c:33:10:absv	0	static
../Core/Src/compass.c:39:9:maxv	0	static
../Core/Src/compass.c:45:9:minv	0	static
../Core/Src/compass.c:51:9:limit_to	0	static
../Core/Src/compass.c:89:6:calibrate_compass	880	static,ignoring_inline_asm
../Core/Src/compass.c:58:6:init_compass	8	static
../Core/Src/compass.c:248:9:read_north	40	static
../Core/Src/compass.c:276:9:is_north_ready	0	static
../Core/Src/compass.c:282:9:reset_north	0	static
