../Drivers/STM32WLxx_HAL_Driver/Inc/stm32wlxx_ll_bus.h:449:22:LL_AHB2_GRP1_EnableClock	8	static
../Core/Src/gpio.c:42:6:MX_GPIO_Init	48	static
../Core/Src/gpio.c:223:6:led_toggle	0	static
../Core/Src/gpio.c:227:6:led_red_on	0	static
../Core/Src/gpio.c:230:6:led_red_off	0	static
../Core/Src/gpio.c:233:6:hold_power	0	static
../Core/Src/gpio.c:236:6:release_power	0	static
../Core/Src/gpio.c:240:6:led_green_on	0	static
../Core/Src/gpio.c:243:6:led_green_off	0	static
../Core/Src/gpio.c:246:6:led_blue_on	0	static
../Core/Src/gpio.c:249:6:led_blue_off	0	static
../Core/Src/gpio.c:252:6:led_w_on	0	static
../Core/Src/gpio.c:256:6:led_w_off	0	static
../Core/Src/gpio.c:260:6:gps_enable	0	static
../Core/Src/gpio.c:263:6:gps_disable	0	static
../Core/Src/gpio.c:266:6:buzz_on	0	static
../Core/Src/gpio.c:269:6:buzz_off	0	static
../Core/Src/gpio.c:305:6:shortBeepsBlocking	24	static
../Core/Src/gpio.c:315:6:longBeepsBlocking	24	static
