../Core/Src/lrns.c:40:25:get_devices	0	static
../Core/Src/lrns.c:52:30:get_point_groups	0	static
../Core/Src/lrns.c:71:6:init_lrns	16	static
../Core/Src/lrns.c:91:6:ublox_to_this_device	8	static
../Core/Src/lrns.c:113:6:rx_to_devices	48	static
../Core/Src/lrns.c:201:6:check_traced	0	static
../Core/Src/lrns.c:209:6:clear_fix_data	0	static
../Core/Src/lrns.c:274:6:calc_point_position	96	static
../Core/Src/lrns.c:302:6:calc_relative_position	88	static
../Core/Src/lrns.c:374:6:calc_fence	12	static
../Core/Src/lrns.c:395:9:check_any_alarm_fence_timeout	0	static
../Core/Src/lrns.c:432:6:getADC_sensors	16	static
