../Core/Src/lrns.c:40:25:get_devices	0	static
../Core/Src/lrns.c:70:6:init_lrns	16	static
../Core/Src/lrns.c:100:6:ublox_to_this_device	8	static
../Core/Src/lrns.c:121:6:rx_to_devices	48	static
../Core/Src/lrns.c:197:6:check_traced	0	static
../Core/Src/lrns.c:204:6:clear_fix_data	0	static
../Core/Src/lrns.c:270:6:calc_point_position	96	static
../Core/Src/lrns.c:298:6:calc_relative_position	88	static
../Core/Src/lrns.c:333:6:calc_timeout	32	static
../Core/Src/lrns.c:370:6:calc_fence	12	static
../Core/Src/lrns.c:391:9:check_any_alarm_fence_timeout	0	static
../Core/Src/lrns.c:428:6:getADC_sensors	16	static
