../Drivers/CMSIS/Include/core_cm4.h:1933:34:__NVIC_SystemReset	0	static,ignoring_inline_asm
../Core/Src/menu.c:1278:6:navigation_up	0	static
../Core/Src/menu.c:1285:6:navigation_down	0	static
../Core/Src/menu.c:1292:6:navigation_ok	0	static
../Core/Src/menu.c:1299:6:beacons_ok	0	static
../Core/Src/menu.c:1306:6:beacons_esc	0	static
../Core/Src/menu.c:1452:6:devices_ok	0	static
../Core/Src/menu.c:1455:6:devices_esc	0	static
../Core/Src/menu.c:1568:6:navto_points_ok	0	static
../Core/Src/menu.c:1572:6:navto_points_esc	8	static
../Core/Src/menu.c:1614:6:points_esc	8	static
../Core/Src/menu.c:1711:6:set_subpoint_up	0	static
../Core/Src/menu.c:1719:6:set_subpoint_down	0	static
../Core/Src/menu.c:1803:7:set_device_number_up	0	static
../Core/Src/menu.c:1847:7:set_device_number_esc	0	static
../Core/Src/menu.c:1854:7:set_spreading_factor_up	0	static
../Core/Src/menu.c:1858:7:set_spreading_factor_down	0	static
../Core/Src/menu.c:1874:7:set_spreading_factor_esc	0	static
../Core/Src/menu.c:1909:7:set_coding_rate_up	0	static
../Core/Src/menu.c:1917:8:set_coding_rate_down	0	static
../Core/Src/menu.c:1933:8:set_coding_rate_esc	0	static
../Core/Src/menu.c:1938:7:set_freq_channel_up	0	static
../Core/Src/menu.c:1946:7:set_freq_channel_down	0	static
../Core/Src/menu.c:1962:7:set_freq_channel_esc	0	static
../Core/Src/menu.c:1967:7:set_tx_power_up	0	static
../Core/Src/menu.c:1975:7:set_tx_power_down	0	static
../Core/Src/menu.c:1991:7:set_tx_power_esc	0	static
../Core/Src/menu.c:1996:7:set_timeout_up	0	static
../Core/Src/menu.c:2004:7:set_timeout_down	0	static
../Core/Src/menu.c:2020:7:set_timeout_esc	0	static
../Core/Src/menu.c:2025:7:set_fence_up	0	static
../Core/Src/menu.c:2033:7:set_fence_down	0	static
../Core/Src/menu.c:2049:7:set_fence_esc	0	static
../Core/Src/menu.c:2054:7:set_timezone_up	0	static
../Core/Src/menu.c:2057:7:set_timezone_down	0	static
../Core/Src/menu.c:2068:7:set_timezone_esc	0	static
../Core/Src/menu.c:1002:6:set_brightness	0	static
../Core/Src/menu.c:1777:6:draw_set_settings	48	static
../Core/Src/menu.c:2269:6:draw_restore_defaults	48	static
../Core/Src/menu.c:1013:6:draw_navigation	72	static
../Core/Src/menu.c:1139:6:draw_beacons	80	static
../Core/Src/menu.c:1463:6:draw_navto_points	80	static
../Core/Src/menu.c:1691:6:draw_set_points	56	static
../Core/Src/menu.c:1626:6:draw_show_points	56	static
../Core/Src/menu.c:1727:6:set_subpoint_ok	24	static
../Core/Src/menu.c:1743:6:set_subpoint_esc	8	static
../Core/Src/menu.c:1836:7:set_device_number_ok	16	static
../Core/Src/menu.c:1925:8:set_coding_rate_ok	8	static
../Core/Src/menu.c:1954:7:set_freq_channel_ok	8	static
../Core/Src/menu.c:1983:7:set_tx_power_ok	8	static
../Core/Src/menu.c:2012:7:set_timeout_ok	8	static
../Core/Src/menu.c:2041:7:set_fence_ok	8	static
../Core/Src/menu.c:2060:7:set_timezone_ok	8	static
../Core/Src/menu.c:1862:7:set_spreading_factor_ok	8	static
../Core/Src/menu.c:2108:6:confirm_settings_reboot	24	static
../Core/Src/menu.c:2120:6:confirm_settings_restore	24	static
../Core/Src/menu.c:1819:7:set_device_number_down	0	static
../Core/Src/menu.c:2073:6:draw_confirm_settings	48	static
../Core/Src/menu.c:801:9:get_current_item	12	static
../Core/Src/menu.c:773:6:switch_forward	24	static
../Core/Src/menu.c:886:6:draw_main	64	static
../Core/Src/menu.c:973:6:main_ok	8	static
../Core/Src/menu.c:1582:6:draw_points	56	static
../Core/Src/menu.c:1651:6:draw_device_submenu	56	static
../Core/Src/menu.c:1752:6:draw_settings	56	static
../Core/Src/menu.c:2138:6:draw_actions	56	static
../Core/Src/menu.c:2196:6:actions_ok	8	static
../Core/Src/menu.c:813:9:get_last_item	12	static
../Core/Src/menu.c:825:6:set_current_item	12	static
../Core/Src/menu.c:540:6:init_menu	16	static
../Core/Src/menu.c:741:6:scroll_up	8	static
../Core/Src/menu.c:757:6:scroll_down	8	static
../Core/Src/menu.c:787:6:switch_backward	16	static
../Core/Src/menu.c:566:6:change_menu	24	static
../Core/Src/menu.c:2173:6:power_long	16	static
../Core/Src/menu.c:837:6:reset_current_item_in_menu	8	static
../Core/Src/menu.c:2260:6:actions_esc	16	static
../Core/Src/menu.c:851:6:draw_current_menu	32	static
../Core/Src/menu.c:1317:6:draw_this_device	64	static
../Core/Src/menu.c:1374:6:draw_devices	48	static
../Core/Src/menu.c:1434:6:scroll_devices_up	0	static
../Core/Src/menu.c:1443:6:scroll_devices_down	0	static
