../Core/Src/ST7735.c:961:13:sendCmd	0	static
../Core/Src/ST7735.c:974:13:sendData	0	static
../Core/Src/ST7735.c:923:13:setWindow	16	static
../Core/Src/ST7735.c:93:6:ST7735_Select	0	static
../Core/Src/ST7735.c:98:6:ST7735_Unselect	0	static
../Core/Src/ST7735.c:103:6:ST7735_Reset	8	static
../Core/Src/ST7735.c:110:7:ST7735_WriteCommand	16	static
../Core/Src/ST7735.c:117:6:ST7735_WriteData	16	static
../Core/Src/ST7735.c:125:6:DisplayInit	24	static
../Core/Src/ST7735.c:152:6:ST7735_SetAddressWindow	32	static
../Core/Src/ST7735.c:202:6:ST7735_SetRotation	32	static
../Core/Src/ST7735.c:169:6:ST7735_Init	8	static
../Core/Src/ST7735.c:261:6:ST7735_DrawPixel	16	static
../Core/Src/ST7735.c:270:6:ST7735_WriteChar	56	static
../Core/Src/ST7735.c:289:6:ST7735_WriteString	64	static
../Core/Src/ST7735.c:312:6:ST7735_FillRectangle	32	static
../Core/Src/ST7735.c:329:6:ST7735_DrawImage	24	static
../Core/Src/ST7735.c:338:6:ST7735_InvertColors	0	static
../Core/Src/ST7735.c:343:6:drawPixel	0	static
../Core/Src/ST7735.c:348:6:fillRect	4	static
../Core/Src/ST7735.c:367:6:writePixel	0	static
../Core/Src/ST7735.c:372:6:writeLine	56	static
../Core/Src/ST7735.c:412:7:drawFastVLine	16	static
../Core/Src/ST7735.c:416:7:drawFastHLine	16	static
../Core/Src/ST7735.c:421:6:drawLine	16	static
../Core/Src/ST7735.c:437:6:drawCourse	0	static
../Core/Src/ST7735.c:443:6:drawArrow	176	static
../Core/Src/ST7735.c:554:6:drawDirection	56	static
../Core/Src/ST7735.c:573:6:drawCircle	56	static
../Core/Src/ST7735.c:530:6:drawPosition	392	static
../Core/Src/ST7735.c:544:6:drawTrace	56	static
../Core/Src/ST7735.c:607:6:drawCircleHelper	56	static
../Core/Src/ST7735.c:643:6:fillCircleHelper	64	static
../Core/Src/ST7735.c:564:6:erasePosition	48	static
../Core/Src/ST7735.c:680:6:fillCircle	32	static
../Core/Src/ST7735.c:688:6:drawRect	24	static
../Core/Src/ST7735.c:696:6:drawRoundRect	64	static
../Core/Src/ST7735.c:713:6:fillRoundRect	56	static
../Core/Src/ST7735.c:725:6:drawTriangle	40	static
../Core/Src/ST7735.c:733:6:fillTriangle	72	static
../Core/Src/ST7735.c:814:6:ST7735_FillScreen	16	static
../Core/Src/ST7735.c:810:6:fillScreen	0	static
../Core/Src/ST7735.c:829:6:draw_str_by_rows	80	dynamic
../Core/Src/ST7735.c:867:6:draw_char	48	static
../Core/Src/ST7735.c:888:6:fill_rectgl	24	static
../Core/Src/ST7735.c:883:6:fill_screen	16	static
