../Core/Src/ST7735.c:93:6:ST7735_Select	0	static
../Core/Src/ST7735.c:98:6:ST7735_Unselect	0	static
../Core/Src/ST7735.c:103:6:ST7735_Reset	8	static
../Core/Src/ST7735.c:110:7:ST7735_WriteCommand	16	static
../Core/Src/ST7735.c:117:6:ST7735_WriteData	16	static
../Core/Src/ST7735.c:125:6:DisplayInit	24	static
../Core/Src/ST7735.c:152:6:ST7735_SetAddressWindow	32	static
../Core/Src/ST7735.c:201:6:ST7735_SetRotation	32	static
../Core/Src/ST7735.c:169:6:ST7735_Init	8	static
../Core/Src/ST7735.c:261:6:ST7735_DrawPixel	24	static
../Core/Src/ST7735.c:274:6:ST7735_WriteChar	56	static
../Core/Src/ST7735.c:293:6:ST7735_WriteString	64	static
../Core/Src/ST7735.c:319:6:ST7735_FillRectangle	32	static
../Core/Src/ST7735.c:339:6:ST7735_DrawImage	24	static
../Core/Src/ST7735.c:350:6:ST7735_InvertColors	8	static
../Core/Src/ST7735.c:357:6:drawPixel	0	static
../Core/Src/ST7735.c:362:6:fillRect	4	static
../Core/Src/ST7735.c:381:6:writePixel	0	static
../Core/Src/ST7735.c:386:6:writeLine	56	static
../Core/Src/ST7735.c:426:7:drawFastVLine	16	static
../Core/Src/ST7735.c:430:7:drawFastHLine	16	static
../Core/Src/ST7735.c:435:6:drawLine	16	static
../Core/Src/ST7735.c:451:6:drawCourse	0	static
../Core/Src/ST7735.c:457:6:drawArrow	176	static
../Core/Src/ST7735.c:568:6:drawDirection	56	static
../Core/Src/ST7735.c:587:6:drawCircle	56	static
../Core/Src/ST7735.c:544:6:drawPosition	392	static
../Core/Src/ST7735.c:558:6:drawTrace	56	static
../Core/Src/ST7735.c:621:6:drawCircleHelper	56	static
../Core/Src/ST7735.c:657:6:fillCircleHelper	64	static
../Core/Src/ST7735.c:578:6:erasePosition	48	static
../Core/Src/ST7735.c:694:6:fillCircle	32	static
../Core/Src/ST7735.c:702:6:drawRect	24	static
../Core/Src/ST7735.c:710:6:drawRoundRect	64	static
../Core/Src/ST7735.c:727:6:fillRoundRect	56	static
../Core/Src/ST7735.c:739:6:drawTriangle	40	static
../Core/Src/ST7735.c:747:6:fillTriangle	72	static
../Core/Src/ST7735.c:828:6:ST7735_FillScreen	16	static
../Core/Src/ST7735.c:824:6:fillScreen	0	static
../Core/Src/ST7735.c:832:6:testLines	48	static
../Core/Src/ST7735.c:875:6:testFastLines	24	static
../Core/Src/ST7735.c:884:6:testRects	40	static
../Core/Src/ST7735.c:899:6:testFilledRects	48	static
../Core/Src/ST7735.c:916:6:testFilledCircles	48	static
../Core/Src/ST7735.c:929:6:testCircles	40	static
../Core/Src/ST7735.c:945:6:testTriangles	40	static
../Core/Src/ST7735.c:962:6:testFilledTriangles	64	static
../Core/Src/ST7735.c:975:6:testRoundRects	40	static
../Core/Src/ST7735.c:992:6:testFilledRoundRects	32	static
../Core/Src/ST7735.c:1007:6:testFillScreen	8	static
../Core/Src/ST7735.c:1016:6:testAll	8	static
