../Drivers/HAL/Src/stm32wlxx_hal_dma.c:1258:13:DMA_CalcDMAMUXChannelBaseAndMask	8	static
../Drivers/HAL/Src/stm32wlxx_hal_dma.c:152:19:HAL_DMA_Init	8	static
../Drivers/HAL/Src/stm32wlxx_hal_dma.c:255:19:HAL_DMA_DeInit	16	static
../Drivers/HAL/Src/stm32wlxx_hal_dma.c:370:19:HAL_DMA_Start	0	static
../Drivers/HAL/Src/stm32wlxx_hal_dma.c:421:19:HAL_DMA_Start_IT	0	static
../Drivers/HAL/Src/stm32wlxx_hal_dma.c:497:19:HAL_DMA_Abort	0	static
../Drivers/HAL/Src/stm32wlxx_hal_dma.c:558:19:HAL_DMA_Abort_IT	8	static
../Drivers/HAL/Src/stm32wlxx_hal_dma.c:619:19:HAL_DMA_PollForTransfer	32	static
../Drivers/HAL/Src/stm32wlxx_hal_dma.c:747:6:HAL_DMA_IRQHandler	12	static
../Drivers/HAL/Src/stm32wlxx_hal_dma.c:841:19:HAL_DMA_RegisterCallback	8	static
../Drivers/HAL/Src/stm32wlxx_hal_dma.c:892:19:HAL_DMA_UnRegisterCallback	8	static
../Drivers/HAL/Src/stm32wlxx_hal_dma.c:970:22:HAL_DMA_GetState	0	static
../Drivers/HAL/Src/stm32wlxx_hal_dma.c:982:10:HAL_DMA_GetError	0	static
