C:/Users/user/STM32CubeIDE/NewModule/E77-128x160/Drivers/STM32WLxx_HAL_Driver/Inc/stm32wlxx_ll_bus.h:449:22:LL_AHB2_GRP1_EnableClock	8	static
../Core/Src/gpio.c:42:6:MX_GPIO_Init	48	static
../Core/Src/gpio.c:119:6:interrupt_init	0	static,ignoring_inline_asm
../Core/Src/gpio.c:157:6:enable_buttons_interrupts	0	static
../Core/Src/gpio.c:167:6:disable_buttons_interrupts	0	static
../Core/Src/gpio.c:177:6:led_toggle	0	static
../Core/Src/gpio.c:180:6:led_red_on	0	static
../Core/Src/gpio.c:183:6:led_red_off	0	static
../Core/Src/gpio.c:186:6:led_green_on	0	static
../Core/Src/gpio.c:189:6:led_green_off	0	static
../Core/Src/gpio.c:192:6:led_blue_on	0	static
../Core/Src/gpio.c:195:6:led_blue_off	0	static
../Core/Src/gpio.c:198:6:led_w_on	0	static
../Core/Src/gpio.c:201:6:led_w_off	0	static
../Core/Src/gpio.c:204:6:mute_on	0	static
../Core/Src/gpio.c:207:6:mute_off	0	static
../Core/Src/gpio.c:211:6:gps_enable	0	static
../Core/Src/gpio.c:213:6:gps_disable	0	static
../Core/Src/gpio.c:215:6:hold_power	0	static
../Core/Src/gpio.c:218:6:release_power	0	static
