/home/z/STM32Cube/NewModule/E77-128x160/Drivers/HAL/Inc/stm32wlxx_ll_bus.h:449:22:LL_AHB2_GRP1_EnableClock	8	static
../Core/Src/gpio.c:42:6:MX_GPIO_Init	48	static
../Core/Src/gpio.c:119:6:interrupt_init	0	static,ignoring_inline_asm
../Core/Src/gpio.c:153:6:enable_buttons_interrupts	0	static
../Core/Src/gpio.c:163:6:disable_buttons_interrupts	0	static
../Core/Src/gpio.c:173:6:led_toggle	0	static
../Core/Src/gpio.c:176:6:led_red_on	0	static
../Core/Src/gpio.c:179:6:led_red_off	0	static
../Core/Src/gpio.c:182:6:led_green_on	0	static
../Core/Src/gpio.c:185:6:led_green_off	0	static
../Core/Src/gpio.c:188:6:led_blue_on	0	static
../Core/Src/gpio.c:191:6:led_blue_off	0	static
../Core/Src/gpio.c:194:6:led_w_on	0	static
../Core/Src/gpio.c:197:6:led_w_off	0	static
../Core/Src/gpio.c:200:6:mute_on	0	static
../Core/Src/gpio.c:203:6:mute_off	0	static
../Core/Src/gpio.c:207:6:gps_enable	0	static
../Core/Src/gpio.c:209:6:gps_disable	0	static
../Core/Src/gpio.c:211:6:hold_power	0	static
../Core/Src/gpio.c:214:6:release_power	0	static
../Core/Src/gpio.c:217:6:longBeepsBlocking	24	static
