/home/z/STM32Cube/NewModule/E77-128x160/Drivers/STM32WLxx_HAL_Driver/Inc/stm32wlxx_ll_bus.h:449:22:LL_AHB2_GRP1_EnableClock	8	static
../Core/Src/gpio.c:42:6:MX_GPIO_Init	56	static
../Core/Src/gpio.c:119:6:interrupt_init	0	static,ignoring_inline_asm
../Core/Src/gpio.c:161:6:enable_buttons_interrupts	0	static
../Core/Src/gpio.c:171:6:disable_buttons_interrupts	0	static
../Core/Src/gpio.c:181:6:led_toggle	0	static
../Core/Src/gpio.c:184:6:led_red_on	0	static
../Core/Src/gpio.c:187:6:led_red_off	0	static
../Core/Src/gpio.c:190:6:led_green_on	0	static
../Core/Src/gpio.c:193:6:led_green_off	0	static
../Core/Src/gpio.c:196:6:led_blue_on	0	static
../Core/Src/gpio.c:199:6:led_blue_off	0	static
../Core/Src/gpio.c:202:6:led_w_on	0	static
../Core/Src/gpio.c:205:6:led_w_off	0	static
../Core/Src/gpio.c:208:6:mute_on	0	static
../Core/Src/gpio.c:211:6:mute_off	0	static
../Core/Src/gpio.c:215:6:gps_enable	0	static
../Core/Src/gpio.c:217:6:gps_disable	0	static
../Core/Src/gpio.c:219:6:hold_power	0	static
../Core/Src/gpio.c:222:6:release_power	0	static
