../Core/Src/lcd_display.c:572:22:sendCmd	0	static
../Core/Src/lcd_display.c:595:22:sendDataMass	0	static
../Core/Src/lcd_display.c:609:22:setWindow	24	static
../Core/Src/lcd_display.c:633:22:drawVLine	16	static
../Core/Src/lcd_display.c:624:22:drawPixel	24	static
../Core/Src/lcd_display.c:90:6:displayInit	40	static
../Core/Src/lcd_display.c:300:6:draw_line	48	static
../Core/Src/lcd_display.c:313:6:draw_course	0	static
../Core/Src/lcd_display.c:319:6:draw_arrow	184	static
../Core/Src/lcd_display.c:406:6:draw_circle	56	static
../Core/Src/lcd_display.c:443:6:draw_trace	56	static
../Core/Src/lcd_display.c:456:6:draw_direction	56	static
../Core/Src/lcd_display.c:481:6:erase_position	64	static
../Core/Src/lcd_display.c:491:6:draw_str_by_rows	72	dynamic
../Core/Src/lcd_display.c:529:6:draw_char	56	static
../Core/Src/lcd_display.c:467:6:draw_position	72	static
../Core/Src/lcd_display.c:554:6:fill_rectgl	24	static
../Core/Src/lcd_display.c:549:6:fill_screen	16	static
../Core/Src/lcd_display.c:119:6:setST7735rotation	8	static
../Core/Src/lcd_display.c:144:6:st7735_init	16	static
