../Core/Src/lrns.c:29:25:get_devices	0	static
../Core/Src/lrns.c:41:30:get_point_groups	0	static
../Core/Src/lrns.c:60:6:init_lrns	16	static
../Core/Src/lrns.c:80:6:ublox_to_this_device	8	static
../Core/Src/lrns.c:102:6:rx_to_devices	48	static
../Core/Src/lrns.c:193:6:check_traced	0	static
../Core/Src/lrns.c:202:6:clear_fix_data	0	static
../Core/Src/lrns.c:209:6:calc_point_position	96	static
../Core/Src/lrns.c:237:6:calc_relative_position	88	static
../Core/Src/lrns.c:267:6:calc_fence	12	static
../Core/Src/lrns.c:288:9:check_any_alarm_fence_timeout	0	static
../Core/Src/lrns.c:307:8:getADC_calibration	0	static
../Core/Src/lrns.c:345:6:getADC_sensors	0	static
../Core/Src/lrns.c:375:6:DMA1_Channel1_IRQHandler	20	static
