../Core/Src/lrns.c:30:25:get_devices	0	static
../Core/Src/lrns.c:42:30:get_point_groups	0	static
../Core/Src/lrns.c:61:6:init_lrns	16	static
../Core/Src/lrns.c:81:6:ublox_to_this_device	8	static
../Core/Src/lrns.c:117:6:rx_to_devices	48	static
../Core/Src/lrns.c:208:6:check_traced	0	static
../Core/Src/lrns.c:217:6:clear_fix_data	0	static
../Core/Src/lrns.c:224:6:calc_point_position	96	static
../Core/Src/lrns.c:252:6:calc_relative_position	88	static
../Core/Src/lrns.c:282:6:calc_fence	12	static
../Core/Src/lrns.c:303:9:check_any_alarm_fence_timeout	0	static
../Core/Src/lrns.c:322:8:getADC_calibration	0	static
../Core/Src/lrns.c:360:6:getADC_sensors	0	static
../Core/Src/lrns.c:390:6:DMA1_Channel1_IRQHandler	20	static
