../Drivers/CMSIS/Include/core_cm4.h:1933:34:__NVIC_SystemReset	0	static,ignoring_inline_asm
../Core/Src/menu.c:1234:6:navigation_up	0	static
../Core/Src/menu.c:1241:6:navigation_down	0	static
../Core/Src/menu.c:1248:6:navigation_ok	0	static
../Core/Src/menu.c:1251:6:beacons_ok	0	static
../Core/Src/menu.c:1256:6:beacons_esc	0	static
../Core/Src/menu.c:1399:6:devices_ok	0	static
../Core/Src/menu.c:1402:6:devices_esc	0	static
../Core/Src/menu.c:1465:6:set_subpoint_up	0	static
../Core/Src/menu.c:1473:6:set_subpoint_down	0	static
../Core/Src/menu.c:1481:6:set_subpoint_ok	20	static
../Core/Src/menu.c:1498:6:set_subpoint_esc	0	static
../Core/Src/menu.c:1613:6:navto_points_ok	0	static
../Core/Src/menu.c:1617:6:navto_points_esc	8	static
../Core/Src/menu.c:1659:6:points_esc	8	static
../Core/Src/menu.c:1778:7:set_device_number_up	0	static
../Core/Src/menu.c:1811:7:set_device_number_ok	0	static
../Core/Src/menu.c:1822:7:set_device_number_esc	0	static
../Core/Src/menu.c:1829:7:set_spreading_factor_up	0	static
../Core/Src/menu.c:1833:7:set_spreading_factor_down	0	static
../Core/Src/menu.c:1837:7:set_spreading_factor_ok	0	static
../Core/Src/menu.c:1849:7:set_spreading_factor_esc	0	static
../Core/Src/menu.c:1855:7:set_coding_rate_up	0	static
../Core/Src/menu.c:1863:8:set_coding_rate_down	0	static
../Core/Src/menu.c:1871:8:set_coding_rate_ok	0	static
../Core/Src/menu.c:1879:8:set_coding_rate_esc	0	static
../Core/Src/menu.c:1884:7:set_freq_channel_up	0	static
../Core/Src/menu.c:1892:7:set_freq_channel_down	0	static
../Core/Src/menu.c:1900:7:set_freq_channel_ok	0	static
../Core/Src/menu.c:1908:7:set_freq_channel_esc	0	static
../Core/Src/menu.c:1913:7:set_tx_power_up	0	static
../Core/Src/menu.c:1921:7:set_tx_power_down	0	static
../Core/Src/menu.c:1929:7:set_tx_power_ok	0	static
../Core/Src/menu.c:1937:7:set_tx_power_esc	0	static
../Core/Src/menu.c:1942:7:set_timeout_up	0	static
../Core/Src/menu.c:1950:7:set_timeout_down	0	static
../Core/Src/menu.c:1966:7:set_timeout_esc	0	static
../Core/Src/menu.c:1971:7:set_fence_up	0	static
../Core/Src/menu.c:1979:7:set_fence_down	0	static
../Core/Src/menu.c:1995:7:set_fence_esc	0	static
../Core/Src/menu.c:2000:7:set_timezone_up	0	static
../Core/Src/menu.c:2003:7:set_timezone_down	0	static
../Core/Src/menu.c:2014:7:set_timezone_esc	0	static
../Core/Src/menu.c:536:6:set_brightness	0	static
../Core/Src/menu.c:1712:6:confirm_clear_group	16	static
../Core/Src/menu.c:2203:6:draw_erase_points	32	static
../Core/Src/menu.c:2234:6:draw_restore_defaults	32	static
../Core/Src/menu.c:964:6:draw_navigation	72	static
../Core/Src/menu.c:1076:6:draw_beacons	80	static
../Core/Src/menu.c:1509:6:draw_navto_points	80	static
../Core/Src/menu.c:1444:6:draw_set_points	48	static
../Core/Src/menu.c:1754:6:draw_set_settings	40	static
../Core/Src/menu.c:2056:6:donot_save_settings	16	static
../Core/Src/menu.c:1671:6:draw_show_points	56	static
../Core/Src/menu.c:2043:6:confirm_settings_reboot	16	static
../Core/Src/menu.c:1958:7:set_timeout_ok	8	static
../Core/Src/menu.c:1987:7:set_fence_ok	8	static
../Core/Src/menu.c:2006:7:set_timezone_ok	8	static
../Core/Src/menu.c:2217:6:confirm_erase_points	16	static
../Core/Src/menu.c:2251:6:confirm_settings_restore	16	static
../Core/Src/menu.c:1794:7:set_device_number_down	0	static
../Core/Src/menu.c:1694:6:draw_clear_group	24	static
../Core/Src/menu.c:2019:6:draw_confirm_settings	32	static
../Core/Src/menu.c:786:9:get_current_item	12	static
../Core/Src/menu.c:760:6:switch_forward	24	static
../Core/Src/menu.c:871:6:draw_main	56	static
../Core/Src/menu.c:1408:6:draw_device_submenu	48	static
../Core/Src/menu.c:1627:6:draw_points	48	static
../Core/Src/menu.c:1730:6:draw_settings	40	static
../Core/Src/menu.c:2069:6:draw_actions	40	static
../Core/Src/menu.c:2122:6:actions_ok	16	static
../Core/Src/menu.c:798:9:get_last_item	12	static
../Core/Src/menu.c:810:6:set_current_item	12	static
../Core/Src/menu.c:512:6:init_menu	8	static
../Core/Src/menu.c:730:6:scroll_up	8	static
../Core/Src/menu.c:745:6:scroll_down	8	static
../Core/Src/menu.c:773:6:switch_backward	16	static
../Core/Src/menu.c:552:6:change_menu	24	static
../Core/Src/menu.c:2103:6:power_long	16	static
../Core/Src/menu.c:822:6:reset_current_item_in_menu	8	static
../Core/Src/menu.c:2196:6:actions_esc	16	static
../Core/Src/menu.c:836:6:draw_current_menu	24	static
../Core/Src/menu.c:1265:6:draw_this_device	72	static
../Core/Src/menu.c:1321:6:draw_devices	40	static
../Core/Src/menu.c:1381:6:scroll_devices_up	0	static
../Core/Src/menu.c:1390:6:scroll_devices_down	0	static
