../Drivers/CMSIS/Include/core_cm4.h:1933:34:__NVIC_SystemReset	0	static,ignoring_inline_asm
../Core/Src/menu.c:1203:6:navigation_up	0	static
../Core/Src/menu.c:1210:6:navigation_down	0	static
../Core/Src/menu.c:1217:6:navigation_ok	0	static
../Core/Src/menu.c:1220:6:beacons_ok	0	static
../Core/Src/menu.c:1225:6:beacons_esc	0	static
../Core/Src/menu.c:1368:6:devices_ok	0	static
../Core/Src/menu.c:1371:6:devices_esc	0	static
../Core/Src/menu.c:1434:6:set_subpoint_up	0	static
../Core/Src/menu.c:1442:6:set_subpoint_down	0	static
../Core/Src/menu.c:1450:6:set_subpoint_ok	20	static
../Core/Src/menu.c:1467:6:set_subpoint_esc	0	static
../Core/Src/menu.c:1582:6:navto_points_ok	0	static
../Core/Src/menu.c:1586:6:navto_points_esc	8	static
../Core/Src/menu.c:1628:6:points_esc	8	static
../Core/Src/menu.c:1747:7:set_device_number_up	0	static
../Core/Src/menu.c:1780:7:set_device_number_ok	0	static
../Core/Src/menu.c:1791:7:set_device_number_esc	0	static
../Core/Src/menu.c:1798:7:set_spreading_factor_up	0	static
../Core/Src/menu.c:1802:7:set_spreading_factor_down	0	static
../Core/Src/menu.c:1806:7:set_spreading_factor_ok	0	static
../Core/Src/menu.c:1818:7:set_spreading_factor_esc	0	static
../Core/Src/menu.c:1824:7:set_coding_rate_up	0	static
../Core/Src/menu.c:1832:8:set_coding_rate_down	0	static
../Core/Src/menu.c:1840:8:set_coding_rate_ok	0	static
../Core/Src/menu.c:1848:8:set_coding_rate_esc	0	static
../Core/Src/menu.c:1853:7:set_freq_channel_up	0	static
../Core/Src/menu.c:1861:7:set_freq_channel_down	0	static
../Core/Src/menu.c:1869:7:set_freq_channel_ok	0	static
../Core/Src/menu.c:1877:7:set_freq_channel_esc	0	static
../Core/Src/menu.c:1882:7:set_tx_power_up	0	static
../Core/Src/menu.c:1890:7:set_tx_power_down	0	static
../Core/Src/menu.c:1898:7:set_tx_power_ok	0	static
../Core/Src/menu.c:1906:7:set_tx_power_esc	0	static
../Core/Src/menu.c:1911:7:set_timeout_up	0	static
../Core/Src/menu.c:1919:7:set_timeout_down	0	static
../Core/Src/menu.c:1935:7:set_timeout_esc	0	static
../Core/Src/menu.c:1940:7:set_fence_up	0	static
../Core/Src/menu.c:1948:7:set_fence_down	0	static
../Core/Src/menu.c:1964:7:set_fence_esc	0	static
../Core/Src/menu.c:1969:7:set_timezone_up	0	static
../Core/Src/menu.c:1972:7:set_timezone_down	0	static
../Core/Src/menu.c:1983:7:set_timezone_esc	0	static
../Core/Src/menu.c:530:6:set_brightness	0	static
../Core/Src/menu.c:2171:6:draw_restore_defaults	32	static
../Core/Src/menu.c:948:6:draw_navigation	72	static
../Core/Src/menu.c:1060:6:draw_beacons	80	static
../Core/Src/menu.c:1478:6:draw_navto_points	80	static
../Core/Src/menu.c:1413:6:draw_set_points	48	static
../Core/Src/menu.c:1723:6:draw_set_settings	40	static
../Core/Src/menu.c:2025:6:donot_save_settings	16	static
../Core/Src/menu.c:1640:6:draw_show_points	56	static
../Core/Src/menu.c:1681:6:confirm_clear_group	16	static
../Core/Src/menu.c:2012:6:confirm_settings_reboot	16	static
../Core/Src/menu.c:1927:7:set_timeout_ok	8	static
../Core/Src/menu.c:1956:7:set_fence_ok	8	static
../Core/Src/menu.c:1975:7:set_timezone_ok	8	static
../Core/Src/menu.c:2189:6:confirm_settings_restore	16	static
../Core/Src/menu.c:1763:7:set_device_number_down	0	static
../Core/Src/menu.c:1663:6:draw_clear_group	24	static
../Core/Src/menu.c:1988:6:draw_confirm_settings	32	static
../Core/Src/menu.c:770:9:get_current_item	12	static
../Core/Src/menu.c:744:6:switch_forward	24	static
../Core/Src/menu.c:855:6:draw_main	56	static
../Core/Src/menu.c:1377:6:draw_device_submenu	48	static
../Core/Src/menu.c:1596:6:draw_points	48	static
../Core/Src/menu.c:1699:6:draw_settings	40	static
../Core/Src/menu.c:2038:6:draw_actions	40	static
../Core/Src/menu.c:2091:6:actions_ok	16	static
../Core/Src/menu.c:782:9:get_last_item	12	static
../Core/Src/menu.c:794:6:set_current_item	12	static
../Core/Src/menu.c:506:6:init_menu	8	static
../Core/Src/menu.c:714:6:scroll_up	8	static
../Core/Src/menu.c:729:6:scroll_down	8	static
../Core/Src/menu.c:757:6:switch_backward	16	static
../Core/Src/menu.c:546:6:change_menu	16	static
../Core/Src/menu.c:2072:6:power_long	8	static
../Core/Src/menu.c:806:6:reset_current_item_in_menu	8	static
../Core/Src/menu.c:2164:6:actions_esc	16	static
../Core/Src/menu.c:820:6:draw_current_menu	24	static
../Core/Src/menu.c:1234:6:draw_this_device	72	static
../Core/Src/menu.c:1290:6:draw_devices	40	static
../Core/Src/menu.c:1350:6:scroll_devices_up	0	static
../Core/Src/menu.c:1359:6:scroll_devices_down	0	static
