../Drivers/CMSIS/Include/core_cm4.h:1933:34:__NVIC_SystemReset	0	static,ignoring_inline_asm
../Core/Src/menu.c:1204:6:navigation_up	0	static
../Core/Src/menu.c:1211:6:navigation_down	0	static
../Core/Src/menu.c:1218:6:navigation_ok	0	static
../Core/Src/menu.c:1221:6:beacons_ok	0	static
../Core/Src/menu.c:1226:6:beacons_esc	0	static
../Core/Src/menu.c:1369:6:devices_ok	0	static
../Core/Src/menu.c:1372:6:devices_esc	0	static
../Core/Src/menu.c:1435:6:set_subpoint_up	0	static
../Core/Src/menu.c:1443:6:set_subpoint_down	0	static
../Core/Src/menu.c:1451:6:set_subpoint_ok	20	static
../Core/Src/menu.c:1468:6:set_subpoint_esc	0	static
../Core/Src/menu.c:1583:6:navto_points_ok	0	static
../Core/Src/menu.c:1587:6:navto_points_esc	8	static
../Core/Src/menu.c:1629:6:points_esc	8	static
../Core/Src/menu.c:1748:7:set_device_number_up	0	static
../Core/Src/menu.c:1781:7:set_device_number_ok	0	static
../Core/Src/menu.c:1792:7:set_device_number_esc	0	static
../Core/Src/menu.c:1799:7:set_spreading_factor_up	0	static
../Core/Src/menu.c:1803:7:set_spreading_factor_down	0	static
../Core/Src/menu.c:1807:7:set_spreading_factor_ok	0	static
../Core/Src/menu.c:1819:7:set_spreading_factor_esc	0	static
../Core/Src/menu.c:1825:7:set_coding_rate_up	0	static
../Core/Src/menu.c:1833:8:set_coding_rate_down	0	static
../Core/Src/menu.c:1841:8:set_coding_rate_ok	0	static
../Core/Src/menu.c:1849:8:set_coding_rate_esc	0	static
../Core/Src/menu.c:1854:7:set_freq_channel_up	0	static
../Core/Src/menu.c:1862:7:set_freq_channel_down	0	static
../Core/Src/menu.c:1870:7:set_freq_channel_ok	0	static
../Core/Src/menu.c:1878:7:set_freq_channel_esc	0	static
../Core/Src/menu.c:1883:7:set_tx_power_up	0	static
../Core/Src/menu.c:1891:7:set_tx_power_down	0	static
../Core/Src/menu.c:1899:7:set_tx_power_ok	0	static
../Core/Src/menu.c:1907:7:set_tx_power_esc	0	static
../Core/Src/menu.c:1912:7:set_timeout_up	0	static
../Core/Src/menu.c:1920:7:set_timeout_down	0	static
../Core/Src/menu.c:1936:7:set_timeout_esc	0	static
../Core/Src/menu.c:1941:7:set_fence_up	0	static
../Core/Src/menu.c:1949:7:set_fence_down	0	static
../Core/Src/menu.c:1965:7:set_fence_esc	0	static
../Core/Src/menu.c:1970:7:set_timezone_up	0	static
../Core/Src/menu.c:1973:7:set_timezone_down	0	static
../Core/Src/menu.c:1984:7:set_timezone_esc	0	static
../Core/Src/menu.c:536:6:set_brightness	0	static
../Core/Src/menu.c:1682:6:confirm_clear_group	16	static
../Core/Src/menu.c:2173:6:draw_erase_points	32	static
../Core/Src/menu.c:2204:6:draw_restore_defaults	32	static
../Core/Src/menu.c:949:6:draw_navigation	72	static
../Core/Src/menu.c:1061:6:draw_beacons	80	static
../Core/Src/menu.c:1479:6:draw_navto_points	80	static
../Core/Src/menu.c:1414:6:draw_set_points	48	static
../Core/Src/menu.c:1724:6:draw_set_settings	40	static
../Core/Src/menu.c:2026:6:donot_save_settings	16	static
../Core/Src/menu.c:1641:6:draw_show_points	56	static
../Core/Src/menu.c:2013:6:confirm_settings_reboot	16	static
../Core/Src/menu.c:1928:7:set_timeout_ok	8	static
../Core/Src/menu.c:1957:7:set_fence_ok	8	static
../Core/Src/menu.c:1976:7:set_timezone_ok	8	static
../Core/Src/menu.c:2187:6:confirm_erase_points	16	static
../Core/Src/menu.c:2221:6:confirm_settings_restore	16	static
../Core/Src/menu.c:1764:7:set_device_number_down	0	static
../Core/Src/menu.c:1664:6:draw_clear_group	24	static
../Core/Src/menu.c:1989:6:draw_confirm_settings	32	static
../Core/Src/menu.c:771:9:get_current_item	12	static
../Core/Src/menu.c:745:6:switch_forward	24	static
../Core/Src/menu.c:856:6:draw_main	56	static
../Core/Src/menu.c:1378:6:draw_device_submenu	48	static
../Core/Src/menu.c:1597:6:draw_points	48	static
../Core/Src/menu.c:1700:6:draw_settings	40	static
../Core/Src/menu.c:2039:6:draw_actions	40	static
../Core/Src/menu.c:2092:6:actions_ok	16	static
../Core/Src/menu.c:783:9:get_last_item	12	static
../Core/Src/menu.c:795:6:set_current_item	12	static
../Core/Src/menu.c:512:6:init_menu	8	static
../Core/Src/menu.c:715:6:scroll_up	8	static
../Core/Src/menu.c:730:6:scroll_down	8	static
../Core/Src/menu.c:758:6:switch_backward	16	static
../Core/Src/menu.c:552:6:change_menu	24	static
../Core/Src/menu.c:2073:6:power_long	16	static
../Core/Src/menu.c:807:6:reset_current_item_in_menu	8	static
../Core/Src/menu.c:2166:6:actions_esc	16	static
../Core/Src/menu.c:821:6:draw_current_menu	24	static
../Core/Src/menu.c:1235:6:draw_this_device	72	static
../Core/Src/menu.c:1291:6:draw_devices	40	static
../Core/Src/menu.c:1351:6:scroll_devices_up	0	static
../Core/Src/menu.c:1360:6:scroll_devices_down	0	static
