../Drivers/CMSIS/Include/core_cm4.h:1933:34:__NVIC_SystemReset	0	static,ignoring_inline_asm
../Core/Src/menu.c:1198:6:navigation_up	0	static
../Core/Src/menu.c:1205:6:navigation_down	0	static
../Core/Src/menu.c:1212:6:navigation_ok	0	static
../Core/Src/menu.c:1215:6:beacons_ok	0	static
../Core/Src/menu.c:1220:6:beacons_esc	0	static
../Core/Src/menu.c:1363:6:devices_ok	0	static
../Core/Src/menu.c:1366:6:devices_esc	0	static
../Core/Src/menu.c:1429:6:set_subpoint_up	0	static
../Core/Src/menu.c:1437:6:set_subpoint_down	0	static
../Core/Src/menu.c:1445:6:set_subpoint_ok	20	static
../Core/Src/menu.c:1462:6:set_subpoint_esc	0	static
../Core/Src/menu.c:1577:6:navto_points_ok	0	static
../Core/Src/menu.c:1581:6:navto_points_esc	8	static
../Core/Src/menu.c:1623:6:points_esc	8	static
../Core/Src/menu.c:1742:7:set_device_number_up	0	static
../Core/Src/menu.c:1775:7:set_device_number_ok	0	static
../Core/Src/menu.c:1786:7:set_device_number_esc	0	static
../Core/Src/menu.c:1793:7:set_spreading_factor_up	0	static
../Core/Src/menu.c:1797:7:set_spreading_factor_down	0	static
../Core/Src/menu.c:1801:7:set_spreading_factor_ok	0	static
../Core/Src/menu.c:1813:7:set_spreading_factor_esc	0	static
../Core/Src/menu.c:1819:7:set_coding_rate_up	0	static
../Core/Src/menu.c:1827:8:set_coding_rate_down	0	static
../Core/Src/menu.c:1835:8:set_coding_rate_ok	0	static
../Core/Src/menu.c:1843:8:set_coding_rate_esc	0	static
../Core/Src/menu.c:1848:7:set_freq_channel_up	0	static
../Core/Src/menu.c:1856:7:set_freq_channel_down	0	static
../Core/Src/menu.c:1864:7:set_freq_channel_ok	0	static
../Core/Src/menu.c:1872:7:set_freq_channel_esc	0	static
../Core/Src/menu.c:1877:7:set_tx_power_up	0	static
../Core/Src/menu.c:1885:7:set_tx_power_down	0	static
../Core/Src/menu.c:1893:7:set_tx_power_ok	0	static
../Core/Src/menu.c:1901:7:set_tx_power_esc	0	static
../Core/Src/menu.c:1906:7:set_timeout_up	0	static
../Core/Src/menu.c:1914:7:set_timeout_down	0	static
../Core/Src/menu.c:1930:7:set_timeout_esc	0	static
../Core/Src/menu.c:1935:7:set_fence_up	0	static
../Core/Src/menu.c:1943:7:set_fence_down	0	static
../Core/Src/menu.c:1959:7:set_fence_esc	0	static
../Core/Src/menu.c:1964:7:set_timezone_up	0	static
../Core/Src/menu.c:1967:7:set_timezone_down	0	static
../Core/Src/menu.c:1978:7:set_timezone_esc	0	static
../Core/Src/menu.c:530:6:set_brightness	0	static
../Core/Src/menu.c:1676:6:confirm_clear_group	16	static
../Core/Src/menu.c:2166:6:draw_restore_defaults	32	static
../Core/Src/menu.c:943:6:draw_navigation	72	static
../Core/Src/menu.c:1055:6:draw_beacons	80	static
../Core/Src/menu.c:1473:6:draw_navto_points	80	static
../Core/Src/menu.c:1408:6:draw_set_points	48	static
../Core/Src/menu.c:1718:6:draw_set_settings	40	static
../Core/Src/menu.c:2020:6:donot_save_settings	16	static
../Core/Src/menu.c:1635:6:draw_show_points	56	static
../Core/Src/menu.c:2007:6:confirm_settings_reboot	16	static
../Core/Src/menu.c:1922:7:set_timeout_ok	8	static
../Core/Src/menu.c:1951:7:set_fence_ok	8	static
../Core/Src/menu.c:1970:7:set_timezone_ok	8	static
../Core/Src/menu.c:2184:6:confirm_settings_restore	16	static
../Core/Src/menu.c:1758:7:set_device_number_down	0	static
../Core/Src/menu.c:1658:6:draw_clear_group	24	static
../Core/Src/menu.c:1983:6:draw_confirm_settings	32	static
../Core/Src/menu.c:765:9:get_current_item	12	static
../Core/Src/menu.c:739:6:switch_forward	24	static
../Core/Src/menu.c:850:6:draw_main	56	static
../Core/Src/menu.c:1372:6:draw_device_submenu	48	static
../Core/Src/menu.c:1591:6:draw_points	48	static
../Core/Src/menu.c:1694:6:draw_settings	40	static
../Core/Src/menu.c:2033:6:draw_actions	40	static
../Core/Src/menu.c:2086:6:actions_ok	16	static
../Core/Src/menu.c:777:9:get_last_item	12	static
../Core/Src/menu.c:789:6:set_current_item	12	static
../Core/Src/menu.c:506:6:init_menu	8	static
../Core/Src/menu.c:709:6:scroll_up	8	static
../Core/Src/menu.c:724:6:scroll_down	8	static
../Core/Src/menu.c:752:6:switch_backward	16	static
../Core/Src/menu.c:546:6:change_menu	24	static
../Core/Src/menu.c:2067:6:power_long	16	static
../Core/Src/menu.c:801:6:reset_current_item_in_menu	8	static
../Core/Src/menu.c:2159:6:actions_esc	16	static
../Core/Src/menu.c:815:6:draw_current_menu	24	static
../Core/Src/menu.c:1229:6:draw_this_device	72	static
../Core/Src/menu.c:1285:6:draw_devices	40	static
../Core/Src/menu.c:1345:6:scroll_devices_up	0	static
../Core/Src/menu.c:1354:6:scroll_devices_down	0	static
