../Core/Src/settings.c:677:16:find_lost_device	32	static
../Core/Src/settings.c:489:16:find_saved_group	32	static
../Core/Src/settings.c:196:10:get_coding_rate_values	0	static
../Core/Src/settings.c:201:10:get_tx_power_values	0	static
../Core/Src/settings.c:206:25:get_settings	0	static
../Core/Src/settings.c:296:6:settings_save_default	8	static
../Core/Src/settings.c:238:6:settings_load	16	static
../Core/Src/settings.c:370:6:settings_save	8	static
../Core/Src/settings.c:429:24:get_points	0	static
../Core/Src/settings.c:444:6:save_one_point	8	static
../Core/Src/settings.c:457:7:get_points_group_name	0	static
../Core/Src/settings.c:462:7:get_points_group_short	0	static
../Core/Src/settings.c:466:6:erase_point_groups	8	static
../Core/Src/settings.c:474:6:erase_saved_devices	8	static
../Core/Src/settings.c:517:6:saved_group_load	24	static
../Core/Src/settings.c:551:6:points_group_save	40	static
../Core/Src/settings.c:621:6:clear_points_group	32	static
../Core/Src/settings.c:705:6:lost_device_load	24	static
../Core/Src/settings.c:743:6:lost_device_save	40	static
