/home/z/STM32Cube/NewModule/E77-128x160/Drivers/HAL/Inc/stm32wlxx_ll_bus.h:1303:22:LL_APB2_GRP1_EnableClock	8	static
../Core/Src/tim.c:33:6:MX_TIM1_Init	40	static
../Core/Src/tim.c:75:6:MX_TIM2_Init	40	static
../Core/Src/tim.c:115:6:MX_TIM16_Init	8	static
../Core/Src/tim.c:142:6:MX_TIM17_Init	8	static
../Core/Src/tim.c:169:6:HAL_TIM_Base_MspInit	16	static
../Core/Src/tim.c:219:6:HAL_TIM_Base_MspDeInit	0	static
../Core/Src/tim.c:270:6:timer1_start	0	static
../Core/Src/tim.c:275:6:timer1_stop	0	static
../Core/Src/tim.c:285:6:timer2_start	0	static
../Core/Src/tim.c:293:6:timer2_stop	0	static
../Core/Src/tim.c:303:6:timer17_start	0	static
../Core/Src/tim.c:308:6:timer17_stop	0	static
