../Drivers/STM32WLxx_HAL_Driver/Inc/stm32wlxx_ll_bus.h:449:22:LL_AHB2_GRP1_EnableClock	8	static
../Core/Src/gpio.c:42:6:MX_GPIO_Init	56	static
../Core/Src/gpio.c:144:6:led_toggle	0	static
../Core/Src/gpio.c:148:6:led_red_on	0	static
../Core/Src/gpio.c:151:6:led_red_off	0	static
../Core/Src/gpio.c:154:6:led_green_on	0	static
../Core/Src/gpio.c:157:6:led_green_off	0	static
../Core/Src/gpio.c:160:6:led_blue_on	0	static
../Core/Src/gpio.c:163:6:led_blue_off	0	static
../Core/Src/gpio.c:167:6:hold_power	0	static
../Core/Src/gpio.c:170:6:release_power	0	static
../Core/Src/gpio.c:174:6:gps_enable	0	static
../Core/Src/gpio.c:177:6:gps_disable	0	static
../Core/Src/gpio.c:180:6:buzz_on	0	static
../Core/Src/gpio.c:183:6:buzz_off	0	static
../Core/Src/gpio.c:186:6:led_w_on	0	static
../Core/Src/gpio.c:189:6:led_w_off	0	static
../Core/Src/gpio.c:193:6:shortBeepsBlocking	24	static
../Core/Src/gpio.c:203:6:longBeepsBlocking	24	static
