../Drivers/STM32WLxx_HAL_Driver/Inc/stm32wlxx_ll_bus.h:449:22:LL_AHB2_GRP1_EnableClock	8	static
../Core/Src/gpio.c:132:6:MX_GPIO_Init	56	static
../Core/Src/gpio.c:218:6:led_toggle	0	static
../Core/Src/gpio.c:222:6:led_red_on	0	static
../Core/Src/gpio.c:225:6:led_red_off	0	static
../Core/Src/gpio.c:228:6:hold_power	0	static
../Core/Src/gpio.c:231:6:release_power	0	static
../Core/Src/gpio.c:272:6:led_green_on	0	static
../Core/Src/gpio.c:275:6:led_green_off	0	static
../Core/Src/gpio.c:278:6:led_blue_on	0	static
../Core/Src/gpio.c:281:6:led_blue_off	0	static
../Core/Src/gpio.c:284:6:gps_enable	0	static
../Core/Src/gpio.c:287:6:gps_disable	0	static
../Core/Src/gpio.c:290:6:buzz_on	0	static
../Core/Src/gpio.c:293:6:buzz_off	0	static
../Core/Src/gpio.c:296:6:led_w_on	0	static
../Core/Src/gpio.c:299:6:led_w_off	0	static
../Core/Src/gpio.c:304:6:shortBeepsBlocking	24	static
../Core/Src/gpio.c:314:6:longBeepsBlocking	24	static
