../Core/Src/lrns.c:40:25:get_devices	0	static
../Core/Src/lrns.c:70:6:init_lrns	16	static
../Core/Src/lrns.c:100:6:ublox_to_this_device	8	static
../Core/Src/lrns.c:122:6:rx_to_devices	48	static
../Core/Src/lrns.c:205:6:check_traced	0	static
../Core/Src/lrns.c:212:6:clear_fix_data	0	static
../Core/Src/lrns.c:222:6:calc_point_position	96	static
../Core/Src/lrns.c:250:6:calc_relative_position	88	static
../Core/Src/lrns.c:285:6:calc_timeout	32	static
../Core/Src/lrns.c:322:6:calc_fence	12	static
../Core/Src/lrns.c:343:9:check_any_alarm_fence_timeout	0	static
../Core/Src/lrns.c:380:6:getADC_sensors	16	static
