../Drivers/CMSIS/Include/core_cm4.h:1933:34:__NVIC_SystemReset	0	static,ignoring_inline_asm
../Core/Src/menu.c:1000:6:set_brightness	0	static
../Core/Src/menu.c:1271:6:navigation_up	0	static
../Core/Src/menu.c:1278:6:navigation_down	0	static
../Core/Src/menu.c:1285:6:navigation_ok	0	static
../Core/Src/menu.c:1292:6:beacons_ok	0	static
../Core/Src/menu.c:1299:6:beacons_esc	0	static
../Core/Src/menu.c:1445:6:devices_ok	0	static
../Core/Src/menu.c:1448:6:devices_esc	0	static
../Core/Src/menu.c:1561:6:navto_points_ok	0	static
../Core/Src/menu.c:1565:6:navto_points_esc	8	static
../Core/Src/menu.c:1607:6:points_esc	8	static
../Core/Src/menu.c:1704:6:set_subpoint_up	0	static
../Core/Src/menu.c:1712:6:set_subpoint_down	0	static
../Core/Src/menu.c:1796:7:set_device_number_up	0	static
../Core/Src/menu.c:1840:7:set_device_number_esc	0	static
../Core/Src/menu.c:1847:7:set_spreading_factor_up	0	static
../Core/Src/menu.c:1851:7:set_spreading_factor_down	0	static
../Core/Src/menu.c:1867:7:set_spreading_factor_esc	0	static
../Core/Src/menu.c:1902:7:set_coding_rate_up	0	static
../Core/Src/menu.c:1910:8:set_coding_rate_down	0	static
../Core/Src/menu.c:1926:8:set_coding_rate_esc	0	static
../Core/Src/menu.c:1931:7:set_freq_channel_up	0	static
../Core/Src/menu.c:1939:7:set_freq_channel_down	0	static
../Core/Src/menu.c:1955:7:set_freq_channel_esc	0	static
../Core/Src/menu.c:1960:7:set_tx_power_up	0	static
../Core/Src/menu.c:1968:7:set_tx_power_down	0	static
../Core/Src/menu.c:1984:7:set_tx_power_esc	0	static
../Core/Src/menu.c:1989:7:set_timeout_up	0	static
../Core/Src/menu.c:1997:7:set_timeout_down	0	static
../Core/Src/menu.c:2013:7:set_timeout_esc	0	static
../Core/Src/menu.c:2018:7:set_fence_up	0	static
../Core/Src/menu.c:2026:7:set_fence_down	0	static
../Core/Src/menu.c:2042:7:set_fence_esc	0	static
../Core/Src/menu.c:2047:7:set_timezone_up	0	static
../Core/Src/menu.c:2050:7:set_timezone_down	0	static
../Core/Src/menu.c:2061:7:set_timezone_esc	0	static
../Core/Src/menu.c:1770:6:draw_set_settings	48	static
../Core/Src/menu.c:2245:6:draw_restore_defaults	48	static
../Core/Src/menu.c:1011:6:draw_navigation	72	static
../Core/Src/menu.c:1137:6:draw_beacons	80	static
../Core/Src/menu.c:1456:6:draw_navto_points	80	static
../Core/Src/menu.c:1684:6:draw_set_points	56	static
../Core/Src/menu.c:1619:6:draw_show_points	56	static
../Core/Src/menu.c:1720:6:set_subpoint_ok	24	static
../Core/Src/menu.c:1736:6:set_subpoint_esc	8	static
../Core/Src/menu.c:1829:7:set_device_number_ok	16	static
../Core/Src/menu.c:1918:8:set_coding_rate_ok	8	static
../Core/Src/menu.c:1947:7:set_freq_channel_ok	8	static
../Core/Src/menu.c:1976:7:set_tx_power_ok	8	static
../Core/Src/menu.c:2005:7:set_timeout_ok	8	static
../Core/Src/menu.c:2034:7:set_fence_ok	8	static
../Core/Src/menu.c:2053:7:set_timezone_ok	8	static
../Core/Src/menu.c:1855:7:set_spreading_factor_ok	8	static
../Core/Src/menu.c:2101:6:confirm_settings_reboot	24	static
../Core/Src/menu.c:2113:6:confirm_settings_restore	24	static
../Core/Src/menu.c:1812:7:set_device_number_down	0	static
../Core/Src/menu.c:2066:6:draw_confirm_settings	48	static
../Core/Src/menu.c:801:9:get_current_item	12	static
../Core/Src/menu.c:773:6:switch_forward	24	static
../Core/Src/menu.c:886:6:draw_main	56	static
../Core/Src/menu.c:971:6:main_ok	8	static
../Core/Src/menu.c:1575:6:draw_points	56	static
../Core/Src/menu.c:1644:6:draw_device_submenu	56	static
../Core/Src/menu.c:1745:6:draw_settings	56	static
../Core/Src/menu.c:2131:6:draw_actions	56	static
../Core/Src/menu.c:2181:6:actions_ok	8	static
../Core/Src/menu.c:813:9:get_last_item	12	static
../Core/Src/menu.c:825:6:set_current_item	12	static
../Core/Src/menu.c:540:6:init_menu	16	static
../Core/Src/menu.c:741:6:scroll_up	8	static
../Core/Src/menu.c:757:6:scroll_down	8	static
../Core/Src/menu.c:787:6:switch_backward	16	static
../Core/Src/menu.c:566:6:change_menu	24	static
../Core/Src/menu.c:2158:6:power_long	16	static
../Core/Src/menu.c:837:6:reset_current_item_in_menu	8	static
../Core/Src/menu.c:2236:6:actions_esc	16	static
../Core/Src/menu.c:851:6:draw_current_menu	4	static
../Core/Src/menu.c:1310:6:draw_this_device	64	static
../Core/Src/menu.c:1367:6:draw_devices	48	static
../Core/Src/menu.c:1427:6:scroll_devices_up	0	static
../Core/Src/menu.c:1436:6:scroll_devices_down	0	static
