../Core/Src/settings.c:204:10:get_freq_region_values	0	static
../Core/Src/settings.c:209:10:get_coding_rate_values	0	static
../Core/Src/settings.c:214:10:get_tx_power_values	0	static
../Core/Src/settings.c:219:25:get_settings	0	static
../Core/Src/settings.c:283:6:settings_save_default	8	static,ignoring_inline_asm
../Core/Src/settings.c:331:6:settings_save	8	static,ignoring_inline_asm
../Core/Src/settings.c:386:6:read_flash_page	8	static
../Core/Src/settings.c:224:6:settings_load	24	static
../Core/Src/settings.c:400:24:get_points	0	static
../Core/Src/settings.c:458:6:memory_points_save	40	static,ignoring_inline_asm
../Core/Src/settings.c:500:6:memory_points_erase	8	static,ignoring_inline_asm
../Core/Src/settings.c:525:6:save_one_point	8	static
../Core/Src/settings.c:538:6:clear_points_group	0	static
../Core/Src/settings.c:547:7:get_points_group_name	0	static
../Core/Src/settings.c:552:7:get_points_group_short	0	static
../Core/Src/settings.c:557:6:read_points_page	8	static
../Core/Src/settings.c:425:6:memory_points_load	32	static
../Core/Src/settings.c:419:6:init_memory_points	8	static
