../Drivers/CMSIS/Include/core_cm4.h:1933:34:__NVIC_SystemReset	0	static,ignoring_inline_asm
../Core/Src/menu.c:1002:6:set_brightness	0	static
../Core/Src/menu.c:1273:6:navigation_up	0	static
../Core/Src/menu.c:1280:6:navigation_down	0	static
../Core/Src/menu.c:1287:6:navigation_ok	0	static
../Core/Src/menu.c:1294:6:beacons_ok	0	static
../Core/Src/menu.c:1301:6:beacons_esc	0	static
../Core/Src/menu.c:1447:6:devices_ok	0	static
../Core/Src/menu.c:1450:6:devices_esc	0	static
../Core/Src/menu.c:1563:6:navto_points_ok	0	static
../Core/Src/menu.c:1567:6:navto_points_esc	8	static
../Core/Src/menu.c:1609:6:points_esc	8	static
../Core/Src/menu.c:1706:6:set_subpoint_up	0	static
../Core/Src/menu.c:1714:6:set_subpoint_down	0	static
../Core/Src/menu.c:1798:7:set_device_number_up	0	static
../Core/Src/menu.c:1842:7:set_device_number_esc	0	static
../Core/Src/menu.c:1849:7:set_spreading_factor_up	0	static
../Core/Src/menu.c:1853:7:set_spreading_factor_down	0	static
../Core/Src/menu.c:1869:7:set_spreading_factor_esc	0	static
../Core/Src/menu.c:1904:7:set_coding_rate_up	0	static
../Core/Src/menu.c:1912:8:set_coding_rate_down	0	static
../Core/Src/menu.c:1928:8:set_coding_rate_esc	0	static
../Core/Src/menu.c:1933:7:set_freq_channel_up	0	static
../Core/Src/menu.c:1941:7:set_freq_channel_down	0	static
../Core/Src/menu.c:1957:7:set_freq_channel_esc	0	static
../Core/Src/menu.c:1962:7:set_tx_power_up	0	static
../Core/Src/menu.c:1970:7:set_tx_power_down	0	static
../Core/Src/menu.c:1986:7:set_tx_power_esc	0	static
../Core/Src/menu.c:1991:7:set_timeout_up	0	static
../Core/Src/menu.c:1999:7:set_timeout_down	0	static
../Core/Src/menu.c:2015:7:set_timeout_esc	0	static
../Core/Src/menu.c:2020:7:set_fence_up	0	static
../Core/Src/menu.c:2028:7:set_fence_down	0	static
../Core/Src/menu.c:2044:7:set_fence_esc	0	static
../Core/Src/menu.c:2049:7:set_timezone_up	0	static
../Core/Src/menu.c:2052:7:set_timezone_down	0	static
../Core/Src/menu.c:2063:7:set_timezone_esc	0	static
../Core/Src/menu.c:1772:6:draw_set_settings	48	static
../Core/Src/menu.c:2247:6:draw_restore_defaults	48	static
../Core/Src/menu.c:1013:6:draw_navigation	72	static
../Core/Src/menu.c:1139:6:draw_beacons	80	static
../Core/Src/menu.c:1458:6:draw_navto_points	80	static
../Core/Src/menu.c:1686:6:draw_set_points	56	static
../Core/Src/menu.c:1621:6:draw_show_points	56	static
../Core/Src/menu.c:1722:6:set_subpoint_ok	24	static
../Core/Src/menu.c:1738:6:set_subpoint_esc	8	static
../Core/Src/menu.c:1831:7:set_device_number_ok	16	static
../Core/Src/menu.c:1920:8:set_coding_rate_ok	8	static
../Core/Src/menu.c:1949:7:set_freq_channel_ok	8	static
../Core/Src/menu.c:1978:7:set_tx_power_ok	8	static
../Core/Src/menu.c:2007:7:set_timeout_ok	8	static
../Core/Src/menu.c:2036:7:set_fence_ok	8	static
../Core/Src/menu.c:2055:7:set_timezone_ok	8	static
../Core/Src/menu.c:1857:7:set_spreading_factor_ok	8	static
../Core/Src/menu.c:2103:6:confirm_settings_reboot	24	static
../Core/Src/menu.c:2115:6:confirm_settings_restore	24	static
../Core/Src/menu.c:1814:7:set_device_number_down	0	static
../Core/Src/menu.c:2068:6:draw_confirm_settings	48	static
../Core/Src/menu.c:801:9:get_current_item	12	static
../Core/Src/menu.c:773:6:switch_forward	24	static
../Core/Src/menu.c:886:6:draw_main	64	static
../Core/Src/menu.c:973:6:main_ok	8	static
../Core/Src/menu.c:1577:6:draw_points	56	static
../Core/Src/menu.c:1646:6:draw_device_submenu	56	static
../Core/Src/menu.c:1747:6:draw_settings	56	static
../Core/Src/menu.c:2133:6:draw_actions	56	static
../Core/Src/menu.c:2183:6:actions_ok	8	static
../Core/Src/menu.c:813:9:get_last_item	12	static
../Core/Src/menu.c:825:6:set_current_item	12	static
../Core/Src/menu.c:540:6:init_menu	16	static
../Core/Src/menu.c:741:6:scroll_up	8	static
../Core/Src/menu.c:757:6:scroll_down	8	static
../Core/Src/menu.c:787:6:switch_backward	16	static
../Core/Src/menu.c:566:6:change_menu	24	static
../Core/Src/menu.c:2160:6:power_long	16	static
../Core/Src/menu.c:837:6:reset_current_item_in_menu	8	static
../Core/Src/menu.c:2238:6:actions_esc	16	static
../Core/Src/menu.c:851:6:draw_current_menu	4	static
../Core/Src/menu.c:1312:6:draw_this_device	64	static
../Core/Src/menu.c:1369:6:draw_devices	48	static
../Core/Src/menu.c:1429:6:scroll_devices_up	0	static
../Core/Src/menu.c:1438:6:scroll_devices_down	0	static
