../Core/Src/ST7735.c:576:22:sendCmd	0	static
../Core/Src/ST7735.c:599:22:sendDataMass	0	static
../Core/Src/ST7735.c:613:22:setWindow	32	static
../Core/Src/ST7735.c:637:22:drawVLine	16	static
../Core/Src/ST7735.c:628:22:drawPixel	24	static
../Core/Src/ST7735.c:131:6:displayInit	40	static
../Core/Src/ST7735.c:161:6:st7735_init	16	static
../Core/Src/ST7735.c:256:6:drawImage	24	static
../Core/Src/ST7735.c:265:6:drawLine	48	static
../Core/Src/ST7735.c:305:6:draw_line	24	static
../Core/Src/ST7735.c:318:6:draw_course	0	static
../Core/Src/ST7735.c:324:6:draw_arrow	184	static
../Core/Src/ST7735.c:411:6:draw_circle	56	static
../Core/Src/ST7735.c:448:6:draw_trace	56	static
../Core/Src/ST7735.c:460:6:draw_direction	56	static
../Core/Src/ST7735.c:485:6:erase_position	64	static
../Core/Src/ST7735.c:495:6:draw_str_by_rows	80	dynamic
../Core/Src/ST7735.c:533:6:draw_char	56	static
../Core/Src/ST7735.c:471:6:draw_position	80	static
../Core/Src/ST7735.c:558:6:fill_rectgl	24	static
../Core/Src/ST7735.c:553:6:fill_screen	16	static
