../Drivers/STM32WLxx_HAL_Driver/Inc/stm32wlxx_ll_rcc.h:2119:22:LL_RCC_SetLPTIMClockSource	0	static
../Drivers/STM32WLxx_HAL_Driver/Src/stm32wlxx_hal_lptim.c:2508:26:LPTIM_WaitForFlag	8	static
../Drivers/STM32WLxx_HAL_Driver/Src/stm32wlxx_hal_lptim.c:451:13:HAL_LPTIM_MspInit	0	static
../Drivers/STM32WLxx_HAL_Driver/Src/stm32wlxx_hal_lptim.c:466:13:HAL_LPTIM_MspDeInit	0	static
../Drivers/STM32WLxx_HAL_Driver/Src/stm32wlxx_hal_lptim.c:515:19:HAL_LPTIM_PWM_Start	16	static
../Drivers/STM32WLxx_HAL_Driver/Src/stm32wlxx_hal_lptim.c:750:19:HAL_LPTIM_OnePulse_Start	16	static
../Drivers/STM32WLxx_HAL_Driver/Src/stm32wlxx_hal_lptim.c:985:19:HAL_LPTIM_SetOnce_Start	16	static
../Drivers/STM32WLxx_HAL_Driver/Src/stm32wlxx_hal_lptim.c:1206:19:HAL_LPTIM_Encoder_Start	16	static
../Drivers/STM32WLxx_HAL_Driver/Src/stm32wlxx_hal_lptim.c:1418:19:HAL_LPTIM_TimeOut_Start	16	static
../Drivers/STM32WLxx_HAL_Driver/Src/stm32wlxx_hal_lptim.c:1621:19:HAL_LPTIM_Counter_Start	8	static
../Drivers/STM32WLxx_HAL_Driver/Src/stm32wlxx_hal_lptim.c:1836:10:HAL_LPTIM_ReadCounter	0	static
../Drivers/STM32WLxx_HAL_Driver/Src/stm32wlxx_hal_lptim.c:1849:10:HAL_LPTIM_ReadAutoReload	0	static
../Drivers/STM32WLxx_HAL_Driver/Src/stm32wlxx_hal_lptim.c:1862:10:HAL_LPTIM_ReadCapturedValue	0	static
../Drivers/STM32WLxx_HAL_Driver/Src/stm32wlxx_hal_lptim.c:2063:13:HAL_LPTIM_CompareMatchCallback	0	static
../Drivers/STM32WLxx_HAL_Driver/Src/stm32wlxx_hal_lptim.c:2078:13:HAL_LPTIM_AutoReloadMatchCallback	0	static
../Drivers/STM32WLxx_HAL_Driver/Src/stm32wlxx_hal_lptim.c:2093:13:HAL_LPTIM_TriggerCallback	0	static
../Drivers/STM32WLxx_HAL_Driver/Src/stm32wlxx_hal_lptim.c:2108:13:HAL_LPTIM_CompareWriteCallback	0	static
../Drivers/STM32WLxx_HAL_Driver/Src/stm32wlxx_hal_lptim.c:2123:13:HAL_LPTIM_AutoReloadWriteCallback	0	static
../Drivers/STM32WLxx_HAL_Driver/Src/stm32wlxx_hal_lptim.c:2138:13:HAL_LPTIM_DirectionUpCallback	0	static
../Drivers/STM32WLxx_HAL_Driver/Src/stm32wlxx_hal_lptim.c:2153:13:HAL_LPTIM_DirectionDownCallback	0	static
../Drivers/STM32WLxx_HAL_Driver/Src/stm32wlxx_hal_lptim.c:2168:13:HAL_LPTIM_UpdateEventCallback	0	static
../Drivers/STM32WLxx_HAL_Driver/Src/stm32wlxx_hal_lptim.c:2183:13:HAL_LPTIM_RepCounterWriteCallback	0	static
../Drivers/STM32WLxx_HAL_Driver/Src/stm32wlxx_hal_lptim.c:1901:6:HAL_LPTIM_IRQHandler	8	static
../Drivers/STM32WLxx_HAL_Driver/Src/stm32wlxx_hal_lptim.c:2459:24:HAL_LPTIM_GetState	0	static
../Drivers/STM32WLxx_HAL_Driver/Src/stm32wlxx_hal_lptim.c:2533:6:LPTIM_Disable	48	static,ignoring_inline_asm
../Drivers/STM32WLxx_HAL_Driver/Src/stm32wlxx_hal_lptim.c:239:19:HAL_LPTIM_Init	24	static
../Drivers/STM32WLxx_HAL_Driver/Src/stm32wlxx_hal_lptim.c:404:19:HAL_LPTIM_DeInit	8	static
../Drivers/STM32WLxx_HAL_Driver/Src/stm32wlxx_hal_lptim.c:570:19:HAL_LPTIM_PWM_Stop	8	static
../Drivers/STM32WLxx_HAL_Driver/Src/stm32wlxx_hal_lptim.c:805:19:HAL_LPTIM_OnePulse_Stop	0	static
../Drivers/STM32WLxx_HAL_Driver/Src/stm32wlxx_hal_lptim.c:1040:19:HAL_LPTIM_SetOnce_Stop	0	static
../Drivers/STM32WLxx_HAL_Driver/Src/stm32wlxx_hal_lptim.c:1670:19:HAL_LPTIM_Counter_Stop	0	static
../Drivers/STM32WLxx_HAL_Driver/Src/stm32wlxx_hal_lptim.c:602:19:HAL_LPTIM_PWM_Start_IT	16	static
../Drivers/STM32WLxx_HAL_Driver/Src/stm32wlxx_hal_lptim.c:693:19:HAL_LPTIM_PWM_Stop_IT	8	static
../Drivers/STM32WLxx_HAL_Driver/Src/stm32wlxx_hal_lptim.c:928:19:HAL_LPTIM_OnePulse_Stop_IT	0	static
../Drivers/STM32WLxx_HAL_Driver/Src/stm32wlxx_hal_lptim.c:837:19:HAL_LPTIM_OnePulse_Start_IT	16	static
../Drivers/STM32WLxx_HAL_Driver/Src/stm32wlxx_hal_lptim.c:1072:19:HAL_LPTIM_SetOnce_Start_IT	16	static
../Drivers/STM32WLxx_HAL_Driver/Src/stm32wlxx_hal_lptim.c:1157:19:HAL_LPTIM_SetOnce_Stop_IT	8	static
../Drivers/STM32WLxx_HAL_Driver/Src/stm32wlxx_hal_lptim.c:1265:19:HAL_LPTIM_Encoder_Stop	8	static
../Drivers/STM32WLxx_HAL_Driver/Src/stm32wlxx_hal_lptim.c:1298:19:HAL_LPTIM_Encoder_Start_IT	16	static
../Drivers/STM32WLxx_HAL_Driver/Src/stm32wlxx_hal_lptim.c:1375:19:HAL_LPTIM_Encoder_Stop_IT	8	static
../Drivers/STM32WLxx_HAL_Driver/Src/stm32wlxx_hal_lptim.c:1473:19:HAL_LPTIM_TimeOut_Stop	8	static
../Drivers/STM32WLxx_HAL_Driver/Src/stm32wlxx_hal_lptim.c:1510:19:HAL_LPTIM_TimeOut_Start_IT	16	static
../Drivers/STM32WLxx_HAL_Driver/Src/stm32wlxx_hal_lptim.c:1582:19:HAL_LPTIM_TimeOut_Stop_IT	8	static
../Drivers/STM32WLxx_HAL_Driver/Src/stm32wlxx_hal_lptim.c:1700:19:HAL_LPTIM_Counter_Start_IT	8	static
../Drivers/STM32WLxx_HAL_Driver/Src/stm32wlxx_hal_lptim.c:1775:19:HAL_LPTIM_Counter_Stop_IT	8	static
