../Drivers/STM32WLxx_HAL_Driver/Inc/stm32wlxx_ll_bus.h:449:22:LL_AHB2_GRP1_EnableClock	8	static
../Core/Src/gpio.c:42:6:MX_GPIO_Init	48	static
../Core/Src/gpio.c:136:6:led_toggle	0	static
../Core/Src/gpio.c:140:6:led_red_on	0	static
../Core/Src/gpio.c:143:6:led_red_off	0	static
../Core/Src/gpio.c:146:6:led_green_on	0	static
../Core/Src/gpio.c:149:6:led_green_off	0	static
../Core/Src/gpio.c:152:6:led_blue_on	0	static
../Core/Src/gpio.c:155:6:led_blue_off	0	static
../Core/Src/gpio.c:159:6:hold_power	0	static
../Core/Src/gpio.c:162:6:release_power	0	static
../Core/Src/gpio.c:166:6:gps_enable	0	static
../Core/Src/gpio.c:169:6:gps_disable	0	static
../Core/Src/gpio.c:172:6:buzz_on	0	static
../Core/Src/gpio.c:175:6:buzz_off	0	static
../Core/Src/gpio.c:178:6:led_w_on	0	static
../Core/Src/gpio.c:181:6:led_w_off	0	static
../Core/Src/gpio.c:185:6:shortBeepsBlocking	24	static
../Core/Src/gpio.c:195:6:longBeepsBlocking	24	static
