../Drivers/STM32WLxx_HAL_Driver/Inc/stm32wlxx_ll_bus.h:449:22:LL_AHB2_GRP1_EnableClock	8	static
../Core/Src/gpio.c:42:6:MX_GPIO_Init	48	static
../Core/Src/gpio.c:137:6:led_toggle	0	static
../Core/Src/gpio.c:141:6:led_red_on	0	static
../Core/Src/gpio.c:144:6:led_red_off	0	static
../Core/Src/gpio.c:147:6:led_green_on	0	static
../Core/Src/gpio.c:150:6:led_green_off	0	static
../Core/Src/gpio.c:153:6:led_blue_on	0	static
../Core/Src/gpio.c:156:6:led_blue_off	0	static
../Core/Src/gpio.c:160:6:hold_power	0	static
../Core/Src/gpio.c:163:6:release_power	0	static
../Core/Src/gpio.c:167:6:gps_enable	0	static
../Core/Src/gpio.c:170:6:gps_disable	0	static
../Core/Src/gpio.c:173:6:buzz_on	0	static
../Core/Src/gpio.c:176:6:buzz_off	0	static
../Core/Src/gpio.c:179:6:led_w_on	0	static
../Core/Src/gpio.c:182:6:led_w_off	0	static
../Core/Src/gpio.c:186:6:shortBeepsBlocking	24	static
../Core/Src/gpio.c:196:6:longBeepsBlocking	24	static
