/home/z/STM32Cube/NewModule/E77-433-beacon/Drivers/STM32WLxx_HAL_Driver/Inc/stm32wlxx_ll_bus.h:449:22:LL_AHB2_GRP1_EnableClock	8	static
../Core/Src/gpio.c:43:6:MX_GPIO_Init	48	static
../Core/Src/gpio.c:116:6:interrupt_init	0	static,ignoring_inline_asm
../Core/Src/gpio.c:151:6:enable_buttons_interrupts	0	static
../Core/Src/gpio.c:161:6:disable_buttons_interrupts	0	static
../Core/Src/gpio.c:171:6:led_toggle	0	static
../Core/Src/gpio.c:174:6:led_red_on	0	static
../Core/Src/gpio.c:177:6:led_red_off	0	static
../Core/Src/gpio.c:180:6:led_green_on	0	static
../Core/Src/gpio.c:183:6:led_green_off	0	static
../Core/Src/gpio.c:186:6:led_blue_on	0	static
../Core/Src/gpio.c:189:6:led_blue_off	0	static
../Core/Src/gpio.c:193:6:led_w_on	0	static
../Core/Src/gpio.c:196:6:led_w_off	0	static
../Core/Src/gpio.c:200:6:lcd_on	0	static
../Core/Src/gpio.c:203:6:lcd_off	0	static
../Core/Src/gpio.c:207:6:gps_enable	0	static
../Core/Src/gpio.c:210:6:gps_disable	0	static
../Core/Src/gpio.c:214:6:hold_power	0	static
../Core/Src/gpio.c:217:6:release_power	0	static
../Core/Src/gpio.c:220:6:longBeepsBlocking	24	static
