../Drivers/CMSIS/Include/core_cm4.h:1933:34:__NVIC_SystemReset	0	static,ignoring_inline_asm
../Core/Src/menu.c:909:6:navigation_up	0	static
../Core/Src/menu.c:916:6:navigation_down	0	static
../Core/Src/menu.c:923:6:navigation_ok	0	static
../Core/Src/menu.c:1155:6:set_device_number_up	0	static
../Core/Src/menu.c:1188:7:set_device_number_ok	0	static
../Core/Src/menu.c:1199:7:set_device_number_esc	0	static
../Core/Src/menu.c:1206:7:set_spreading_factor_up	0	static
../Core/Src/menu.c:1210:7:set_spreading_factor_down	0	static
../Core/Src/menu.c:1214:7:set_spreading_factor_ok	0	static
../Core/Src/menu.c:1226:7:set_spreading_factor_esc	0	static
../Core/Src/menu.c:1232:7:set_coding_rate_up	0	static
../Core/Src/menu.c:1240:8:set_coding_rate_down	0	static
../Core/Src/menu.c:1248:8:set_coding_rate_ok	0	static
../Core/Src/menu.c:1256:8:set_coding_rate_esc	0	static
../Core/Src/menu.c:1261:7:set_freq_channel_up	0	static
../Core/Src/menu.c:1269:7:set_freq_channel_down	0	static
../Core/Src/menu.c:1277:7:set_freq_channel_ok	0	static
../Core/Src/menu.c:1285:7:set_freq_channel_esc	0	static
../Core/Src/menu.c:1290:7:set_tx_power_up	0	static
../Core/Src/menu.c:1298:7:set_tx_power_down	0	static
../Core/Src/menu.c:1306:7:set_tx_power_ok	0	static
../Core/Src/menu.c:1314:7:set_tx_power_esc	0	static
../Core/Src/menu.c:1319:7:set_timeout_up	0	static
../Core/Src/menu.c:1327:7:set_timeout_down	0	static
../Core/Src/menu.c:1343:7:set_timeout_esc	0	static
../Core/Src/menu.c:1348:7:set_fence_up	0	static
../Core/Src/menu.c:1356:7:set_fence_down	0	static
../Core/Src/menu.c:1372:7:set_fence_esc	0	static
../Core/Src/menu.c:1377:7:set_timezone_up	0	static
../Core/Src/menu.c:1380:7:set_timezone_down	0	static
../Core/Src/menu.c:1391:7:set_timezone_esc	0	static
../Core/Src/menu.c:1079:6:draw_navto_points	24	static
../Core/Src/menu.c:1095:6:draw_points	0	static
../Core/Src/menu.c:1525:6:draw_restore_defaults	40	static
../Core/Src/menu.c:1481:6:power_long	0	static
../Core/Src/menu.c:1131:6:draw_set_settings	48	static
../Core/Src/menu.c:792:6:draw_navigation	72	static
../Core/Src/menu.c:1335:7:set_timeout_ok	8	static
../Core/Src/menu.c:1364:7:set_fence_ok	8	static
../Core/Src/menu.c:1383:7:set_timezone_ok	8	static
../Core/Src/menu.c:1420:6:confirm_settings_reboot	24	static
../Core/Src/menu.c:1433:6:donot_save_settings	24	static
../Core/Src/menu.c:1543:6:confirm_settings_restore	24	static
../Core/Src/menu.c:1171:7:set_device_number_down	0	static
../Core/Src/menu.c:1396:6:draw_confirm_settings	48	static
../Core/Src/menu.c:1071:6:devices_esc	0	static
../Core/Src/menu.c:635:9:get_current_item	12	static
../Core/Src/menu.c:609:6:switch_forward	24	static
../Core/Src/menu.c:701:6:draw_main	56	static
../Core/Src/menu.c:1106:6:draw_settings	48	static
../Core/Src/menu.c:1446:6:draw_actions	48	static
../Core/Src/menu.c:1489:6:actions_ok	8	static
../Core/Src/menu.c:647:9:get_last_item	12	static
../Core/Src/menu.c:659:6:set_current_item	12	static
../Core/Src/menu.c:482:6:init_menu	16	static
../Core/Src/menu.c:579:6:scroll_up	8	static
../Core/Src/menu.c:594:6:scroll_down	8	static
../Core/Src/menu.c:622:6:switch_backward	16	static
../Core/Src/menu.c:508:6:change_menu	16	static
../Core/Src/menu.c:671:6:reset_current_item_in_menu	8	static
../Core/Src/menu.c:1518:6:actions_esc	16	static
../Core/Src/menu.c:685:6:draw_current_menu	4	static
../Core/Src/menu.c:929:6:draw_this_device	72	static
../Core/Src/menu.c:990:6:draw_devices	48	static
../Core/Src/menu.c:1050:6:scroll_devices_up	0	static
../Core/Src/menu.c:1059:6:scroll_devices_down	0	static
../Core/Src/menu.c:1068:6:devices_ok	0	static
../Core/Src/menu.c:1084:6:navto_points_ok	0	static
../Core/Src/menu.c:1088:6:navto_points_esc	0	static
../Core/Src/menu.c:1099:6:points_esc	0	static
