../Drivers/CMSIS/Include/core_cm4.h:1933:34:__NVIC_SystemReset	0	static,ignoring_inline_asm
../Core/Src/menu.c:888:6:navigation_up	0	static
../Core/Src/menu.c:895:6:navigation_down	0	static
../Core/Src/menu.c:902:6:navigation_ok	0	static
../Core/Src/menu.c:1064:6:navto_points_esc	0	static
../Core/Src/menu.c:1132:6:set_device_number_up	0	static
../Core/Src/menu.c:1165:7:set_device_number_ok	0	static
../Core/Src/menu.c:1176:7:set_device_number_esc	0	static
../Core/Src/menu.c:1183:7:set_spreading_factor_up	0	static
../Core/Src/menu.c:1187:7:set_spreading_factor_down	0	static
../Core/Src/menu.c:1191:7:set_spreading_factor_ok	0	static
../Core/Src/menu.c:1203:7:set_spreading_factor_esc	0	static
../Core/Src/menu.c:1209:7:set_coding_rate_up	0	static
../Core/Src/menu.c:1217:8:set_coding_rate_down	0	static
../Core/Src/menu.c:1225:8:set_coding_rate_ok	0	static
../Core/Src/menu.c:1233:8:set_coding_rate_esc	0	static
../Core/Src/menu.c:1238:7:set_freq_channel_up	0	static
../Core/Src/menu.c:1246:7:set_freq_channel_down	0	static
../Core/Src/menu.c:1254:7:set_freq_channel_ok	0	static
../Core/Src/menu.c:1262:7:set_freq_channel_esc	0	static
../Core/Src/menu.c:1267:7:set_tx_power_up	0	static
../Core/Src/menu.c:1275:7:set_tx_power_down	0	static
../Core/Src/menu.c:1283:7:set_tx_power_ok	0	static
../Core/Src/menu.c:1291:7:set_tx_power_esc	0	static
../Core/Src/menu.c:1296:7:set_timeout_up	0	static
../Core/Src/menu.c:1304:7:set_timeout_down	0	static
../Core/Src/menu.c:1320:7:set_timeout_esc	0	static
../Core/Src/menu.c:1325:7:set_fence_up	0	static
../Core/Src/menu.c:1333:7:set_fence_down	0	static
../Core/Src/menu.c:1349:7:set_fence_esc	0	static
../Core/Src/menu.c:1354:7:set_timezone_up	0	static
../Core/Src/menu.c:1357:7:set_timezone_down	0	static
../Core/Src/menu.c:1368:7:set_timezone_esc	0	static
../Core/Src/menu.c:1054:6:draw_navto_points	32	static
../Core/Src/menu.c:1071:6:draw_points	0	static
../Core/Src/menu.c:1502:6:draw_restore_defaults	40	static
../Core/Src/menu.c:789:6:draw_navigation	72	static
../Core/Src/menu.c:1108:6:draw_set_settings	48	static
../Core/Src/menu.c:1312:7:set_timeout_ok	8	static
../Core/Src/menu.c:1341:7:set_fence_ok	8	static
../Core/Src/menu.c:1360:7:set_timezone_ok	8	static
../Core/Src/menu.c:1397:6:confirm_settings_reboot	24	static
../Core/Src/menu.c:1410:6:donot_save_settings	24	static
../Core/Src/menu.c:1458:6:power_long	0	static
../Core/Src/menu.c:1520:6:confirm_settings_restore	24	static
../Core/Src/menu.c:1148:7:set_device_number_down	0	static
../Core/Src/menu.c:1373:6:draw_confirm_settings	48	static
../Core/Src/menu.c:1076:6:points_esc	0	static
../Core/Src/menu.c:1046:6:devices_esc	0	static
../Core/Src/menu.c:625:9:get_current_item	12	static
../Core/Src/menu.c:599:6:switch_forward	24	static
../Core/Src/menu.c:691:6:draw_main	56	static
../Core/Src/menu.c:1083:6:draw_settings	48	static
../Core/Src/menu.c:1423:6:draw_actions	48	static
../Core/Src/menu.c:1466:6:actions_ok	8	static
../Core/Src/menu.c:637:9:get_last_item	12	static
../Core/Src/menu.c:649:6:set_current_item	12	static
../Core/Src/menu.c:474:6:init_menu	8	static
../Core/Src/menu.c:569:6:scroll_up	8	static
../Core/Src/menu.c:584:6:scroll_down	8	static
../Core/Src/menu.c:612:6:switch_backward	16	static
../Core/Src/menu.c:498:6:change_menu	16	static
../Core/Src/menu.c:661:6:reset_current_item_in_menu	8	static
../Core/Src/menu.c:1495:6:actions_esc	16	static
../Core/Src/menu.c:675:6:draw_current_menu	4	static
../Core/Src/menu.c:908:6:draw_this_device	72	static
../Core/Src/menu.c:965:6:draw_devices	48	static
../Core/Src/menu.c:1025:6:scroll_devices_up	0	static
../Core/Src/menu.c:1034:6:scroll_devices_down	0	static
../Core/Src/menu.c:1043:6:devices_ok	0	static
../Core/Src/menu.c:1060:6:navto_points_ok	0	static
