../Core/Src/ST7735.c:93:6:ST7735_Select	0	static
../Core/Src/ST7735.c:98:6:ST7735_Unselect	0	static
../Core/Src/ST7735.c:103:6:ST7735_Reset	8	static
../Core/Src/ST7735.c:110:7:ST7735_WriteCommand	16	static
../Core/Src/ST7735.c:117:6:ST7735_WriteData	16	static
../Core/Src/ST7735.c:125:6:DisplayInit	24	static
../Core/Src/ST7735.c:152:6:ST7735_SetAddressWindow	32	static
../Core/Src/ST7735.c:201:6:ST7735_SetRotation	32	static
../Core/Src/ST7735.c:169:6:ST7735_Init	8	static
../Core/Src/ST7735.c:261:6:ST7735_DrawPixel	24	static
../Core/Src/ST7735.c:274:6:ST7735_WriteChar	56	static
../Core/Src/ST7735.c:293:6:ST7735_WriteString	64	static
../Core/Src/ST7735.c:319:6:ST7735_FillRectangle	32	static
../Core/Src/ST7735.c:339:6:ST7735_DrawImage	24	static
../Core/Src/ST7735.c:350:6:ST7735_InvertColors	8	static
../Core/Src/ST7735.c:357:6:drawPixel	0	static
../Core/Src/ST7735.c:362:6:fillRect	4	static
../Core/Src/ST7735.c:381:6:writePixel	0	static
../Core/Src/ST7735.c:386:6:writeLine	56	static
../Core/Src/ST7735.c:426:7:drawFastVLine	16	static
../Core/Src/ST7735.c:430:7:drawFastHLine	16	static
../Core/Src/ST7735.c:435:6:drawLine	16	static
../Core/Src/ST7735.c:451:6:drawArrow	176	static
../Core/Src/ST7735.c:562:6:drawDirection	56	static
../Core/Src/ST7735.c:581:6:drawCircle	56	static
../Core/Src/ST7735.c:538:6:drawPosition	392	static
../Core/Src/ST7735.c:552:6:drawTrace	56	static
../Core/Src/ST7735.c:615:6:drawCircleHelper	56	static
../Core/Src/ST7735.c:651:6:fillCircleHelper	64	static
../Core/Src/ST7735.c:572:6:erasePosition	48	static
../Core/Src/ST7735.c:688:6:fillCircle	32	static
../Core/Src/ST7735.c:696:6:drawRect	24	static
../Core/Src/ST7735.c:704:6:drawRoundRect	64	static
../Core/Src/ST7735.c:721:6:fillRoundRect	56	static
../Core/Src/ST7735.c:733:6:drawTriangle	40	static
../Core/Src/ST7735.c:741:6:fillTriangle	72	static
../Core/Src/ST7735.c:822:6:ST7735_FillScreen	16	static
../Core/Src/ST7735.c:818:6:fillScreen	0	static
../Core/Src/ST7735.c:826:6:testLines	48	static
../Core/Src/ST7735.c:869:6:testFastLines	24	static
../Core/Src/ST7735.c:878:6:testRects	40	static
../Core/Src/ST7735.c:893:6:testFilledRects	48	static
../Core/Src/ST7735.c:910:6:testFilledCircles	48	static
../Core/Src/ST7735.c:923:6:testCircles	40	static
../Core/Src/ST7735.c:939:6:testTriangles	40	static
../Core/Src/ST7735.c:956:6:testFilledTriangles	64	static
../Core/Src/ST7735.c:969:6:testRoundRects	40	static
../Core/Src/ST7735.c:986:6:testFilledRoundRects	32	static
../Core/Src/ST7735.c:1001:6:testFillScreen	8	static
../Core/Src/ST7735.c:1010:6:testAll	8	static
